54750.00	5.475000E+04	0.1470264085	5.7873305092	2.984258E+08	5.225352E-09	3.758526E+06	1.221107E+04	595.5965266867	25.8789444038	4.2044046301	0.2023690802	0.2030223461	0.2016212611	0.3126933824	0.3140807146	0.3110667317	2.8985666705	2.8978375452	2.8992770388	125.0000000000
109500.00	1.095000E+05	0.1503443881	5.8230084573	2.985187E+08	5.569403E-09	3.726191E+06	1.214297E+04	595.2241621362	25.8871565582	4.2946650606	0.2020917038	0.2028410471	0.2012587675	0.3122496900	0.3138811195	0.3104062927	2.8994178219	2.8987078255	2.9001099275	126.0000000000
164250.00	1.642500E+05	0.1538005632	5.8605454300	2.985498E+08	5.918389E-09	3.693477E+06	1.207208E+04	594.8277972001	25.8961749300	4.3861941381	0.2018037220	0.2026381158	0.2008955403	0.3117729088	0.3136208604	0.3097374946	2.9002509494	2.8995592435	2.9009256278	127.0000000000
219000.00	2.190000E+05	0.1573950845	5.8999529807	2.985235E+08	6.268921E-09	3.660485E+06	1.199879E+04	594.4099010318	25.9059298760	4.4788817296	0.2015067106	0.2024163182	0.2005320845	0.3112673500	0.3133071677	0.3090620091	2.9010665792	2.9003923248	2.9017246631	128.0000000000
273750.00	2.737500E+05	0.1611280086	5.9412387975	2.984438E+08	6.617387E-09	3.627302E+06	1.192343E+04	593.9727011338	25.9163587511	4.5726154578	0.2012020445	0.2021780459	0.2001688508	0.3107367447	0.3129463146	0.3083812604	2.9018652784	2.9012076407	2.9025075941	129.0000000000
328500.00	3.285000E+05	0.1649992275	5.9844064012	2.983144E+08	6.960075E-09	3.594008E+06	1.184632E+04	593.5182515692	25.9274053746	4.6672810343	0.2008909089	0.2019254280	0.1998061984	0.3101843787	0.3125439091	0.3076965028	2.9026476314	2.9020057831	2.9032749944	130.0000000000
383250.00	3.832500E+05	0.1690084932	6.0294549089	2.981384E+08	7.293320E-09	3.560670E+06	1.176773E+04	593.0483526234	25.9390187964	4.7627626072	0.2005743141	0.2016602799	0.1994444012	0.3096130797	0.3121047820	0.3070087255	2.9034142208	2.9027873474	2.9040274311	131.0000000000
438000.00	4.380000E+05	0.1731553190	6.0763787751	2.979190E+08	7.613646E-09	3.527351E+06	1.168791E+04	592.5646553057	25.9511532793	4.8589431213	0.2002531457	0.2013842635	0.1990835998	0.3090253926	0.3116333926	0.3063186287	2.9041656336	2.9035529331	2.9047654948	132.0000000000
492750.00	4.927500E+05	0.1774390259	6.1251677539	2.976587E+08	7.917899E-09	3.494101E+06	1.160706E+04	592.0685786346	25.9637701487	4.9557046911	0.1999281855	0.2010989428	0.1987238244	0.3084235421	0.3111339481	0.3056264973	2.9049025378	2.9043031793	2.9054898961	133.0000000000
547500.00	5.475000E+05	0.1818587604	6.1758067666	2.973596E+08	8.203349E-09	3.460963E+06	1.152537E+04	591.5612211765	25.9768435697	5.0529289833	0.1996002058	0.2008058030	0.1983652900	0.3078096449	0.3106103930	0.3049330579	2.9056257193	2.9050388458	2.9062014017	134.0000000000
602250.00	6.022500E+05	0.1864133766	6.2282754637	2.970236E+08	8.467791E-09	3.427974E+06	1.144300E+04	591.0437934325	25.9903357802	5.1504976092	0.1992698577	0.2005060081	0.1980081813	0.3071855507	0.3100658144	0.3042390358	2.9063359326	2.9057607344	2.9069007187	135.0000000000
657000.00	6.570000E+05	0.1911014115	6.2825479718	2.966526E+08	8.709587E-09	3.395169E+06	1.136009E+04	590.5171466207	26.0042145361	5.2482925245	0.1989376355	0.2002005154	0.1976525648	0.3065527155	0.3095028071	0.3035448253	2.9070338526	2.9064695543	2.9075884968	136.0000000000
711750.00	7.117500E+05	0.1959210781	6.3385929140	2.962482E+08	8.927686E-09	3.362576E+06	1.127678E+04	589.9822051637	26.0184550973	5.3461964344	0.1986039714	0.1998902299	0.1972984131	0.3059124800	0.3089238804	0.3028506250	2.9077201393	2.9071659859	2.9082653765	137.0000000000
766500.00	7.665000E+05	0.2008702934	6.3963733334	2.958119E+08	9.121599E-09	3.330221E+06	1.119317E+04	589.4396663856	26.0330342961	5.4440932043	0.1982692293	0.1995759541	0.1969456988	0.3052659906	0.3083312773	0.3021566039	2.9083954428	2.9078506992	2.9089319869	138.0000000000
821250.00	8.212500E+05	0.2059466155	6.4558467007	2.953450E+08	9.291357E-09	3.298125E+06	1.110935E+04	588.8902099816	26.0479331991	5.5418682717	0.1979337051	0.1992583819	0.1965943397	0.3046142482	0.3077269965	0.3014628167	2.9090604102	2.9085243602	2.9095889533	139.0000000000
876000.00	8.760000E+05	0.2111473315	6.5169648967	2.948487E+08	9.437438E-09	3.266305E+06	1.102541E+04	588.3343909761	26.0631341550	5.6394090595	0.1975976354	0.1989381310	0.1962442332	0.3039580708	0.3071128013	0.3007692379	2.9097156605	2.9091876118	2.9102368704	140.0000000000
930750.00	9.307500E+05	0.2164693779	6.5796742532	2.943238E+08	9.560701E-09	3.234776E+06	1.094142E+04	587.7725813834	26.0786226155	5.7366053880	0.1972612145	0.1986157382	0.1958952445	0.3032981797	0.3064902723	0.3000757631	2.9103618193	2.9098411033	2.9108763380	141.0000000000
985500.00	9.855000E+05	0.2219093664	6.6439156512	2.937714E+08	9.662296E-09	3.203550E+06	1.085744E+04	587.2052534535	26.0943860625	5.8333498839	0.1969246021	0.1982916814	0.1955472450	0.3026352366	0.3058608648	0.2993823420	2.9109994718	2.9104854443	2.9115079152	142.0000000000
1040250.00	1.040250E+06	0.2274636348	6.7096246580	2.931919E+08	9.743586E-09	3.172636E+06	1.077350E+04	586.6326730823	26.1104129960	5.9295383835	0.1965879018	0.1979663747	0.1952000667	0.3019697380	0.3052258418	0.2986888019	2.9116292025	2.9111212492	2.9121321556	143.0000000000
1095000.00	1.095000E+06	0.2331281984	6.7767317392	2.925862E+08	9.806072E-09	3.142039E+06	1.068965E+04	586.0551226631	26.1266955983	6.0250703297	0.1962511988	0.1976401514	0.1948535844	0.3013021555	0.3045863080	0.2979950906	2.9122515733	2.9117491072	2.9127495908	144.0000000000
1149750.00	1.149750E+06	0.2388988197	6.8451624484	2.919545E+08	9.851331E-09	3.111766E+06	1.060592E+04	585.4727711478	26.1432258656	6.1198491595	0.1959145552	0.1973133477	0.1945074311	0.3006329196	0.3039433677	0.2973004623	2.9128671157	2.9123695818	2.9133607195	145.0000000000
1204500.00	1.204500E+06	0.2447709823	6.9148377720	2.912976E+08	9.880961E-09	3.081818E+06	1.052234E+04	584.8856731077	26.1599981622	6.2137826798	0.1955779790	0.1969861844	0.1941616684	0.2999623473	0.3032978767	0.2966054977	2.9134763329	2.9129832081	2.9139660115	146.0000000000
1259250.00	1.259250E+06	0.2507399049	6.9856744034	2.906163E+08	9.896553E-09	3.052198E+06	1.043895E+04	584.2940938417	26.1770067624	6.3067834307	0.1952415325	0.1966582676	0.1938161060	0.2992910159	0.3026488887	0.2959100694	2.9140797082	2.9135905049	2.9145659128	147.0000000000
1314000.00	1.314000E+06	0.2568004760	7.0575851866	2.899128E+08	9.899681E-09	3.022911E+06	1.035588E+04	583.6981822645	26.1942440395	6.3987690337	0.1949052795	0.1963300129	0.1934706603	0.2986197515	0.3019982264	0.2952146173	2.9146776792	2.9141919459	2.9151608176	148.0000000000
1368750.00	1.368750E+06	0.2629469934	7.1304794929	2.891924E+08	9.891952E-09	2.993966E+06	1.027339E+04	583.0983778636	26.2116958376	6.4896625216	0.1945694675	0.1960003398	0.1931254877	0.2979505874	0.3013437382	0.2945209238	2.9152706073	2.9147879414	2.9157510299	149.0000000000
1423500.00	1.423500E+06	0.2691766676	7.2042638326	2.884338E+08	9.873958E-09	2.965310E+06	1.019037E+04	582.4929805253	26.2294102056	6.5793926506	0.1942327589	0.1956778730	0.1927924308	0.2972754997	0.3007082925	0.2938620119	2.9158589351	2.9153790490	2.9163358591	150.0000000000
1478250.00	1.478250E+06	0.2754789006	7.2788420388	2.876848E+08	9.848560E-09	2.937037E+06	1.010930E+04	581.8871354930	26.2472567058	6.6678941907	0.1938968656	0.1953513988	0.1924696544	0.2966106218	0.3000676914	0.2932431868	2.9164397388	2.9159653277	2.9169093404	151.0000000000
1533000.00	1.533000E+06	0.2818466272	7.3541164060	2.869651E+08	9.817544E-09	2.909124E+06	1.003130E+04	581.2887997118	26.2650875020	6.7551081932	0.1935579849	0.1950213730	0.1921852894	0.2959549609	0.2994337299	0.2927643001	2.9169978306	2.9165398165	2.9174242519	152.0000000000
1587750.00	1.587750E+06	0.2882742938	7.4299897721	2.863343E+08	9.783936E-09	2.881224E+06	9960.3016088558	580.7527804939	26.2819762149	6.8409822338	0.1931820919	0.1946467956	0.1918017644	0.2952668443	0.2987386320	0.2921246609	2.9174127674	2.9170691498	2.9165754743	153.0000000000
1642500.00	1.642500E+06	0.2951694237	7.5064272713	2.841648E+08	9.693094E-09	2.837497E+06	9838.6108841969	581.4383218159	26.2814844003	6.9254706300	0.1917204683	0.1929958521	0.1925617755	0.2923343153	0.2950896792	0.2973091611	2.9144359891	2.9165760970	2.8894100069	154.0000000000
1697250.00	1.697250E+06	0.7701058815	7.5875619180	2.653482E+09	9.031885E-08	4.023226E+05	9.716266E+04	587.5108681650	25.5506032218	7.0085346296	0.1712786520	0.1657568530	0.1788633259	0.2449108863	0.2291704760	0.2648144657	1.9447075080	1.9442696217	1.9451440766	155.0000000000
1752000.00	1.752000E+06	0.8137334147	7.6649465794	2.543986E+09	8.637616E-08	3.805212E+05	9.155522E+04	583.7509089565	25.6101179546	7.0901425711	0.1662136052	0.1656573955	0.1724604501	0.2258542302	0.2239516533	0.2435312544	1.9456261158	1.9451917224	1.9460592642	156.0000000000
1806750.00	1.806750E+06	0.3622735097	7.7415426170	2.791679E+08	9.452211E-09	1.513211E+06	9670.6431505884	587.6019832292	25.9170123561	7.1702700133	0.1323552794	0.1233355703	0.1367736795	0.1561974875	0.1344747555	0.1666840233	2.9280125288	2.9275905566	2.9283823160	157.0000000000
1861500.00	1.861500E+06	0.8330899226	7.8193027398	2.591255E+09	8.747042E-08	3.819318E+05	9.359566E+04	584.4673034071	25.5154128232	7.2488998331	0.1400133807	0.1370098595	0.1575039980	0.1678261753	0.1577779192	0.2089589662	1.9483632879	1.9479410542	1.9487842964	158.0000000000
1916250.00	1.916250E+06	0.8013266935	7.8960382567	2.771526E+09	9.325372E-08	4.097075E+05	1.025813E+05	589.5734104330	25.4927567605	7.3260222910	0.1238915744	0.1201791658	0.1261262670	0.1259478382	0.1186342246	0.1320073710	1.9581727046	1.9578242162	1.9585200788	159.0000000000
1971000.00	1.971000E+06	0.2953010077	7.9693834347	5.268675E+08	1.766748E-08	3.347879E+06	2.022779E+04	587.5414522662	25.4255074555	7.4016350627	0.1245530590	0.1189290118	0.1321657570	0.1347980700	0.1184014671	0.1521976867	1.9478276093	1.9473990960	1.9482548234	160.0000000000
2025750.00	2.025750E+06	0.5045284367	8.0481832500	2.899477E+09	9.688650E-08	6.092143E+05	1.634582E+05	584.9209843978	25.9560241091	7.4757432373	0.0975944921	0.0834679377	0.1150118372	0.0787814461	0.0491340757	0.1114625807	2.9235250454	2.9230644680	2.9239845616	161.0000000000
2080500.00	2.080500E+06	0.3344282684	8.1230799680	3.268245E+08	1.088140E-08	2.818943E+06	1.124642E+04	587.8805441783	25.4678073885	7.5483592801	0.1188447037	0.1169849234	0.1199539727	0.1166252209	0.1133176821	0.1196835108	2.9561828410	2.9559544880	2.9564128544	162.0000000000
2135250.00	2.135250E+06	0.8099429657	8.2030751315	3.032782E+09	1.006017E-07	4.218234E+05	1.153018E+05	593.9316494187	25.8571855505	7.6195029608	0.1022943808	0.0974875704	0.1273235953	0.0873479723	0.0714729787	0.1454146540	2.5404674731	2.7352457879	2.1487425057	163.0000000000
2190000.00	2.190000E+06	0.3142965544	8.2759727748	9.119390E+08	3.013695E-08	3.264840E+06	3.590361E+04	587.4479618421	25.3698307800	7.6892012469	0.0925273563	0.0786629010	0.1021797236	0.0645468490	0.0323537579	0.0858819222	1.9599526903	1.9595986395	1.9603049418	164.0000000000
2244750.00	2.244750E+06	0.5052459409	8.3535898185	2.196989E+08	7.232927E-09	8.601727E+05	7139.3423361431	593.7655546077	25.7465839273	7.7574881612	0.0865964622	0.0758874322	0.0946680040	0.0441992357	0.0240174536	0.0584251748	2.9559394276	2.9556863338	2.9561933605	165.0000000000
2299500.00	2.299500E+06	0.3300247507	8.4264332566	4.998355E+08	1.639288E-08	3.179255E+06	1.835911E+04	589.7218774248	25.3016451221	7.8244046053	0.0831526742	0.0805123780	0.0822453057	0.0262345302	0.0222406216	0.0238019254	1.9619615811	1.9616309388	1.9622903462	166.0000000000
2354250.00	2.354250E+06	0.5513193244	8.5021662124	5.553225E+09	1.814303E-07	4.611504E+05	3.128322E+05	586.1577476991	25.9029468684	7.8899981487	0.0946720146	0.0959315173	0.0935532005	0.0550265204	0.0581774043	0.0524799928	2.9221980321	2.9217360247	2.9150708643	167.0000000000
2409000.00	2.409000E+06	0.3602797450	8.5746460250	3.735095E+08	1.215628E-08	2.836443E+06	1.286575E+04	591.2030315596	25.3768307177	7.9543227836	0.0905694539	0.0919413258	0.0897370539	0.0444908281	0.0477731807	0.0430166374	1.9559460330	1.9555605095	1.9563289359	168.0000000000
2463750.00	2.463750E+06	0.7636062078	8.6502985177	3.809193E+09	1.235002E-07	4.572195E+05	1.581373E+05	594.2504989574	25.8260782377	8.0174386473	0.0788236199	0.0789800700	0.0798160941	0.0193978396	0.0177783596	0.0248610278	2.9284980412	2.9280550269	2.9289380689	169.0000000000
2518500.00	2.518500E+06	0.7757687011	8.7228078253	3.796086E+09	1.226056E-07	4.555852E+05	1.570704E+05	594.8946201162	25.8309202097	8.0794117127	0.0819084454	0.0741224713	0.0927286114	0.0377197951	0.0163800797	0.0647153174	2.9284228110	2.9279676634	2.9288744053	170.0000000000
2573250.00	2.573250E+06	0.3911732315	8.7929891320	3.181235E+08	1.023562E-08	2.498648E+06	1.069805E+04	597.7010072802	25.4547465112	8.1403134484	0.0845462592	0.0746052422	0.0939416041	0.0428053974	0.0157837756	0.0664637894	1.9628471669	1.9625185089	1.9631726708	171.0000000000
2628000.00	2.628000E+06	0.5184011649	8.8658221584	2.559449E+08	8.203809E-09	9.873002E+05	8362.4090339458	597.9592831461	25.2805788628	8.2002204486	0.0673577162	0.0529482224	0.0745887017	-0.0007765220	-0.0286728447	0.0121443167	1.9565992580	1.9562180779	1.9569766308	172.0000000000
2682750.00	2.682750E+06	0.7836996379	8.9356111261	3.830305E+09	1.223092E-07	4.814478E+05	1.597941E+05	595.3439895349	25.7131029954	8.2592140368	0.0453758068	0.0429196036	0.0460980553	-0.0587184728	-0.0624392690	-0.0582479051	2.9580235943	2.9577758713	2.9582697659	173.0000000000
2737500.00	2.737500E+06	0.3473822897	9.0039764174	8.946171E+08	2.845941E-08	3.435718E+06	3.524481E+04	592.9476222998	25.6748892068	8.3173798425	0.0412049557	0.0415311176	0.0399948883	-0.0678256976	-0.0663760186	-0.0709224983	2.9313778215	2.9309560053	2.9317951029	174.0000000000
2792250.00	2.792250E+06	0.4023424745	9.0716541260	3.693261E+08	1.170489E-08	2.682686E+06	1.235289E+04	590.1169225288	25.8715745048	8.3748073544	0.0685938734	0.0698761582	0.0672555684	-0.0063440871	-0.0031971458	-0.0096487867	1.9840408565	1.9840465785	1.9840958546	175.0000000000
2847000.00	2.847000E+06	0.5525993772	9.1417888887	2.476882E+08	7.820520E-09	9.520560E+05	7964.2972274346	594.7260359075	25.3249672993	8.4315894518	0.0730559124	0.0743634530	0.0716695795	0.0013144540	0.0044461314	-0.0020819653	1.9577450616	1.9573768201	1.9581083849	176.0000000000
2901750.00	2.901750E+06	0.8393456202	9.2094120339	3.770923E+09	1.186190E-07	4.638871E+05	1.544336E+05	592.4138939974	25.7896732889	8.4878219159	0.0455802283	0.0469339133	0.0442358289	-0.0606783716	-0.0573111322	-0.0640234303	2.9591159930	2.9588765913	2.9593525302	177.0000000000
2956500.00	2.956500E+06	0.3666460663	9.2747017232	8.808317E+08	2.760436E-08	3.357274E+06	3.408197E+04	590.0772329384	25.7605068759	8.5436029242	0.0416601261	0.0429780095	0.0423801037	-0.0666598296	-0.0633669328	-0.0634761142	2.9332508073	2.9328493863	2.9336465464	178.0000000000
3011250.00	3.011250E+06	0.4274322451	9.3396365813	3.776669E+08	1.179157E-08	2.594709E+06	1.276722E+04	587.3125622114	25.9542950448	8.5990325298	0.0706388553	0.0719958652	0.0744829212	0.0004599588	0.0037858651	0.0126671363	1.9838124988	1.9837156008	1.9839065521	179.0000000000
3066000.00	3.066000E+06	0.5877063451	9.4065597184	2.502795E+08	7.785093E-09	9.196530E+05	7954.0785845282	592.6995282416	25.3982945949	8.6542121286	0.0774996454	0.0788806232	0.0857145323	0.0158929575	0.0192392552	0.0380213751	1.9592615256	1.9589136181	1.9596035170	180.0000000000
3120750.00	3.120750E+06	0.8642891757	9.4722966089	3.658458E+09	1.133725E-07	4.996328E+05	1.485763E+05	590.9556702320	25.8470712855	8.7092439166	0.0571952738	0.0488620220	0.0560297679	-0.0265687892	-0.0491261806	-0.0290991438	2.9596040048	2.9593752152	2.9598287238	181.0000000000
3175500.00	3.175500E+06	0.3867507550	9.5356164602	8.559480E+08	2.642542E-08	3.232874E+06	3.258395E+04	590.6562373009	25.8015619989	8.7642303402	0.0560375753	0.0450120592	0.0586984054	-0.0235024291	-0.0539934531	-0.0102089587	2.9354157375	2.9350418089	2.9357829978	182.0000000000
3230250.00	3.230250E+06	0.8155869197	9.6003468941	2.669467E+09	8.210214E-08	7.587336E+05	1.030350E+05	594.3419315243	25.8829684216	8.8192735428	0.0565162372	0.0495586179	0.0707656801	-0.0215067745	-0.0425961238	0.0130415985	2.9516448741	2.9513798382	2.9519020920	183.0000000000
3285000.00	3.285000E+06	0.6269703746	9.6627613612	2.959852E+09	9.068672E-08	7.283924E+05	1.645119E+05	593.3572864486	25.7776190152	8.8744748095	0.0402395081	0.0136642347	0.0569358100	-0.0507123638	-0.1111948598	-0.0172400251	1.9697079160	1.9694549431	1.9699546906	184.0000000000
3339750.00	3.339750E+06	0.4635608499	9.7255095197	4.137020E+08	1.262673E-08	2.452259E+06	1.474039E+04	591.9732076938	25.9149331915	8.9299340139	0.0161669301	0.0089234506	0.0353104944	-0.1184839337	-0.1346971311	-0.0639367331	2.9352371729	2.9348750715	2.9355919052	185.0000000000
3394500.00	3.394500E+06	0.4096363377	9.7891786678	8.001378E+08	2.432657E-08	3.170760E+06	2.952682E+04	609.1846710040	25.7651078407	8.9857490683	0.0032555762	-0.0099826399	0.0210526966	-0.1421058405	-0.1783633724	-0.0995348441	2.9434211781	2.9431156666	2.9437181810	186.0000000000
3449250.00	3.449250E+06	0.4305088015	9.8519709118	9.862933E+08	2.986866E-08	2.851122E+06	3.606733E+04	601.0459037926	25.7391171751	9.0420153822	-0.0044958749	-0.0441065357	0.0232351367	-0.1453432686	-0.2428609256	-0.0832144635	2.9589689032	2.9587665216	2.9591657300	187.0000000000
3504000.00	3.504000E+06	0.4209149725	9.9154441401	9.651595E+08	2.911257E-08	3.053283E+06	3.591496E+04	605.6172474484	25.2697599065	9.0988253301	0.0054540210	-0.0083334333	0.0136499932	-0.1421498765	-0.1684651911	-0.1271073180	1.9702619316	1.9700353779	1.9704817219	188.0000000000
3558750.00	3.558750E+06	0.4180479495	9.9788903687	9.513847E+08	2.858150E-08	3.170216E+06	3.572283E+04	605.1149604850	25.2642985331	9.1562677318	0.0088439803	0.0070794237	0.0094365094	-0.1406837667	-0.1434582724	-0.1401098499	1.9705338523	1.9703147207	1.9707461415	189.0000000000
3613500.00	3.613500E+06	0.4220830457	10.0423146435	9.477256E+08	2.835518E-08	3.177273E+06	3.552031E+04	604.4604759085	25.2184423877	9.2144273487	0.0091737201	0.0095551693	0.0086257692	-0.1411222050	-0.1398566638	-0.1426679250	1.9707389881	1.9705262249	1.9709448255	190.0000000000
3668250.00	3.668250E+06	0.4271702946	10.1059992102	9.456382E+08	2.817520E-08	3.168609E+06	3.532182E+04	603.7914252939	25.2370840338	9.2733843980	0.0090393744	0.0095486634	0.0084317596	-0.1418316348	-0.1403534784	-0.1434556710	1.9709325304	1.9707260847	1.9711319784	191.0000000000
3723000.00	3.723000E+06	0.4324828382	10.1700775913	9.438645E+08	2.800354E-08	3.158223E+06	3.513006E+04	603.1301055434	25.2559836103	9.3332140866	0.0088406022	0.0094542118	0.0082791440	-0.1425685403	-0.1409249284	-0.1440651489	1.9711232644	1.9709232217	1.9713162552	192.0000000000
3777750.00	3.777750E+06	0.4379122347	10.2346591659	9.422339E+08	2.783494E-08	3.148007E+06	3.494543E+04	602.4814470968	25.2747580949	9.3939861691	0.0086500670	0.0092104391	0.0081427251	-0.1432325602	-0.1417532157	-0.1446029184	1.9713130688	1.9711195255	1.9714995170	193.0000000000
3832500.00	3.832500E+06	0.4434458309	10.2998506834	9.407271E+08	2.766871E-08	3.138276E+06	3.476822E+04	601.8468118717	25.2933411264	9.4557645301	0.0084786138	0.0089483185	0.0080366366	-0.1438105364	-0.1425901726	-0.1450195940	1.9715023154	1.9713153571	1.9716821467	194.0000000000
3887250.00	3.887250E+06	0.4490900242	10.3657592002	9.393331E+08	2.750442E-08	3.128962E+06	3.459813E+04	601.2302823754	25.3116463826	9.5186067940	0.0083768471	0.0086970280	0.0080056215	-0.1441109816	-0.1433523642	-0.1451459300	1.9716926745	1.9715123871	1.9718658177	195.0000000000
3942000.00	3.942000E+06	0.4548514599	10.4324923397	9.380147E+08	2.734087E-08	3.119882E+06	3.443417E+04	600.6404609966	25.3294784585	9.5825639643	0.0084653826	0.0084902391	0.0081694862	-0.1436810525	-0.1438990827	-0.1445302116	1.9718878696	1.9717143545	1.9720542344	196.0000000000
3996750.00	3.996750E+06	0.4607415508	10.5001589676	9.366609E+08	2.717478E-08	3.110479E+06	3.427320E+04	600.0991608961	25.3463308292	9.6476800933	0.0090649493	0.0084117231	0.0088488162	-0.1413396772	-0.1438669951	-0.1419906595	1.9720974626	1.9719308772	1.9722568980	197.0000000000
4051500.00	4.051500E+06	0.4667838255	10.5688718088	9.349623E+08	2.699721E-08	3.099238E+06	3.410657E+04	599.6629389532	25.3608640105	9.7139919858	0.0110114671	0.0086852998	0.0108797449	-0.1341883299	-0.1423112376	-0.1346259724	1.9723462705	1.9721869518	1.9724984499	198.0000000000
4106250.00	4.106250E+06	0.4730367375	10.6387548357	9.321045E+08	2.678489E-08	3.082177E+06	3.391156E+04	599.4764459810	25.3696311478	9.7815289347	0.0163210122	0.0098939266	0.0162800384	-0.1162171314	-0.1369423152	-0.1164185262	1.9726980098	1.9725467447	1.9728421526	199.0000000000
4161000.00	4.161000E+06	0.4794391331	10.7099597605	9.295660E+08	2.658062E-08	3.053514E+06	3.377295E+04	598.8534533648	25.3783469535	9.8503124949	0.0215923833	0.0150404346	0.0303819719	-0.1008402811	-0.1193424802	-0.0759425348	1.9727077038	1.9725622256	1.9728460521	200.0000000000
4215750.00	4.215750E+06	0.4860360820	10.7823478994	9.258151E+08	2.634070E-08	3.044499E+06	3.351943E+04	599.3481213478	25.3822396959	9.9203562904	0.0285819507	0.0285289413	0.0570861459	-0.0802203793	-0.0802709674	-0.0119472491	1.9734843043	1.9733498675	1.9736116570	201.0000000000
4270500.00	4.270500E+06	0.4929968745	10.8561575477	9.190242E+08	2.601398E-08	3.032304E+06	3.314545E+04	600.8157498160	25.3736563248	9.9916658615	0.0415095656	0.0412334298	0.0740464616	-0.0491765616	-0.0497197833	0.0222885068	1.9748289264	1.9747095997	1.9749412485	202.0000000000
4325250.00	4.325250E+06	0.6586451437	10.9333664046	3.814181E+08	1.074031E-08	1.268234E+06	1.214406E+04	600.6084495025	25.9823335823	10.0642385481	0.1160672413	0.1096239786	0.1412035546	0.1090137663	0.0925334948	0.1719917555	2.9633802977	2.9632921411	2.9634621775	203.0000000000
4380000.00	4.380000E+06	0.5626869836	11.0073931039	9.797318E+08	2.744214E-08	2.618012E+06	4.308613E+04	585.0720119100	26.3284941016	10.1380634118	0.2733348037	0.2725319013	0.2745920142	0.4330373975	0.4298558132	0.4390449558	2.9118037167	2.9358901300	2.8671844748	204.0000000000
4434750.00	4.434750E+06	0.5743910490	11.0860177076	1.029572E+09	2.868290E-08	2.572827E+06	4.593279E+04	584.6423507649	26.3419174372	10.2131211967	0.2720784389	0.2715824039	0.2762865470	0.4304314930	0.4280019498	0.4484974769	2.9362660889	2.9393980172	2.9298660230	205.0000000000
4489500.00	4.489500E+06	0.5824004197	11.1664053199	1.169690E+09	3.240809E-08	2.540845E+06	5.404201E+04	586.8522893549	26.3126893047	10.2893843288	0.2618001834	0.2594479400	0.2643666484	0.4097668217	0.4023032687	0.4199962058	2.9406764963	2.9404736778	2.9408639818	206.0000000000
4544250.00	4.544250E+06	0.5848377302	11.2484202126	1.008095E+09	2.777561E-08	2.624283E+06	4.407986E+04	585.6029690659	26.3082883088	10.3668169530	0.2613575410	0.2598058889	0.2691154671	0.4086314245	0.4032632872	0.4377942731	2.9368040865	2.9399336045	2.9129781849	207.0000000000
4599000.00	4.599000E+06	0.5976557998	11.3325550279	1.190276E+09	3.261016E-08	2.547424E+06	5.472986E+04	586.9618094397	26.3322211020	10.4453750089	0.2595510733	0.2581895098	0.2674815227	0.4049379963	0.3995725605	0.4341611581	2.9411939116	2.9410086217	2.9413675215	208.0000000000
4653750.00	4.653750E+06	0.6838103543	11.4206712999	2.822549E+08	7.688757E-09	1.551882E+06	9027.2464693024	598.6455790211	25.5442814631	10.5250063433	0.2598255611	0.2583241412	0.2643586529	0.4043165478	0.3986923887	0.4215952120	2.0167287765	2.0168088939	2.0166847393	209.0000000000
4708500.00	4.708500E+06	0.7406334733	11.5079766805	1.818643E+08	4.925373E-09	1.314154E+06	5537.4093769985	587.5741850387	26.3277279680	10.6056508590	0.2360581017	0.2232371515	0.2415781507	0.3615678463	0.3293865833	0.3815245868	1.9709427785	1.9708436154	1.9710345408	210.0000000000
4763250.00	4.763250E+06	0.7586136508	11.5975651609	2.087462E+08	5.620279E-09	1.288323E+06	7234.3597220939	585.6891994040	26.4047599183	10.6872406999	0.2611530142	0.2593556384	0.2668479728	0.4078597346	0.4012513761	0.4312579503	1.9712258386	1.9711373844	1.9713069522	211.0000000000
4818000.00	4.818000E+06	0.7690471352	11.6893749153	2.094902E+08	5.606904E-09	1.291104E+06	7243.0801363892	585.5813796346	26.3454777966	10.7697004692	0.2497451443	0.2447156074	0.2559359086	0.3859296613	0.3711788510	0.4094347540	1.9726884155	1.9726153726	1.9727542725	212.0000000000
4872750.00	4.872750E+06	0.7795872618	11.7831940396	2.665362E+08	7.091063E-09	1.291102E+06	1.053893E+04	585.4412715672	26.3526655841	10.8529474815	0.2441395472	0.2392259931	0.2502702267	0.3732005088	0.3587306358	0.3959207075	1.9732740471	1.9732124223	1.9733285961	213.0000000000
4927500.00	4.927500E+06	0.7931196750	11.8789652022	2.620914E+08	6.930781E-09	1.271933E+06	1.040592E+04	585.7547684880	26.3380814807	10.9368920457	0.2408899158	0.2370476542	0.2528623427	0.3668949693	0.3548913128	0.4040460835	1.9723030826	1.9722434340	1.9723556847	214.0000000000
4982250.00	4.982250E+06	0.7993224156	11.9768833650	1.877207E+08	4.933980E-09	1.295033E+06	5952.1501594644	586.6676181380	26.3211545635	11.0214377779	0.2031153234	0.1824923700	0.2267975634	0.2988820705	0.2476163816	0.3616097323	1.9744290617	1.9743942668	1.9744569613	215.0000000000
5037000.00	5.037000E+06	0.7851443710	12.0772849531	1.986078E+08	5.188267E-09	1.385911E+06	6009.7263986454	591.5720540886	26.1734731350	11.1064819421	0.1440207545	0.1322383980	0.1551328283	0.1555990165	0.1195913856	0.1824611901	2.9439263302	2.9438101535	2.9440325176	216.0000000000
5091750.00	5.091750E+06	0.8306748936	12.1780769147	1.559936E+09	4.050065E-08	1.196276E+06	8.585986E+04	583.9767989385	26.2822239622	11.1919158171	0.1678278821	0.1591901709	0.1863509863	0.2110802116	0.1870113144	0.2534685576	2.9431918911	2.9430770106	2.9432953610	217.0000000000
5146500.00	5.146500E+06	0.7077985897	12.2801958116	1.177087E+09	3.037282E-08	2.287851E+06	3.917427E+04	592.9820164174	25.7328904784	11.2776250868	0.1637540053	0.1484161676	0.1914904579	0.2107204052	0.1678490763	0.2773734883	2.0045927591	2.0047901199	2.0043893495	218.0000000000
5201250.00	5.201250E+06	1.5372333606	12.3897611934	3.533043E+09	9.060306E-08	4.230681E+05	1.314077E+05	585.6705069418	25.8849795340	11.3634902538	0.1970641754	0.1864273528	0.2169290082	0.2807053388	0.2480788633	0.3357890930	2.0197010489	2.0257044737	2.0173284575	219.0000000000
5256000.00	5.256000E+06	1.4660091550	12.4963935374	4.607133E+09	1.174200E-07	3.361497E+05	1.871138E+05	590.2502371607	25.9458514735	11.4493870703	0.2342665526	0.2299642146	0.2512211693	0.3535314092	0.3396587340	0.4050496346	2.0175169363	2.0176511908	2.0173350589	220.0000000000
5310750.00	5.310750E+06	1.7058448769	12.6061011252	4.151607E+09	1.051596E-07	2.541529E+05	1.582195E+05	584.6654933341	25.9741295717	11.5351869890	0.2342315944	0.2290822282	0.2417326190	0.3533813981	0.3357670372	0.3772122936	2.0116583921	2.0117417239	2.0115701770	221.0000000000
5365500.00	5.365500E+06	1.4319274691	12.7150331813	3.876037E+09	9.757759E-08	5.200874E+05	1.522728E+05	586.9460177472	25.9859982263	11.6207576266	0.2342375037	0.2296401213	0.2418778863	0.3533135218	0.3387823922	0.3774520346	2.0122513097	2.0123682047	2.0121297867	222.0000000000
5420250.00	5.420250E+06	1.6536219087	12.8272966405	4.410350E+09	1.103513E-07	2.855948E+05	1.720211E+05	589.0462709586	25.9569639015	11.7059632424	0.2342287018	0.2294893463	0.2420111238	0.3532209434	0.3383741822	0.3776738945	2.0137161156	2.0138301570	2.0135975902	223.0000000000
5475000.00	5.475000E+06	1.4655779366	12.9392605680	3.928029E+09	9.768723E-08	5.247246E+05	1.544619E+05	587.0568917087	25.9979486712	11.7906652244	0.2342111935	0.2293264585	0.2421337694	0.3531145848	0.3379462924	0.3778788127	2.0116284704	2.0117535849	2.0114984724	224.0000000000
5529750.00	5.529750E+06	1.6892980981	13.0538134501	4.468882E+09	1.104695E-07	2.894237E+05	1.745193E+05	589.1503289029	25.9672488324	11.8747225861	0.2341822381	0.2291512705	0.2422793644	0.3529895447	0.3374977378	0.3782376892	2.0129903979	2.0131124138	2.0128637075	225.0000000000
5584500.00	5.584500E+06	1.4973327594	13.1677463138	3.986232E+09	9.795166E-08	5.305449E+05	1.569826E+05	587.2707943774	26.0063573466	11.9579924667	0.2341446790	0.2289682215	0.2423839138	0.3528512469	0.3370371588	0.3784143359	2.0110331527	2.0111673625	2.0108938995	226.0000000000
5639250.00	5.639250E+06	1.7225979250	13.2839279065	4.534458E+09	1.107671E-07	2.939808E+05	1.773899E+05	589.3533786082	25.9740572974	12.0403306353	0.2341008951	0.2287785430	0.2424818328	0.3527043118	0.3365675170	0.3785819574	2.0122873713	2.0124181924	2.0121517876	227.0000000000
5694000.00	5.694000E+06	1.5268252094	13.3991067953	4.051002E+09	9.838269E-08	5.374625E+05	1.598526E+05	587.5848753644	26.0112632726	12.1215919959	0.2340527739	0.2285853360	0.2425747620	0.3525524659	0.3360953468	0.3787422719	2.0104607606	2.0106048819	2.0103114569	228.0000000000
5748750.00	5.748750E+06	1.7530450805	13.5161534319	4.607235E+09	1.112517E-07	2.992664E+05	1.806428E+05	589.6518925105	25.9774041197	12.2016310906	0.2339992585	0.2277040807	0.2426612297	0.3523937532	0.3322724094	0.3788929474	2.0116023973	2.0117427384	2.0114571779	229.0000000000
5803500.00	5.803500E+06	1.7967684262	13.6327779128	4.531788E+09	1.088152E-07	2.980978E+05	1.768326E+05	587.7697453348	26.0887659948	12.2803025989	0.2449283308	0.2393361039	0.2535857739	0.3754450349	0.3586822150	0.4029776976	2.0098605449	2.0100148258	2.0097009230	230.0000000000
5858250.00	5.858250E+06	1.7993401569	13.7490134607	4.560290E+09	1.088966E-07	3.098541E+05	1.783490E+05	588.2198672714	26.0457195730	12.3574618316	0.2454215033	0.2398467527	0.2531751725	0.3748833729	0.3582867832	0.3992152296	2.0088485161	2.0089859567	2.0087057598	231.0000000000
5913000.00	5.913000E+06	1.7834369174	13.8648787525	4.304359E+09	1.022316E-07	3.763935E+05	1.663160E+05	587.6442183293	26.0967760975	12.4329652161	0.2511194175	0.2460283763	0.2629340019	0.3858313842	0.3715804246	0.4257464362	2.0097688414	2.0099161427	2.0096163711	232.0000000000
5967750.00	5.967750E+06	1.9091620508	13.9806319828	4.515441E+09	1.066813E-07	2.825414E+05	1.737308E+05	585.7064184989	26.0985157003	12.5066707722	0.2516137622	0.2464189482	0.2586866901	0.3867667203	0.3723868098	0.4087073708	2.0081406127	2.0082882059	2.0079875498	233.0000000000
6022500.00	6.022500E+06	1.9252872458	14.0951538545	4.563133E+09	1.072565E-07	2.822184E+05	1.757810E+05	585.8518618595	26.0970905508	12.5784385749	0.2518797013	0.2465531025	0.2591076426	0.3872347832	0.3725825631	0.4095735137	2.0078432266	2.0079967351	2.0076841691	234.0000000000
6077250.00	6.077250E+06	1.9357944277	14.2085659101	4.607719E+09	1.077667E-07	2.854168E+05	1.777842E+05	586.1040721226	26.0952675173	12.6481312053	0.2521386130	0.2466973229	0.2594006796	0.3876929955	0.3728530232	0.4098196819	2.0074868715	2.0076458266	2.0073222832	235.0000000000
6132000.00	6.132000E+06	1.8603381248	14.3202667743	4.815882E+09	1.120939E-07	3.174496E+05	1.899796E+05	589.4589534015	26.0875400535	12.7156141838	0.2529094158	0.2473520336	0.2602959981	0.3892481812	0.3741855820	0.4118022960	2.0086265794	2.0087985365	2.0084491569	236.0000000000
6186750.00	6.186750E+06	1.9045233221	14.4309073076	4.636963E+09	1.074287E-07	3.315056E+05	1.802201E+05	587.4365081685	26.1190531183	12.7807563884	0.2569977052	0.2515685433	0.2649024361	0.3969336889	0.3826937564	0.4220182068	2.0064561645	2.0066177403	2.0062888205	237.0000000000
6241500.00	6.241500E+06	1.9707407532	14.5396980592	4.668796E+09	1.076837E-07	3.012242E+05	1.802675E+05	586.0934552472	26.1238805898	12.8434304530	0.2597369942	0.2542349622	0.2684299722	0.4026875509	0.3883621163	0.4309720423	2.0063429461	2.0065110877	2.0061690017	238.0000000000
6296250.00	6.296250E+06	1.8949998684	14.6457418147	4.932176E+09	1.132721E-07	3.244301E+05	1.950420E+05	589.6692474311	26.0947679970	12.9035131469	0.2568173338	0.2510460616	0.2641006313	0.3968343097	0.3817355206	0.4179803611	2.0073772853	2.0075652975	2.0071835247	239.0000000000
6351000.00	6.351000E+06	1.9577556759	14.7500315338	4.708080E+09	1.076842E-07	3.323452E+05	1.824518E+05	586.9314217501	26.1276759408	12.9608857328	0.2625475701	0.2569120748	0.2693375891	0.4081927347	0.3938616904	0.4276033593	2.0058815342	2.0060642326	2.0056928817	240.0000000000
6405750.00	6.405750E+06	2.0028788064	14.8515155514	4.782458E+09	1.089610E-07	3.074792E+05	1.850241E+05	586.2915417275	26.1284582587	13.0154343033	0.2640152175	0.2583162080	0.2707741040	0.4110869136	0.3967596758	0.4300685239	2.0050866667	2.0052717831	2.0048954503	241.0000000000
6460500.00	6.460500E+06	1.9786729077	14.9497947952	4.887984E+09	1.109566E-07	3.199175E+05	1.906505E+05	587.5321408956	26.1268506591	13.0670500941	0.2656779644	0.2599236826	0.2723891936	0.4143771768	0.4000891937	0.4328244042	2.0051622267	2.0053578119	2.0049605122	242.0000000000
6515250.00	6.515250E+06	2.0155424478	15.0451540233	4.869442E+09	1.101540E-07	3.127308E+05	1.887819E+05	586.5582820258	26.1363359974	13.1156297741	0.2687030549	0.2629516544	0.2752323759	0.4203967317	0.4063801556	0.4378100735	2.0043475850	2.0045451485	2.0041437577	243.0000000000
6570000.00	6.570000E+06	2.0112454530	15.1368961098	4.934588E+09	1.112671E-07	3.179119E+05	1.918569E+05	587.0507757318	26.1270917179	13.1610757100	0.2691266452	0.2632132016	0.2757986454	0.4212293652	0.4067249266	0.4390330273	2.0040766354	2.0042819581	2.0038649743	244.0000000000
6624750.00	6.624750E+06	2.0172044844	15.2250223026	4.974265E+09	1.118253E-07	3.198258E+05	1.934939E+05	587.0798912588	26.1303067063	13.2032962084	0.2717244999	0.2658233481	0.2785281735	0.4264232079	0.4122489303	0.4446188375	2.0034850777	2.0036954028	2.0032682914	245.0000000000
6679500.00	6.679500E+06	2.0453538423	15.3093372130	5.011045E+09	1.123407E-07	3.080127E+05	1.944379E+05	586.5416453858	26.1302492113	13.2422057296	0.2735251243	0.2676116963	0.2801305794	0.4299760610	0.4160150031	0.4469556894	2.0031002726	2.0033165703	2.0028774646	246.0000000000
6734250.00	6.734250E+06	2.0430154402	15.3894030533	5.065641E+09	1.132781E-07	3.114612E+05	1.968872E+05	586.7997200591	26.1295470207	13.2777250795	0.2757330613	0.2698048510	0.2820203177	0.4344506092	0.4206736815	0.4496557295	2.0026353373	2.0028582381	2.0024058394	247.0000000000
6789000.00	6.789000E+06	2.0391787102	15.4651256966	5.123059E+09	1.143013E-07	3.148243E+05	1.994445E+05	587.0892171869	26.1213709036	13.3097815728	0.2767711297	0.2707760883	0.2832216283	0.4365174129	0.4226845902	0.4522593619	2.0022665894	2.0024969642	2.0020295262	248.0000000000
6843750.00	6.843750E+06	2.0387490624	15.5363352357	5.186653E+09	1.154856E-07	3.144152E+05	2.022207E+05	587.2767396714	26.1147503675	13.3383091734	0.2782316362	0.2721917983	0.2844764737	0.4394940971	0.4256970890	0.4539899937	2.0018400846	2.0020776531	2.0015957542	249.0000000000
6898500.00	6.898500E+06	2.0307418465	15.6027952640	5.255085E+09	1.168021E-07	3.173319E+05	2.053489E+05	587.6436137608	26.1033850117	13.3632486075	0.2790540363	0.2729472465	0.2853093995	0.4411711533	0.4273076481	0.4554673411	2.0014697084	2.0017153645	2.0012172243	250.0000000000
6953250.00	6.953250E+06	2.0154209995	15.6643342094	5.334156E+09	1.183802E-07	3.226614E+05	2.091277E+05	588.2074698933	26.0863894374	13.3845474531	0.2791278958	0.2729309259	0.2854516803	0.4413525334	0.4273187753	0.4557198764	2.0011492175	2.0014038141	2.0008876889	251.0000000000
7008000.00	7.008000E+06	1.9963333017	15.7208128684	5.418749E+09	1.201072E-07	3.290354E+05	2.132444E+05	588.8524192893	26.0667950826	13.4021602033	0.2789240221	0.2726303973	0.2853353029	0.4409870003	0.4267498014	0.4555194560	2.0008488052	2.0011125380	2.0005780853	252.0000000000
7062750.00	7.062750E+06	1.9748104422	15.7720967693	5.506977E+09	1.219424E-07	3.359486E+05	2.175849E+05	589.5358014914	26.0465803730	13.4160483073	0.2786158256	0.2722248618	0.2851198670	0.4404243739	0.4259756972	0.4551519933	2.0005575240	2.0008306768	2.0002772808	253.0000000000
7117500.00	7.117500E+06	1.9513661979	15.8180632732	5.598157E+09	1.238722E-07	3.432177E+05	2.221088E+05	590.2415268979	26.0244617145	13.4261801854	0.2782657969	0.2717790397	0.2848627491	0.4397913760	0.4251324718	0.4547209677	2.0002728279	2.0005556445	1.9999829007	254.0000000000
7172250.00	7.172250E+06	1.9262142221	15.8586044392	5.692053E+09	1.258930E-07	3.507785E+05	2.268037E+05	590.9635877571	26.0014610063	13.4325312234	0.2778962738	0.2713161516	0.2845843116	0.4391336631	0.4242692431	0.4542632822	1.9999944583	2.0002871130	1.9996946076	255.0000000000
7227000.00	7.227000E+06	1.8994685130	15.8936283125	5.788588E+09	1.280049E-07	3.586073E+05	2.316670E+05	591.6992967276	25.9776589311	13.4350837421	0.2775161440	0.2708455564	0.2842926673	0.4384697040	0.4234064287	0.4537940195	1.9997226434	2.0000252089	1.9994127870	256.0000000000
7281750.00	7.281750E+06	1.8711777761	15.9230592505	5.887784E+09	1.302101E-07	3.667078E+05	2.367025E+05	592.4479883438	25.9530752060	13.4338269480	0.2771257452	0.2703676011	0.2839880180	0.4378007660	0.4225450797	0.4533140296	1.9994580288	1.9997707095	1.9991381104	257.0000000000
7336500.00	7.336500E+06	1.8413954094	15.9468384186	5.989653E+09	1.325107E-07	3.750767E+05	2.419134E+05	593.2089464132	25.9277437430	13.4287568610	0.2767281290	0.2698857012	0.2836729184	0.4371329487	0.4216923203	0.4528278071	1.9991998289	1.9995225416	1.9988698254	258.0000000000
7391250.00	7.391250E+06	1.8101441663	15.9649236343	6.094237E+09	1.349095E-07	3.837201E+05	2.473050E+05	593.9818228492	25.9016733845	13.4198762237	0.2763232350	0.2693995428	0.2833475484	0.4364662825	0.4208477181	0.4523357965	1.9989477980	1.9992806454	1.9986076204	259.0000000000
7446000.00	7.446000E+06	1.7774307913	15.9772894052	6.201555E+09	1.374090E-07	3.926429E+05	2.528816E+05	594.7662511239	25.8748798094	13.4071943920	0.2759105137	0.2689086203	0.2830113222	0.4358002560	0.4200108560	0.4518374227	1.9987031716	1.9990462721	1.9983527434	260.0000000000
7500750.00	7.500750E+06	1.7432263204	15.9839266420	6.311624E+09	1.400115E-07	4.018504E+05	2.586475E+05	595.5617289707	25.8473781587	13.3907272068	0.2754894806	0.2684125170	0.2826636853	0.4351343575	0.4191813626	0.4513320255	1.9984670879	1.9988205835	1.9981063104	261.0000000000
7555500.00	7.555500E+06	1.7074457351	15.9848422178	6.424462E+09	1.427197E-07	4.113486E+05	2.646074E+05	596.3678745887	25.8191831236	13.3704968509	0.2750595475	0.2679107190	0.2823039501	0.4344677786	0.4183586150	0.4508185711	1.9982406437	1.9986047852	1.9978693890	262.0000000000
7610250.00	7.610250E+06	1.6699201316	15.9800584730	6.540088E+09	1.455360E-07	4.211433E+05	2.707660E+05	597.1843103044	25.7903061471	13.3465316887	0.2746200746	0.2674026478	0.2819313949	0.4337995554	0.4175417458	0.4502959000	1.9980250699	1.9983999143	1.9976431487	263.0000000000
7665000.00	7.665000E+06	1.6303562530	15.9696125860	6.658519E+09	1.484632E-07	4.312401E+05	2.771282E+05	598.0106009703	25.7607572747	13.3188660925	0.2741705004	0.2668878517	0.2815453167	0.4331287689	0.4167300817	0.4497628152	1.9978214165	1.9982070102	1.9974288322	264.0000000000
7719750.00	7.719750E+06	1.5882799313	15.9535556877	6.779768E+09	1.515037E-07	4.416447E+05	2.836990E+05	598.8463701768	25.7305425795	13.2875402546	0.2737102115	0.2663658715	0.2811449042	0.4324543111	0.4159228643	0.4492177651	1.9976307734	1.9980271528	1.9972275372	265.0000000000
7774500.00	7.774500E+06	1.5429634657	15.9319517100	6.903839E+09	1.546601E-07	4.523620E+05	2.904829E+05	599.6909103864	25.6996638354	13.2525999886	0.2732386509	0.2658363575	0.2807293218	0.4317751227	0.4151195094	0.4486590518	1.9974542681	1.9978614602	1.9970404125	266.0000000000
7829250.00	7.829250E+06	1.4933312062	15.9048760989	7.030735E+09	1.579349E-07	4.633969E+05	2.974848E+05	600.5437168438	25.6681108856	13.2140965187	0.2727551276	0.2652989381	0.2802974673	0.4310895681	0.4143191059	0.4480841241	1.9972932070	1.9977111969	1.9968688153	267.0000000000
7884000.00	7.884000E+06	1.4378710840	15.8724136176	7.160431E+09	1.613299E-07	4.747523E+05	3.047081E+05	601.4037138779	25.6358653501	13.1720862582	0.2722595550	0.2647541011	0.2798485381	0.4303969421	0.4135221494	0.4474907869	1.9971481148	1.9975766597	1.9967135153	268.0000000000
7938750.00	7.938750E+06	1.3745720472	15.8346555781	7.292893E+09	1.648469E-07	4.864298E+05	3.121564E+05	602.2700315396	25.6028729708	13.1266305821	0.2717521815	0.2642024964	0.2793821241	0.4296967902	0.4127290947	0.4468771520	1.9970188338	1.9974577586	1.9965743942	269.0000000000
7993500.00	7.993500E+06	1.3009889147	15.7916961080	7.428052E+09	1.684868E-07	4.984281E+05	3.198311E+05	603.1412553665	25.5690536738	13.0777955897	0.2712328230	0.2636447270	0.2788969313	0.4289881772	0.4119407307	0.4462398725	1.9969071295	1.9973562385	1.9964533440	270.0000000000
8048250.00	8.048250E+06	1.2145612215	15.7436269205	7.565769E+09	1.722491E-07	5.107409E+05	3.277300E+05	604.0154222872	25.5342926853	13.0256518619	0.2707018928	0.2630825537	0.2783914775	0.4282709820	0.4111598972	0.4455746399	1.9968148379	1.9972735866	1.9963524479	271.0000000000
8103000.00	8.103000E+06	1.1133306186	15.6905311548	7.705836E+09	1.761316E-07	5.233634E+05	3.358475E+05	604.8881213649	25.4984146016	12.9702742112	0.2701598191	0.2625196848	0.2778612394	0.4275412918	0.4103909463	0.4448648033	1.9967435954	1.9972110648	1.9962739563	272.0000000000
8157750.00	8.157750E+06	0.9968496160	15.6324641633	7.849111E+09	1.801565E-07	5.365395E+05	3.442350E+05	605.7359991739	25.4608680487	12.9117414308	0.2695909483	0.2619477301	0.2772861953	0.4267202520	0.4095742741	0.4440220051	1.9966978490	1.9971725406	1.9962231029	273.0000000000
8212500.00	8.212500E+06	0.8681332273	15.5694482481	7.994787E+09	1.843080E-07	5.501223E+05	3.528516E+05	606.5717011883	25.8552127064	12.8501360377	0.2690101512	0.2613703605	0.2766874472	0.4258682333	0.4087326867	0.4431298111	1.9966792473	1.9971589896	1.9962024103	274.0000000000
8267250.00	8.267250E+06	0.7336923774	15.5014658214	8.141738E+09	1.885626E-07	5.639199E+05	3.616387E+05	607.4061541383	25.8147880964	12.7855440135	0.2684339369	0.2608168953	0.2760692170	0.4250440963	0.4079597968	0.4422144235	1.9966890580	1.9971707564	1.9962142008	275.0000000000
8322000.00	8.322000E+06	0.6023492573	15.4284365512	8.289565E+09	1.929133E-07	5.778381E+05	3.705526E+05	608.2447725060	25.7699405030	12.7180545454	0.2678778738	0.2603153695	0.2754359090	0.4242768402	0.4073095489	0.4412825342	1.9967307473	1.9972101706	1.9962630259	276.0000000000
8376750.00	8.376750E+06	0.4829084716	15.3502153608	8.438068E+09	1.973572E-07	5.917429E+05	3.795303E+05	609.1040185133	25.7214262871	12.6477597656	0.2673666347	0.2598896452	0.2748107613	0.4236091071	0.4068247312	0.4403727890	1.9968088505	1.9972805328	1.9963539694	277.0000000000
8431500.00	8.431500E+06	0.3815811095	15.2666154241	8.585706E+09	2.018603E-07	6.055050E+05	3.885061E+05	611.4192798446	25.6688440142	12.5747544913	0.2669082395	0.2595506581	0.2742046475	0.4230623691	0.4065335621	0.4395113556	1.9969247236	1.9973825958	1.9964886129	278.0000000000
8486250.00	8.486250E+06	0.3007663228	15.1774571556	8.730933E+09	2.063871E-07	6.189890E+05	3.974115E+05	613.0499600049	25.6120252959	12.4991359668	0.2665100840	0.2593077989	0.2736280821	0.4226555342	0.4064591031	0.4387236619	1.9970796426	1.9975178020	1.9966665049	279.0000000000
8541000.00	8.541000E+06	0.2394860008	15.0826606812	8.872287E+09	2.109034E-07	6.320722E+05	4.061787E+05	614.0890853474	25.5511467005	12.4210036049	0.2661747051	0.2591593587	0.2730927290	0.4223980403	0.4066020716	0.4380382251	1.9972805564	1.9976944805	1.9968924787	280.0000000000
8595750.00	8.595750E+06	0.1947309549	14.9823534118	9.008709E+09	2.153837E-07	6.446703E+05	4.147629E+05	615.3088769549	25.4875476586	12.3404587353	0.2659011954	0.2590945242	0.2725723389	0.4222889458	0.4069408838	0.4374140293	1.9975265464	1.9979140768	1.9972083074	281.0000000000
8650500.00	8.650500E+06	0.1628567346	14.8769430172	9.137932E+09	2.197727E-07	6.567514E+05	4.230204E+05	616.6808876459	25.4236409592	12.2576043532	0.2656374467	0.2590501758	0.2721354701	0.4222619532	0.4073865674	0.4369973128	1.9979507986	1.9983124831	1.9976093304	282.0000000000
8705250.00	8.705250E+06	0.1405684129	14.7671767861	9.249328E+09	2.238109E-07	6.681410E+05	4.301651E+05	618.0098327201	25.3631861427	12.1725448721	0.2651105980	0.2594489204	0.2714043070	0.4220053792	0.4088341607	0.4362983689	1.9993663384	1.9988552114	1.9990423491	283.0000000000
8760000.00	8.760000E+06	0.1250196369	14.6539200219	9.341709E+09	2.274622E-07	6.787819E+05	4.360732E+05	619.2121355952	25.3073886259	12.0853858839	0.2642967878	0.2581474338	0.2655030179	0.4214818130	0.4075532480	0.4268022269	2.0018392236	2.0021578627	2.0074660774	284.0000000000
8814750.00	8.814750E+06	0.1148589765	14.5389015272	9.353348E+09	2.292057E-07	6.851049E+05	4.362387E+05	618.2298828045	25.2813395364	11.9962339202	0.2608176502	0.2606181532	0.2626097408	0.4178760124	0.4144979466	0.4240921766	2.0235490833	2.0083644136	2.0232725237	285.0000000000
8869500.00	8.869500E+06	0.1078418318	14.4223652592	9.311376E+09	2.296718E-07	6.951940E+05	4.322181E+05	618.8758717052	25.2533518876	11.9051962232	0.2577502134	0.2643079172	0.2356931039	0.4148211205	0.4234310967	0.3783557962	2.0229365841	2.0077507529	2.0616852473	286.0000000000
8924250.00	8.924250E+06	0.1017708858	14.3033062676	9.466637E+09	2.350618E-07	6.818999E+05	4.441725E+05	611.8954639970	25.2841920614	11.8123805202	0.2429987594	0.2628480502	0.2161680149	0.3918692638	0.4262217550	0.3398584139	2.1555223638	2.0648228796	2.3282802091	287.0000000000
8979000.00	8.979000E+06	0.0981015720	14.1849546893	9.450034E+09	2.362466E-07	6.775374E+05	4.430384E+05	607.2873569627	25.3073534340	11.7178948055	0.2248612830	0.2515330332	0.2043403224	0.3577392672	0.4096271640	0.3106305299	2.3298882464	2.1569188870	2.5601793815	288.0000000000
9033750.00	9.033750E+06	0.0948322001	14.0652980304	9.464892E+09	2.382560E-07	6.772139E+05	4.441805E+05	604.5127391847	25.3126645275	11.6218471284	0.2087005783	0.2293470830	0.1997877464	0.3194776136	0.3669443650	0.2936054873	2.5614408317	2.3312961602	2.7548434059	289.0000000000
9088500.00	9.088500E+06	0.0918313954	13.9446038008	9.504241E+09	2.409287E-07	6.797765E+05	4.471020E+05	602.8755970577	25.2960293627	11.5243453905	0.1977719094	0.1959737796	0.1995561140	0.2860948064	0.2839635892	0.2882664130	2.7554218941	2.7557518778	2.8637604607	290.0000000000
9143250.00	9.143250E+06	0.0888480462	13.8226607419	9.583050E+09	2.446589E-07	6.857869E+05	4.526315E+05	603.2038279163	25.2523094966	11.4254971474	0.1943518807	0.1902296201	0.1984852096	0.2735080755	0.2642117685	0.2828590121	2.9303959922	2.9122433901	2.9298778743	291.0000000000
9198000.00	9.198000E+06	0.0861144657	13.7003151548	9.664210E+09	2.485135E-07	6.923724E+05	4.584264E+05	603.8255178457	25.2015331425	11.3254094193	0.1942005357	0.1899103599	0.1984210409	0.2725116969	0.2625336407	0.2825178942	2.9394008724	2.9373778271	2.9398054679	292.0000000000
9252750.00	9.252750E+06	0.0836980468	13.5780007108	9.730008E+09	2.520343E-07	6.986976E+05	4.630876E+05	604.5548047700	25.1532677288	11.2241885116	0.1945501659	0.1906766877	0.1978344089	0.2737332650	0.2644170902	0.2820783016	2.9401490098	2.9403331798	2.9397518263	293.0000000000
9307500.00	9.307500E+06	0.0820941645	13.4571756619	9.696535E+09	2.530226E-07	7.043250E+05	4.601165E+05	604.6393819379	25.1263508496	11.1219398395	0.1946002962	0.1930105913	0.1924510167	0.2758151333	0.2705519526	0.2745955549	2.9397389542	2.9401352033	2.9392657832	294.0000000000
9362250.00	9.362250E+06	0.0809555348	13.3372710481	9.592932E+09	2.521855E-07	7.121219E+05	4.517378E+05	605.1748708877	25.1068986102	11.0187677628	0.1943237237	0.1956270995	0.1901063976	0.2779983137	0.2779131504	0.2728949382	2.9391865703	2.9395819650	2.9387143644	295.0000000000
9417000.00	9.417000E+06	0.0844897676	13.2291376972	8.677431E+09	2.298330E-07	7.391219E+05	3.850172E+05	605.5808453142	25.1553081755	10.9147754300	0.1912739952	0.2016220639	0.1779013671	0.2788306317	0.2973709237	0.2534559769	2.9080983959	2.8601532325	2.9265799659	296.0000000000
9471750.00	9.471750E+06	0.0771541023	13.0939127427	9.800538E+09	2.615451E-07	6.926308E+05	4.676884E+05	598.7410082952	25.1339575566	10.8100646267	0.1894609317	0.2042679528	0.1816059084	0.2781991083	0.3108878275	0.2580755947	2.5511562842	2.3210228270	2.7461991014	297.0000000000
9526500.00	9.526500E+06	0.0881915165	13.0044256651	7.385138E+09	1.985869E-07	7.843267E+05	3.011005E+05	595.7029959856	25.1500436598	10.7047356364	0.1844282304	0.1914071717	0.1818522858	0.2630349312	0.2817895992	0.2555356690	2.9381364565	2.9386376393	2.9376373949	298.0000000000
9581250.00	9.581250E+06	0.0817781377	12.8722370363	8.217996E+09	2.226739E-07	7.786633E+05	3.488298E+05	599.1569136837	25.0927975015	10.5988871061	0.1816437144	0.1808589362	0.1823525995	0.2523707950	0.2514100128	0.2545805240	1.9858984524	1.9839881495	1.9913550667	299.0000000000
9636000.00	9.636000E+06	0.0738062334	12.7353006842	9.614731E+09	2.625215E-07	6.976120E+05	4.536100E+05	596.1324301217	25.0898075964	10.4926159226	0.1820102479	0.1832244547	0.1775480874	0.2550449371	0.2570136812	0.2483188996	2.9247096408	2.9060688174	2.9313623372	300.0000000000
9690750.00	9.690750E+06	0.0846746869	12.6484176901	7.207520E+09	1.983113E-07	7.786551E+05	2.900352E+05	593.0972678683	25.1211098775	10.3860170944	0.1822730443	0.1861722350	0.1737217112	0.2580863757	0.2646897427	0.2436541696	2.9364396525	2.9369363309	2.9359458383	301.0000000000
9745500.00	9.745500E+06	0.0792037856	12.5188001436	7.968139E+09	2.209320E-07	7.634768E+05	3.330218E+05	596.8463557471	25.1084731228	10.2791836424	0.1825248879	0.1902505879	0.1672575049	0.2622145093	0.2753015088	0.2355231402	2.0446952711	2.0070639434	2.1326389342	302.0000000000
9800250.00	9.800250E+06	0.0752846778	12.3944238708	8.575853E+09	2.396193E-07	7.129176E+05	3.782289E+05	594.2555430424	25.1356502392	10.1722064993	0.1837490774	0.2000303491	0.1638867964	0.2715258705	0.3036989243	0.2327424187	2.9304209889	2.9236851102	2.9325796172	303.0000000000
9855000.00	9.855000E+06	0.0814260693	12.2964319479	7.138295E+09	2.009930E-07	7.517106E+05	2.856351E+05	591.1541698503	25.1999149651	10.0651744144	0.1972329832	0.2165766242	0.1738324042	0.3025253914	0.3396823642	0.2565982532	2.0432678298	2.0056993470	2.1310659665	304.0000000000
9909750.00	9.909750E+06	0.0774355793	12.1721049700	7.644552E+09	2.169083E-07	7.402227E+05	3.134108E+05	594.0976140114	25.1516177895	9.9581738674	0.1826263005	0.1999726466	0.1613178399	0.2714483949	0.3041613181	0.2298128535	2.1335584837	2.0453340014	2.3032650943	305.0000000000
9964500.00	9.964500E+06	0.0789465498	12.0637041411	7.231130E+09	2.067572E-07	7.242041E+05	2.897556E+05	591.6423611385	25.2453801445	9.8512889908	0.1832845815	0.2217404591	0.1587812693	0.2891297774	0.3717891290	0.2295736181	2.9290661675	2.9222116147	2.9312851313	306.0000000000
10019250.00	1.001925E+07	0.0750071327	11.9414943843	7.790489E+09	2.244596E-07	6.927137E+05	3.257763E+05	590.5887847229	25.2327717630	9.7446014937	0.1829426640	0.2195089500	0.1596326681	0.2874146009	0.3667420311	0.2306634134	2.9314031804	2.9291783891	2.9319139268	307.0000000000
10074000.00	1.007400E+07	0.0775575450	11.8373318763	7.102466E+09	2.061993E-07	7.011402E+05	2.831449E+05	589.2427755196	25.2751332619	9.6381906013	0.1812693865	0.2225665019	0.1605901781	0.2884396365	0.3854323547	0.2324531178	2.5378859815	2.3078432380	2.7352321338	308.0000000000
10128750.00	1.012875E+07	0.0732161399	11.7153231760	7.713817E+09	2.256491E-07	6.761842E+05	3.211249E+05	588.3695909517	25.2209488242	9.5321329914	0.1808119467	0.2067974377	0.1613625971	0.2764555722	0.3311243745	0.2317149609	2.8495769263	2.7371611171	2.8994272242	309.0000000000
10183500.00	1.018350E+07	0.0750327493	11.6111938052	7.194798E+09	2.120544E-07	6.750664E+05	2.891228E+05	587.9970710064	25.2721027815	9.4265027458	0.1794423814	0.2128623799	0.1621160564	0.2800224551	0.3586026773	0.2335683258	2.8489871792	2.7363282327	2.8989959474	310.0000000000
10238250.00	1.023825E+07	0.0740141664	11.5001236268	7.194345E+09	2.136283E-07	6.652578E+05	2.889455E+05	587.8406603047	25.2570696335	9.3213713027	0.1798190850	0.2134391274	0.1622729955	0.2806279575	0.3597793127	0.2335693708	2.8485321392	2.7358610719	2.8985745485	311.0000000000
10293000.00	1.029300E+07	0.0733110751	11.3910188155	7.156087E+09	2.140684E-07	6.533064E+05	2.866895E+05	586.9610211197	25.2587960957	9.2168074156	0.1791038666	0.2090898964	0.1628350146	0.2767781751	0.3456890801	0.2337657919	2.8985730037	2.8484054945	2.9181699058	312.0000000000
10347750.00	1.034775E+07	0.0737209921	11.2859834205	6.905783E+09	2.080971E-07	6.493587E+05	2.711009E+05	586.3339889771	25.2583947286	9.1128771208	0.1766590709	0.2048843880	0.1620636749	0.2704992502	0.3380630117	0.2308273431	2.7326748956	2.5351200672	2.8461782549	313.0000000000
10402500.00	1.040250E+07	0.0731631141	11.1796893794	6.880609E+09	2.088425E-07	6.310024E+05	2.702797E+05	585.4305078062	25.2850093288	9.0096437081	0.1776375213	0.2084103388	0.1638261227	0.2748192636	0.3546342770	0.2344639907	2.7319404199	2.5342355837	2.8456376373	314.0000000000
10457250.00	1.045725E+07	0.0724598661	11.0739983330	6.861986E+09	2.097682E-07	6.177466E+05	2.691503E+05	585.0499344979	25.2803580413	8.9071676976	0.1778511095	0.2088561299	0.1637952475	0.2750019657	0.3554800095	0.2339751191	2.7313316938	2.5335699832	2.8451395444	315.0000000000
10512000.00	1.051200E+07	0.0718382738	10.9697619658	6.837699E+09	2.104999E-07	6.038127E+05	2.677258E+05	584.5880319000	25.2784985945	8.8055068200	0.1780340526	0.2092781006	0.1637301105	0.2751096958	0.3562702224	0.2333991399	2.7306828213	2.5328351179	2.8446273592	316.0000000000
10566750.00	1.056675E+07	0.0712967247	10.8670149874	6.807712E+09	2.110305E-07	5.892639E+05	2.660075E+05	584.0437757673	25.2794663387	8.7047160060	0.1781832642	0.2096730440	0.1636278168	0.2751365519	0.3569987128	0.2327305472	2.7299920123	2.5320285896	2.8440999319	317.0000000000
10621500.00	1.062150E+07	0.0708338187	10.7657906091	6.772004E+09	2.113534E-07	5.741648E+05	2.639982E+05	583.4167536640	25.2833047031	8.6048473745	0.1782956831	0.2100377946	0.1634854460	0.2750766845	0.3576593531	0.2319637849	2.7292577349	2.5311483337	2.8435562429	318.0000000000
10676250.00	1.067625E+07	0.0702558366	10.6653842906	6.742619E+09	2.118407E-07	5.632447E+05	2.617134E+05	583.2781094204	25.2649911013	8.5059502322	0.1796025650	0.2114305459	0.1630749621	0.2767621132	0.3551667981	0.2310009811	2.7286449703	2.5304558672	2.8430725765	319.0000000000
10731000.00	1.073100E+07	0.0698624107	10.5671119011	6.697427E+09	2.117940E-07	5.489198E+05	2.592952E+05	582.5584119760	24.8319432392	8.4080710689	0.1808945047	0.2128078383	0.1626547550	0.2784235753	0.3526257047	0.2300268904	2.5284772374	2.2989070005	2.7269711417	320.0000000000
10785750.00	1.078575E+07	0.0693775274	10.4698943337	6.683025E+09	2.126841E-07	5.326010E+05	2.586318E+05	582.1526250471	24.8346347715	8.3112535678	0.1820141709	0.2173963409	0.1622559601	0.2824119534	0.3664584141	0.2293334354	2.5279325455	2.2984021269	2.7264741799	321.0000000000
10840500.00	1.084050E+07	0.0681879430	10.3720544718	6.808829E+09	2.180302E-07	5.105937E+05	2.666260E+05	581.4943082929	24.8458878764	8.2155386072	0.1822634365	0.2185628661	0.1619846465	0.2830353695	0.3696692973	0.2284145376	2.8425240915	2.7279295268	2.8938987643	322.0000000000
10895250.00	1.089525E+07	0.0675528707	10.2768558202	6.775466E+09	2.182661E-07	5.066423E+05	2.631694E+05	581.4799253753	24.7993762299	8.1209642767	0.1853406235	0.2147272309	0.1624901359	0.2827374379	0.3464438711	0.2288382556	2.2941426965	2.1254465206	2.5236752492	323.0000000000
10950000.00	1.095000E+07	0.0682100831	10.1874652062	6.616658E+09	2.143897E-07	4.838963E+05	2.554114E+05	580.7292868178	24.8530290611	8.0275658924	0.1856398510	0.2307315581	0.1610438907	0.2944326095	0.4022027695	0.2273836531	2.5254806981	2.2959935148	2.7244656001	324.0000000000
11004750.00	1.100475E+07	0.0652165509	10.0884412439	7.045180E+09	2.295541E-07	4.602917E+05	2.810823E+05	580.2806676375	24.8214708806	7.9353760126	0.1892317591	0.2301970909	0.1615269926	0.2973655231	0.3887209273	0.2284302156	2.9222949370	2.9148275321	2.9248508171	325.0000000000
11059500.00	1.105950E+07	0.0666879528	10.0042309162	6.696119E+09	2.193550E-07	4.526355E+05	2.604976E+05	581.1513684785	24.8326838685	7.8444244631	0.1900257627	0.2368076967	0.1602445293	0.3023220873	0.4076670970	0.2262805083	2.7248000312	2.5260471709	2.8401218557	326.0000000000
11114250.00	1.111425E+07	0.0620398158	9.9026740682	7.404619E+09	2.438126E-07	4.275846E+05	3.039514E+05	579.1254182289	24.7723970202	7.7547383598	0.1932529171	0.2160783851	0.1666129769	0.2898983442	0.3365411624	0.2343432900	2.8927288412	2.8410152086	2.9131872095	327.0000000000
11169000.00	1.116900E+07	0.0671148588	9.8324063288	6.406619E+09	2.119840E-07	4.363440E+05	2.444507E+05	578.1126716973	24.8085152629	7.6663421376	0.2087330337	0.2343507189	0.1794100542	0.3237241348	0.3769630600	0.2622747371	2.0301955967	1.9931466384	2.1167696232	328.0000000000
11223750.00	1.122375E+07	0.0662580539	9.7454677796	6.433434E+09	2.138568E-07	4.282181E+05	2.457770E+05	578.7824560913	24.7818198791	7.5792575801	0.2080276332	0.2370731152	0.1765585618	0.3234386493	0.3835923323	0.2564269976	2.1193157743	2.0322970929	2.2870431092	329.0000000000
11278500.00	1.127850E+07	0.0591602940	9.6405576035	7.626628E+09	2.546231E-07	3.862914E+05	3.194268E+05	578.9303076089	24.7248135219	7.4935038558	0.2004433597	0.2130739249	0.1819489209	0.2938485937	0.3210179726	0.2565546383	2.9209338532	2.9133451629	2.9235564686	330.0000000000
11333250.00	1.133325E+07	0.0658177575	9.5801336300	6.343185E+09	2.126328E-07	4.036184E+05	2.415088E+05	577.5618543602	24.7334586600	7.4090975490	0.2022602283	0.2133029456	0.1870426483	0.2956152637	0.3211679714	0.2640268633	2.9264238790	2.9267356545	2.9261149021	331.0000000000
11388000.00	1.138800E+07	0.0623172167	9.4894005694	6.839294E+09	2.301219E-07	3.911527E+05	2.676011E+05	577.2231897609	24.7287256433	7.3260527016	0.2046160761	0.2160603850	0.1931971621	0.3000934646	0.3295596376	0.2736283626	1.9750305697	1.9694982050	1.9894822134	332.0000000000
11442750.00	1.144275E+07	0.0577261241	9.3965910667	7.660659E+09	2.586402E-07	3.390855E+05	3.238125E+05	575.9847128767	24.7755861520	7.2443808521	0.2080440005	0.2242666012	0.1961947378	0.3102317342	0.3519747906	0.2797384078	2.7216341874	2.5225766775	2.8376118544	333.0000000000
11497500.00	1.149750E+07	0.0635551999	9.3383625954	6.544526E+09	2.216381E-07	3.521988E+05	2.550210E+05	577.5822621295	24.8000326651	7.1640910787	0.2194994054	0.2473494657	0.1879154305	0.3424155847	0.3996614793	0.2752696750	2.9246244557	2.9238305659	2.9247240738	334.0000000000
11552250.00	1.155225E+07	0.0633857453	9.2622385908	6.473032E+09	2.198148E-07	3.513848E+05	2.489078E+05	579.7298962824	24.7559315746	7.0851900431	0.2244618721	0.2372300962	0.2040238890	0.3407423728	0.3673240635	0.3003070587	1.9901839754	1.9756703868	2.0270677508	335.0000000000
11607000.00	1.160700E+07	0.0634061211	9.1882756829	6.408247E+09	2.181282E-07	3.392697E+05	2.458126E+05	578.8535987712	24.7679609535	7.0076820382	0.2275694816	0.2359686152	0.2172146249	0.3433492555	0.3624634462	0.3207676416	1.9688744717	1.9667155619	1.9744171062	336.0000000000
11661750.00	1.166175E+07	0.0640165947	9.1174071975	6.283824E+09	2.143158E-07	3.234896E+05	2.395915E+05	576.9632567752	24.8269542589	6.9315690347	0.2284716476	0.2365071278	0.2203155943	0.3443164289	0.3635798264	0.3251403840	1.9639441323	1.9636889286	1.9643777324	337.0000000000
11716500.00	1.171650E+07	0.0644307941	9.0473460768	6.192854E+09	2.115469E-07	3.073824E+05	2.355224E+05	575.3892435814	24.8828085481	6.8568507353	0.2359002156	0.2578943400	0.2216050946	0.3712097493	0.4290750152	0.3324257852	1.9623333825	1.9621707982	1.9625287151	338.0000000000
11771250.00	1.177125E+07	0.0626507777	8.9723701515	6.384425E+09	2.183462E-07	2.947967E+05	2.474310E+05	577.0534025951	24.8629576523	6.7835246212	0.2654049792	0.3054573395	0.2310500064	0.4491141470	0.5322253219	0.3685271826	1.9632520419	1.9629878932	1.9636934766	339.0000000000
11826000.00	1.182600E+07	0.0607315748	8.8980555004	6.584198E+09	2.253470E-07	2.854499E+05	2.601327E+05	577.3002739171	24.8246999693	6.7115860126	0.2918088598	0.3227386226	0.2512463536	0.5002737036	0.5607543372	0.4176821106	1.9747320383	1.9691691403	1.9891997222	340.0000000000
11880750.00	1.188075E+07	0.0580068745	8.8223326338	6.946446E+09	2.378200E-07	2.697665E+05	2.833748E+05	579.5099929351	24.8072199847	6.6410281176	0.3092819089	0.3267741606	0.2813194752	0.5289950065	0.5641193861	0.4747929909	1.9893523868	1.9748725768	2.0261518599	341.0000000000
11935500.00	1.193550E+07	0.0585269421	8.7583228220	6.813468E+09	2.332371E-07	2.575064E+05	2.765195E+05	575.8357383345	24.8627404422	6.5718420943	0.3159189604	0.3272351754	0.3031731035	0.5386869996	0.5630632779	0.5116726751	1.9652763487	1.9643464910	1.9674516053	342.0000000000
11990250.00	1.199025E+07	0.0599248675	8.6983970940	6.577561E+09	2.250300E-07	2.420803E+05	2.638171E+05	569.6991585038	24.9730017977	6.5040171075	0.3172925901	0.3284758658	0.3056990958	0.5406950107	0.5650085373	0.5155389044	1.9613457224	1.9611506273	1.9615573204	343.0000000000
12045000.00	1.204500E+07	0.0616062922	8.6404305460	6.319626E+09	2.159790E-07	2.266674E+05	2.501677E+05	563.5268443738	25.0970439846	6.4375403870	0.3180325715	0.3296398168	0.3060372706	0.5417270486	0.5669414219	0.5157103210	1.9585794744	1.9584148028	1.9587508170	344.0000000000
12099750.00	1.209975E+07	0.0634955253	8.5840855741	6.053016E+09	2.065531E-07	2.116176E+05	2.363764E+05	557.4497677046	25.2302871555	6.3723972929	0.3186084511	0.3306145750	0.3062318458	0.5424387733	0.5684996942	0.5156089294	1.9559360974	1.9557987354	1.9560781721	345.0000000000
12154500.00	1.215450E+07	0.0656084417	8.5293158304	5.779209E+09	1.968158E-07	1.969882E+05	2.225405E+05	551.4719292503	25.3727595269	6.3085713753	0.3190230685	0.3314007436	0.3062898410	0.5428291610	0.5696798817	0.5152381227	1.9534006682	1.9532917792	1.9535127138	346.0000000000
12209250.00	1.220925E+07	0.0679655867	8.4760825443	5.499479E+09	1.868247E-07	1.828209E+05	2.087403E+05	545.6089903962	25.5246348171	6.2460444405	0.3192760734	0.3320025947	0.3062043389	0.5428919914	0.5704860604	0.5145772148	1.9509652750	1.9508859103	1.9510464948	347.0000000000
12264000.00	1.226400E+07	0.0705932212	8.4243546592	5.214908E+09	1.766313E-07	1.691421E+05	1.950412E+05	539.8859757521	25.6862301299	6.1847966155	0.3193664253	0.3324252228	0.3059677643	0.5426199931	0.5709240902	0.5136048719	1.9486233234	1.9485743331	1.9486730781	348.0000000000
12318750.00	1.231875E+07	0.0735246693	8.3741086800	4.926400E+09	1.662819E-07	1.559652E+05	1.814952E+05	534.2644740043	25.8580092977	6.1248064149	0.3192921133	0.3326726154	0.3055727612	0.5420047408	0.5709982097	0.5123012605	1.9463696589	1.9463517714	1.9463873735	349.0000000000
12373500.00	1.237350E+07	0.0767681225	8.3252685684	4.636344E+09	1.558727E-07	1.434681E+05	1.682252E+05	528.8287338726	26.0395521987	6.0660508099	0.3189820632	0.3326834213	0.3049423800	0.5408968251	0.5705868107	0.5105017230	1.9442080412	1.9442218437	1.9441932370	350.0000000000
12428250.00	1.242825E+07	0.0772201458	8.2724741583	4.505832E+09	1.508108E-07	1.444815E+05	1.631099E+05	526.1731289205	26.1383984624	6.0085052972	0.3125111566	0.3269691903	0.2979740978	0.5271263777	0.5591161714	0.4954016548	1.9428978835	1.9429344165	1.9428597103	351.0000000000
12483000.00	1.248300E+07	0.0653693947	8.2033896161	4.320155E+09	1.438812E-07	3.230804E+05	1.598717E+05	524.2678222492	26.0542534418	5.9521439676	0.2917935458	0.3083423254	0.2761973271	0.4844352951	0.5229213316	0.4494206953	1.9423492872	1.9423974735	1.9422989699	352.0000000000
12537750.00	1.253775E+07	0.0217715783	8.0473405783	3.006795E+09	9.959561E-08	3.610889E+06	1.592322E+05	523.1833126191	26.1948652153	5.8969395797	0.2202553440	0.2402634506	0.2010258913	0.3261469102	0.3699856775	0.2824319352	1.9320757000	1.9322772109	1.9318706236	353.0000000000
12592500.00	1.259250E+07	0.0757148235	8.1129438698	4.313612E+09	1.420347E-07	1.587180E+05	1.558471E+05	525.2070746159	26.3004980255	5.8428636336	0.2101710161	0.2298241897	0.1865183457	0.3041412060	0.3460342574	0.2544481907	1.9044820741	1.9055287497	1.9034296153	354.0000000000
12647250.00	1.264725E+07	0.0279674025	7.9720556590	1.725807E+08	5.646103E-09	1.594950E+06	5648.3715477934	523.6660172261	25.9437767562	5.7898864401	0.2235052290	0.2409885245	0.2031771414	0.3329085903	0.3701231123	0.2903188977	1.9241694361	1.9244508344	1.9238837511	355.0000000000
12702000.00	1.270200E+07	0.0288620913	7.9097035837	1.645709E+08	5.346884E-09	1.492250E+06	5297.5060579627	522.3487040219	25.9561362093	5.7379771992	0.1725849140	0.2055050872	0.1358658751	0.2421409293	0.3148746092	0.1569853513	2.4734611623	2.2565134317	2.6669845166	356.0000000000
12756750.00	1.275675E+07	0.0202179905	7.8245050485	1.406493E+09	4.535922E-08	4.243419E+06	6.556116E+04	519.8539535934	26.1165595243	5.6871040748	0.1508425313	0.1669907308	0.1344708952	0.1641971401	0.1998467644	0.1280451084	1.9074650012	1.9084763456	1.9064476869	357.0000000000
12811500.00	1.281150E+07	0.0211064331	7.7803432569	9.633445E+08	3.082345E-08	3.985553E+06	4.008440E+04	523.7698841863	25.6459424110	5.6372342693	0.1651621272	0.1948735259	0.1340573895	0.2198964461	0.2857337740	0.1504804268	1.9019637825	1.9030286553	1.9008920345	358.0000000000
12866250.00	1.286625E+07	0.0263178958	7.8018049464	3.598988E+08	1.141945E-08	1.741600E+06	1.270676E+04	525.6268473652	25.8768489412	5.5883341031	0.1605410842	0.1868420063	0.1320636184	0.2091102412	0.2654887496	0.1471033409	1.9222679652	1.9225949105	1.9219355429	359.0000000000
12921000.00	1.292100E+07	0.0231802099	7.6968349080	1.623891E+09	5.107193E-08	3.248516E+06	7.438789E+04	527.9922920357	26.0468334587	5.5403690916	0.0654582217	0.0877342959	0.0356922116	-0.0256652547	0.0219364160	-0.0875657004	2.9132767727	2.9137662555	2.9127724612	360.0000000000
12975750.00	1.297575E+07	0.0239772594	7.6545348999	1.500008E+09	4.673874E-08	3.064038E+06	6.685705E+04	523.7708471362	26.1446815011	5.4933040247	0.0655793324	0.0830141328	0.0477307607	-0.0307035392	0.0081635281	-0.0704494504	2.9145549723	2.9149784458	2.9140800258	361.0000000000
13030500.00	1.303050E+07	0.0250200121	7.6157873434	1.395656E+09	4.306454E-08	2.848152E+06	6.050026E+04	519.1971777168	26.3372802342	5.4471030440	0.0646443214	0.0867783667	0.0448737324	-0.0261662523	0.0325109275	-0.0746141042	2.8192835777	2.6987744433	2.8754141860	362.0000000000
13085250.00	1.308525E+07	0.0326994451	7.5769149831	6.352313E+09	1.940140E-07	9.609228E+05	3.365474E+05	518.1250796750	26.3598492949	5.4017297260	0.0585626038	0.0910025081	0.0289520490	-0.0218599630	0.0502090616	-0.0935068596	2.8732058656	2.8741901071	2.8722131133	363.0000000000
13140000.00	1.314000E+07	0.0250682793	7.5917412141	3.458806E+08	1.045179E-08	1.935257E+06	1.265249E+04	511.5935806821	26.3109387055	5.3571471611	0.1290321815	0.1592887193	0.1001192733	0.1588914927	0.2245281438	0.0931503219	1.9161872767	1.9169020433	1.9154655859	364.0000000000
13194750.00	1.319475E+07	0.0206670121	7.4950209718	1.602877E+09	4.789980E-08	3.797301E+06	7.564004E+04	522.2608897650	26.1348586938	5.3133180337	0.1043989381	0.1391509863	0.0689531722	0.1129913375	0.1898855209	0.0326923308	2.0946125877	2.0118156635	2.2557466994	365.0000000000
13249500.00	1.324950E+07	0.0187983556	7.4575540720	1.132684E+09	3.345936E-08	4.350022E+06	4.914392E+04	513.1784395062	25.8933288626	5.2702047059	0.0920005646	0.1179063700	0.0689537440	0.0707982082	0.1340479901	0.0165022546	1.9048839217	1.9059163089	1.9038442349	366.0000000000
13304250.00	1.330425E+07	0.0197162610	7.4171683629	2.371803E+09	6.922629E-08	3.902711E+06	1.262342E+05	520.3313345724	25.8139751682	5.2277692979	0.0921732948	0.1218110939	0.0551730023	0.0945483392	0.1546129285	0.0182931507	1.9058690041	1.9069001641	1.9048305235	367.0000000000
13359000.00	1.335900E+07	0.0202363925	7.3813906513	2.303529E+09	6.640155E-08	3.717357E+06	1.200273E+05	519.1494768977	25.9361660832	5.1859737698	0.0956732651	0.1176931459	0.0731865436	0.0994610392	0.1446482011	0.0533576922	1.9058928229	1.9069258840	1.9048524382	368.0000000000
13413750.00	1.341375E+07	0.0214711309	7.3501554571	2.142765E+09	6.097619E-08	3.356791E+06	1.069430E+05	513.6748217621	26.2044461846	5.1447800071	0.0957646372	0.1180719128	0.0730936042	0.0988611480	0.1447542519	0.0523391643	1.9058384606	1.9068701655	1.9047992255	369.0000000000
13468500.00	1.346850E+07	0.0225924581	7.3184454720	2.235397E+09	6.276980E-08	3.031791E+06	1.105339E+05	514.0321557257	26.2570090734	5.1041498980	0.0786247187	0.1066807573	0.0534906575	0.0741160202	0.1424030656	0.0165340555	1.9063509115	1.9073742466	1.9053201601	370.0000000000
13523250.00	1.352325E+07	0.0233920393	7.2854410078	2.198245E+09	6.088226E-08	2.840262E+06	1.068049E+05	513.5924790738	26.6329581753	5.0640454202	0.0378983338	0.0771507077	-5.025976E-05	0.0069211312	0.0959124397	-0.0813722649	1.9171895336	1.9179363617	1.9164416844	371.0000000000
13578000.00	1.357800E+07	0.0262516131	7.2471788810	1.278024E+09	3.489635E-08	2.466042E+06	5.251429E+04	517.3876947247	26.4213232767	5.0244287212	0.0244214797	0.0698818241	-0.0247696336	-0.0012903319	0.1022945044	-0.1132087406	2.7784262473	2.6619268023	2.8330155817	372.0000000000
13632750.00	1.363275E+07	0.0306323293	7.2179187272	5.778261E+09	1.554786E-07	1.057820E+06	3.151618E+05	517.0353153626	26.1965310353	4.9852622024	0.0332803536	0.0609966871	0.0073059458	0.0028306017	0.0685287286	-0.0541833423	1.9094830278	1.9103566995	1.9086036160	373.0000000000
13687500.00	1.368750E+07	0.0273403609	7.1813535060	4.503482E+09	1.193599E-07	1.665340E+06	2.416195E+05	562.2435592064	26.1073891023	4.9465085985	0.0015459178	0.0512758839	-0.0689936420	0.0014756129	0.0988387672	-0.1430017447	1.9267561661	1.9267345794	1.9278148043	374.0000000000
13742250.00	1.374225E+07	0.0262339057	7.1453189043	4.237793E+09	1.105829E-07	1.828309E+06	2.313557E+05	564.7145668985	26.1187724335	4.9081310624	-6.166846E-05	0.0371897375	-0.0547781427	-0.0001222585	0.0717198066	-0.1064736113	1.9325997400	1.9287017616	1.9441644832	375.0000000000
13797000.00	1.379700E+07	0.0267603439	7.1162891937	4.276494E+09	1.098179E-07	1.752244E+06	2.311490E+05	561.6821114943	26.2153457882	4.8700932449	-1.069519E-09	0.0273671729	-0.0285685219	-2.057947E-09	0.0526702759	-0.0549702216	1.9241803665	1.9245786190	1.9241535066	376.0000000000
13851750.00	1.385175E+07	0.0284229207	7.0942328091	4.031759E+09	1.018386E-07	1.586765E+06	2.093034E+05	554.0577094756	26.4642042912	4.8323593762	-1.223082E-09	0.0269467373	-0.0272069215	-2.349657E-09	0.0517848595	-0.0522492079	1.9210944502	1.9217487721	1.9204380692	377.0000000000
13906500.00	1.390650E+07	0.0304656989	7.0741197627	3.752514E+09	9.318885E-08	1.418478E+06	1.867127E+05	546.1456703322	26.7407786631	4.7948943456	-2.198462E-11	0.0270206557	-0.0272452986	-4.218008E-11	0.0518608938	-0.0522544138	1.9186163103	1.9193055304	1.9179240662	378.0000000000
13961250.00	1.396125E+07	0.0329130391	7.0554095391	3.456413E+09	8.434867E-08	1.254260E+06	1.647333E+05	538.2424347837	27.0413800665	4.7576637812	1.325311E-09	0.0270750111	-0.0272630542	2.539895E-09	0.0519073434	-0.0522287530	1.9164524876	1.9171679517	1.9157337516	379.0000000000
14016000.00	1.401600E+07	0.0358697913	7.0379182469	3.147114E+09	7.543246E-08	1.095759E+06	1.435878E+05	530.4149102940	27.3664244749	4.7206341301	-3.331807E-09	0.0271028122	-0.0272520536	-6.379037E-09	0.0519106287	-0.0521563213	1.9145875303	1.9153225984	1.9138492061	380.0000000000
14070750.00	1.407075E+07	0.0394858505	7.0216317633	2.827757E+09	6.653624E-08	9.442192E+05	1.234417E+05	522.6884446627	27.7187372947	4.6837727365	-5.251070E-09	0.0270937398	-0.0272033307	-1.004540E-08	0.0518511875	-0.0520200155	1.9130195591	1.9137700347	1.9122664070	381.0000000000
14125500.00	1.412550E+07	0.0439847062	7.0066477911	2.500783E+09	5.773431E-08	8.004616E+05	1.044008E+05	515.1195280696	28.1017673351	4.6470479159	-1.215639E-08	0.0270388085	-0.0271070909	-2.324021E-08	0.0517126083	-0.0518017702	1.9117695135	1.9125328038	1.9110044063	382.0000000000
14180250.00	1.418025E+07	0.0497101810	6.9931182805	2.168250E+09	4.908793E-08	6.650256E+05	8.653156E+04	507.7169266083	28.5189399965	4.6104290340	-6.013270E-08	0.0269334972	-0.0269584010	-1.149067E-07	0.0514876772	-0.0514935507	1.9108859359	1.9116595497	1.9101114538	383.0000000000
14235000.00	1.423500E+07	0.0572150865	6.9813635361	1.832220E+09	4.065462E-08	5.383100E+05	6.987942E+04	500.4986157780	28.5039268602	4.5738865806	-3.255839E-07	0.0267734008	-0.0267531200	-6.220050E-07	0.0511696160	-0.0510890261	1.9104291454	1.9112109173	1.9096473968	384.0000000000
14289750.00	1.428975E+07	0.0673973948	6.9721091267	1.496551E+09	3.252698E-08	4.210742E+05	5.453532E+04	493.5039378161	29.0001926191	4.5373922436	-1.828424E-06	0.0265561408	-0.0264910158	-3.492944E-06	0.0507526212	-0.0505864903	1.9103575398	1.9111444564	1.9095715562	385.0000000000
14344500.00	1.434450E+07	0.0819021914	6.9657672917	1.164181E+09	2.477076E-08	3.136317E+05	4.052985E+04	486.8638806377	29.5603473505	4.5009189793	-1.057911E-05	0.0262734439	-0.0261759593	-2.021330E-05	0.0502208582	-0.0499933188	1.9106806623	1.9114686180	1.9098946286	386.0000000000
14399250.00	1.439925E+07	0.1040792440	6.9624277823	8.375612E+08	1.743578E-08	2.160278E+05	2.785770E+04	480.7851478533	30.2058474675	4.4644410845	-6.414884E-05	0.0258849687	-0.0258428072	-0.0001226158	0.0494975372	-0.0493764978	1.9114301214	1.9122136141	1.9106496369	387.0000000000
14454000.00	1.445400E+07	0.1418796752	6.9616415460	5.189952E+08	1.056398E-08	1.281687E+05	1.649626E+04	474.9081773961	30.9789126954	4.4279342664	-0.0004111528	0.0251413274	-0.0257394075	-0.0007863644	0.0481043995	-0.0492091369	1.9126022876	1.9133736364	1.9118352015	388.0000000000
14508750.00	1.450875E+07	0.2151844521	6.9625472615	2.221500E+08	4.418515E-09	5.257881E+04	6763.3726973387	469.3245510859	31.3048149783	4.3913757079	-0.0025425019	0.0225672207	-0.0273726444	-0.0048662956	0.0432103948	-0.0523703414	1.9140484424	1.9148027398	1.9132998487	389.0000000000
14563500.00	1.456350E+07	0.3197745585	6.9532858962	3.212855E+07	6.240315E-10	7334.4025561126	951.1970478033	465.7660791697	32.0694382722	4.3547441340	-0.0119957010	0.0126820637	-0.0363377773	-0.0229708845	0.0242946139	-0.0695576647	1.9150011930	1.9157383912	1.9142712444	390.0000000000
14618250.00	1.461825E+07	0.3461553487	6.9287389180	4.409388E+05	8.357811E-12	98.0370477369	12.9884867006	465.2340128097	30.7780073725	4.3180198756	-0.0325700378	-0.0082658018	-0.0564824849	-0.0623596450	-0.0158319832	-0.1081025992	1.9146375215	1.9153648737	1.9139189586	391.0000000000
14673000.00	1.467300E+07	0.3452083009	6.9017603343	288.3634479170	0.000000E+00	0.0625823548	0.0084891381	465.4254852708	27.2545971150	4.2811849320	-0.0563662976	-0.0324549983	-0.0798288149	-0.1078809422	-0.0621397958	-0.1527299421	1.9139263622	1.9146448728	1.9132182194	392.0000000000
14727750.00	1.472775E+07	0.3438637073	6.8750006176	0.0089217428	0.000000E+00	1.890972E-06	2.625217E-07	465.7278346197	22.7863906299	4.2442230275	-0.0798286568	-0.0563661294	-0.1027841761	-0.1527296413	-0.1078806214	-0.1965770080	1.9132182281	1.9139263708	1.9125220970	393.0000000000
