54750.00	5.475000E+04	0.1470264045	5.7873305047	2.984258E+08	5.225352E-09	3.758526E+06	1.221107E+04	595.5965321248	25.8789445218	4.2044046301	0.2023690782	0.2030223449	0.2016212609	0.3126933790	0.3140807132	0.3110667329	2.8985666719	2.8978375467	2.8992770399	490.0000000000
109500.00	1.095000E+05	0.1438464125	5.7534963770	2.982663E+08	4.889287E-09	3.790367E+06	1.227594E+04	595.9420511825	25.8716161420	4.1155204168	0.2026340492	0.2031789473	0.2019823591	0.3130991756	0.3142116917	0.3117168360	2.8976970043	2.8969479127	2.8984264708	489.0000000000
164250.00	1.642500E+05	0.1408041852	5.7214875806	2.980349E+08	4.563845E-09	3.821582E+06	1.233710E+04	596.2576079524	25.8652583670	4.0281171270	0.2028845220	0.2033073361	0.2023412315	0.3134615000	0.3142649504	0.3123541596	2.8968083821	2.8960384925	2.8975577793	488.0000000000
219000.00	2.190000E+05	0.1378995289	5.6912825117	2.977257E+08	4.251201E-09	3.852024E+06	1.239402E+04	596.5398429153	25.8599682531	3.9422963176	0.2031181318	0.2034035284	0.2026969952	0.3137740953	0.3142302533	0.3129761015	2.8959004349	2.8951089241	2.8966705899	487.0000000000
273750.00	2.737500E+05	0.1351323434	5.6628568309	2.973322E+08	3.953050E-09	3.881522E+06	1.244608E+04	596.7848639733	25.8558546270	3.8581561293	0.2033321162	0.2034630145	0.2030484475	0.3140297420	0.3140960732	0.3135792964	2.8949728751	2.8941589323	2.8957646051	486.0000000000
328500.00	3.285000E+05	0.1325026466	5.6361836356	2.968470E+08	3.670610E-09	3.909883E+06	1.249260E+04	596.9884988249	25.8530384622	3.7757910371	0.2035233214	0.2034806839	0.2033942144	0.3142202329	0.3138493885	0.3141599285	2.8940255010	2.8931883312	2.8948396098	485.0000000000
383250.00	3.832500E+05	0.1300106344	5.6112338091	2.962623E+08	3.404657E-09	3.936890E+06	1.253284E+04	597.1460685761	25.8516553409	3.6952916206	0.2036880831	0.2034507280	0.2037325773	0.3143361209	0.3134754982	0.3147133325	2.8930582377	2.8921970645	2.8938955140	484.0000000000
438000.00	4.380000E+05	0.1276567395	5.5879762095	2.955695E+08	3.155568E-09	3.962296E+06	1.256595E+04	597.2524487676	25.8518564895	3.6167443527	0.2038221519	0.2033665234	0.2040614321	0.3143665856	0.3129577700	0.3152339536	2.8920711390	2.8911852113	2.8929323486	483.0000000000
492750.00	4.927500E+05	0.1254416797	5.5663779977	2.947587E+08	2.923372E-09	3.985821E+06	1.259100E+04	597.3020162187	25.8538105819	3.5402314076	0.2039206071	0.2032205072	0.2043782318	0.3142992511	0.3122773787	0.3157152200	2.8910644211	2.8901530145	2.8919503061	482.0000000000
547500.00	5.475000E+05	0.1233665377	5.5464048131	2.938195E+08	2.707811E-09	4.007153E+06	1.260698E+04	597.2884882221	25.8577066119	3.4658304889	0.2039777123	0.2030040356	0.2046798510	0.3141197993	0.3114128970	0.3161491945	2.8900384903	2.8891009125	2.8909497627	481.0000000000
602250.00	6.022500E+05	0.1214328859	5.5280210624	2.927403E+08	2.508399E-09	4.025936E+06	1.261273E+04	597.2052695722	25.8637550551	3.3936146771	0.2039868076	0.2027072076	0.2049625433	0.3138118376	0.3103400114	0.3165265980	2.8889939831	2.8880295796	2.8899313224	480.0000000000
657000.00	6.570000E+05	0.1196429209	5.5111901358	2.915082E+08	2.324470E-09	4.041771E+06	1.260700E+04	595.3419328543	25.8721921146	3.3236522966	0.2039401893	0.2023187380	0.2052218483	0.3133565843	0.3090311843	0.3168365821	2.8879318176	2.8869399796	2.8888958628	479.0000000000
711750.00	7.117500E+05	0.1179996848	5.4958747837	2.901090E+08	2.155234E-09	4.054200E+06	1.258841E+04	592.9849884929	25.8832834566	3.2560068021	0.2038289487	0.2018258003	0.2054524517	0.3127325027	0.3074553157	0.3170663950	2.8868532448	2.8858334175	2.8878445866	478.0000000000
766500.00	7.665000E+05	0.1165072477	5.4820371469	2.885270E+08	1.999812E-09	4.062701E+06	1.255541E+04	590.4857378439	25.8973291700	3.1907366851	0.2036428460	0.2012139147	0.2056480434	0.3119151499	0.3055776298	0.3172011907	2.8857599461	2.8847116364	2.8867791208	477.0000000000
821250.00	8.212500E+05	0.1151709869	5.4696392653	2.867445E+08	1.857280E-09	4.066679E+06	1.250631E+04	587.8435869931	25.9146681856	3.1278953985	0.2033700366	0.2004666851	0.2058010686	0.3108765812	0.3033591652	0.3172234522	2.8846540971	2.8835768853	2.8857015728	476.0000000000
876000.00	8.760000E+05	0.1139979092	5.4586432807	2.847418E+08	1.726688E-09	4.065453E+06	1.243925E+04	585.0580724137	25.9356853262	3.0675313005	0.2029967672	0.1995654230	0.2059024515	0.3095849954	0.3007562963	0.3171126371	2.8835384708	2.8824320203	2.8846146411	475.0000000000
930750.00	9.307500E+05	0.1129970706	5.4490117959	2.824968E+08	1.607087E-09	4.058242E+06	1.235218E+04	582.6376340847	25.9608186231	3.0096876170	0.2025066697	0.1984882802	0.2059410277	0.3080038378	0.2977196528	0.3168444740	2.8824165780	2.8812806467	2.8835217479	474.0000000000
985500.00	9.855000E+05	0.1121802994	5.4407086701	2.799839E+08	1.497542E-09	4.044141E+06	1.224283E+04	579.5352431649	25.9905712143	2.9544024211	0.2018793546	0.1972088907	0.2059023820	0.3060902050	0.2941926491	0.3163897589	2.8812927720	2.8801272240	2.8824271482	473.0000000000
1040250.00	1.040250E+06	0.1115627994	5.4336997803	2.771739E+08	1.397142E-09	4.022108E+06	1.210869E+04	576.2904104637	26.0255181600	2.9017086308	0.2010903258	0.1956984072	0.2057671269	0.3037950359	0.2901154936	0.3157115863	2.8801722389	2.8789770602	2.8813359149	472.0000000000
1095000.00	1.095000E+06	0.1111630702	5.4279523282	2.740346E+08	1.305018E-09	3.991020E+06	1.194716E+04	572.9054528098	26.0662950759	2.8516340228	0.2001151091	0.1939299203	0.2055135287	0.3010677188	0.2854303820	0.3147673135	2.8790610344	2.8778363416	2.8802539818	471.0000000000
1149750.00	1.149750E+06	0.1110035871	5.4234347788	2.705319E+08	1.220348E-09	3.949692E+06	1.175557E+04	569.3851800492	26.1135984383	2.8042012631	0.1989309302	0.1918775868	0.2051219611	0.2978578688	0.2800790120	0.3135149904	2.8779664410	2.8767124983	2.8791884938	470.0000000000
1204500.00	1.204500E+06	0.1111124524	5.4201179623	2.666279E+08	1.142350E-09	3.896849E+06	1.153117E+04	565.7363564655	26.1682119168	2.7594279519	0.1975148340	0.1895153032	0.2045732496	0.2941138157	0.2740021813	0.3119121376	2.8768971897	2.8756144254	2.8781480251	469.0000000000
1259250.00	1.259250E+06	0.1115252114	5.4179760290	2.622797E+08	1.070284E-09	3.831125E+06	1.127113E+04	561.9668576148	26.2310209507	2.7173266848	0.1958433267	0.1868173483	0.2038471291	0.2897829160	0.2671420382	0.3099138137	2.8758636065	2.8745526300	2.8771427322	468.0000000000
1314000.00	1.314000E+06	0.1122870863	5.4169872624	2.574386E+08	1.003442E-09	3.751081E+06	1.097265E+04	558.0854829437	26.3030306400	2.6779051263	0.1938929102	0.1837593259	0.2029223015	0.2848130149	0.2594444664	0.3074730357	2.8748777887	2.8735394079	2.8761845205	467.0000000000
1368750.00	1.368750E+06	0.1134559583	5.4171347619	2.520495E+08	9.411463E-10	3.655238E+06	1.063294E+04	554.1008056161	26.3853832291	2.6411660982	0.1916409433	0.1803193195	0.2017770239	0.2791545700	0.2508618762	0.3045423059	2.8739537826	2.8725890271	2.8752872233	466.0000000000
1423500.00	1.423500E+06	0.1151062841	5.4184060209	2.460516E+08	8.827529E-10	3.542138E+06	1.024954E+04	550.0208710508	26.4793732968	2.6071076791	0.1890671638	0.1764787144	0.2003931434	0.2727656091	0.2413556392	0.3010870286	2.8731075149	2.8717177048	2.8744664792	465.0000000000
1478250.00	1.478250E+06	0.1171673562	5.4207477808	2.416783E+08	8.355959E-10	3.418464E+06	9960.6050317357	546.1549976396	26.5784855889	2.5757233160	0.1872749990	0.1722235866	0.2003128760	0.2699959302	0.2315983379	0.3028040917	2.8723179834	2.8709040870	2.8737016868	464.0000000000
1533000.00	1.533000E+06	0.1172266781	5.4236786277	2.482427E+08	8.296505E-10	3.400681E+06	1.025655E+04	545.7375164534	26.6106626633	2.5470019472	0.1972807227	0.1681030232	0.2138757271	0.3037288226	0.2281693456	0.3458669970	2.8713278201	2.8698884579	2.8727377100	463.0000000000
1587750.00	1.587750E+06	0.1157091847	5.4262367561	2.614840E+08	8.473133E-10	3.461477E+06	1.090301E+04	546.6677167462	26.5290525646	2.5209281346	0.2014233810	0.1747328353	0.2343748453	0.3005630003	0.2389305894	0.3731804344	2.8697958578	2.8683292813	2.8712337969	462.0000000000
1642500.00	1.642500E+06	0.1108242854	5.4313075942	3.090383E+08	9.738982E-10	3.717175E+06	1.354458E+04	544.4701892394	26.5279450759	2.4974822053	0.2235798189	0.2041962289	0.2424000503	0.3302212000	0.2841304742	0.3748802984	2.8688734012	2.8673835490	2.8703356202	461.0000000000
1697250.00	1.697250E+06	0.1206460228	5.4369193333	4.637633E+08	1.425674E-09	3.201313E+06	2.346417E+04	546.7207860138	26.5755496959	2.4766404016	0.2454145651	0.2149969846	0.2685527391	0.3768538308	0.3112967439	0.4285270311	2.8676121066	2.8660919259	2.8691055592	460.0000000000
1752000.00	1.752000E+06	0.1258923035	5.4443562282	4.714407E+08	1.418039E-09	2.985994E+06	2.330194E+04	518.8055899010	26.7270681215	2.4583750388	0.2472337661	0.2236467768	0.2703633259	0.3780951259	0.3227408410	0.4337537156	2.8670978059	2.8655614191	2.8686088409	459.0000000000
1806750.00	1.806750E+06	0.1215222949	5.4509915895	4.513648E+08	1.332389E-09	3.165583E+06	2.218288E+04	546.1647760907	26.6833639695	2.4426546695	0.3235334322	0.2665270480	0.3482406299	0.5554576989	0.4427700280	0.6092998099	2.8663381992	2.8647845277	2.8678679839	458.0000000000
1861500.00	1.861500E+06	0.1263030668	5.4599336758	4.598051E+08	1.336020E-09	2.977397E+06	2.217112E+04	519.9720556286	26.8156542689	2.4294442535	0.3365883404	0.3084969868	0.3629008954	0.5737525397	0.5128630372	0.6308766387	2.8660612635	2.8644957969	2.8676045116	457.0000000000
1916250.00	1.916250E+06	0.1354425611	5.4709233677	4.271037E+08	1.225142E-09	2.673979E+06	1.950979E+04	503.8166688877	27.0614180413	2.4187053339	0.3366048821	0.3068711824	0.3646178036	0.5730110311	0.5086116133	0.6337763469	2.8664050955	2.8648349263	2.8679549983	456.0000000000
1971000.00	1.971000E+06	0.1469089862	5.4832698455	3.969892E+08	1.127472E-09	2.367201E+06	1.721483E+04	495.4584337175	27.3199991744	2.4103962163	0.3337896185	0.3022661928	0.3643702036	0.5665637938	0.4982958668	0.6339819481	2.8663286280	2.8653841506	2.8502152467	455.0000000000
2025750.00	2.025750E+06	0.1340164281	5.4874590607	7.909643E+08	2.230477E-09	2.644780E+06	4.161320E+04	499.9284698349	26.4239727256	2.4044721525	0.2386134761	0.1928614373	0.2826581746	0.3618591624	0.2597047168	0.4578820274	1.9342998782	1.9331417064	1.9354530125	454.0000000000
2080500.00	2.080500E+06	0.2222594593	5.5118488879	4.442697E+09	1.247436E-08	4.079373E+05	2.484742E+05	494.1741530879	27.0282357231	2.4008855274	0.2052070527	0.1710048711	0.2384890546	0.2797443714	0.2050486669	0.3533963159	2.8659190405	2.8643218661	2.8675017943	453.0000000000
2135250.00	2.135250E+06	0.1510325082	5.5132272523	5.244320E+08	1.470223E-09	2.271347E+06	2.344414E+04	499.1391244092	26.5268574828	2.3995860470	0.1842545801	0.1487375509	0.2192008190	0.2347689224	0.1572069986	0.3125339802	1.8946074346	1.8931634331	1.8960413631	452.0000000000
2190000.00	2.190000E+06	0.1637574699	5.5229036149	8.334081E+08	2.339049E-09	1.951443E+06	3.956821E+04	503.1803109703	26.8277308105	2.4005209289	0.1650112609	0.1230227889	0.2168676797	0.2044709584	0.1091526316	0.3253547298	1.9070073756	1.9056222353	1.9083851801	451.0000000000
2244750.00	2.244750E+06	0.1326479310	5.5420685532	4.979889E+08	1.402892E-09	2.614233E+06	2.187801E+04	498.0794973792	26.4866886038	2.4036350942	0.0946375268	0.0574178673	0.1308382208	0.0295143547	-0.0522746910	0.1091707767	1.8972938515	1.8958717831	1.8987108931	450.0000000000
2299500.00	2.299500E+06	0.1442917564	5.5555378524	4.548330E+08	1.289391E-09	2.321696E+06	1.899506E+04	492.5739318487	26.6623207724	2.4088713578	0.0764906751	0.0278305287	0.1294174972	0.0070715884	-0.1075962007	0.1290352774	1.9271449613	1.9258845959	1.9284061060	449.0000000000
2354250.00	2.354250E+06	0.1985101441	5.5799562741	1.966427E+08	5.623562E-10	7.255428E+05	7168.2183194429	494.1983628522	26.9649375354	2.4161706213	0.0380375998	-0.0038539280	0.0799234430	-0.0826797225	-0.1738009317	0.0116503722	2.9190153170	2.9178104782	2.9202254441	448.0000000000
2409000.00	2.409000E+06	0.1704218599	5.5868487993	3.681626E+08	1.064666E-09	1.568865E+06	1.461216E+04	495.1130804243	26.6476007233	2.4254720618	0.0678510203	0.0027779926	0.1277753523	0.0247267158	-0.1230631474	0.1521559712	1.9008789162	1.8995144997	1.9022466603	447.0000000000
2463750.00	2.463750E+06	0.3136777657	5.6015864742	3.020862E+09	8.854175E-09	3.250673E+05	1.389871E+05	488.7703840076	26.7860713493	2.4367133229	-0.0101719179	-0.0506127113	0.0299153183	-0.1806096751	-0.2674558951	-0.0944007811	1.9119232538	1.9106503779	1.9132011281	446.0000000000
2518500.00	2.518500E+06	0.2245214704	5.6117572187	1.156626E+09	3.443670E-09	5.435146E+05	6.237478E+04	514.5803748467	26.4062570306	2.4498307007	-0.0673955423	-0.1258432479	-0.0019761189	-0.2670235593	-0.4044547181	-0.1259768318	1.9193148477	1.9180410303	1.9206039036	445.0000000000
2573250.00	2.573250E+06	0.2055597311	5.6259736632	3.104338E+09	9.408912E-09	7.487714E+05	1.750639E+05	535.6972459019	26.8227178768	2.4647593297	-0.0671494595	-0.1638119045	0.0217819473	-0.2005509724	-0.4139778684	-0.0153617101	1.9311835992	1.9548278589	1.9295160230	444.0000000000
2628000.00	2.628000E+06	0.2013932917	5.6401906533	3.161122E+09	9.773397E-09	8.627800E+05	1.739436E+05	528.2898835917	26.8984927707	2.4814333655	-0.0123890356	-0.0970030223	0.0624601574	-0.0298924054	-0.2107608519	0.1197098316	1.9160855136	1.9148760940	1.9173270226	443.0000000000
2682750.00	2.682750E+06	0.1977663167	5.6536595799	2.554253E+09	8.071520E-09	1.023387E+06	1.335547E+05	534.3729473444	27.0069860368	2.4997861634	-1.650590E-09	-0.0450700591	0.0454318446	-3.160580E-09	-0.0862461850	0.0870496947	1.9148178826	1.9136026673	1.9160502071	442.0000000000
2737500.00	2.737500E+06	0.2138853072	5.6747977169	2.316415E+09	7.495632E-09	8.710942E+05	1.134938E+05	521.9570253124	27.3564336303	2.5197504552	-4.438323E-09	-0.0446853806	0.0452226670	-8.482416E-09	-0.0853505743	0.0864811582	1.9111758673	1.9100335056	1.9123409531	441.0000000000
2792250.00	2.792250E+06	0.2310151340	5.6993874883	2.028441E+09	6.733300E-09	7.165680E+05	9.317956E+04	511.5891695385	27.7646492316	2.5412585214	-1.536818E-09	-0.0438344185	0.0445449058	-2.933838E-09	-0.0836314723	0.0850895718	1.9090339435	1.9078950992	1.9101975897	440.0000000000
2847000.00	2.847000E+06	0.2461661089	5.7253896785	1.722337E+09	5.874759E-09	5.713477E+05	7.414045E+04	503.0567952366	28.2192781397	2.5642423585	-3.413957E-09	-0.0427987021	0.0436715553	-6.512622E-09	-0.0815964653	0.0833603865	1.9076460457	1.9065172822	1.9088027842	439.0000000000
2901750.00	2.901750E+06	0.2573984964	5.7528036173	1.407389E+09	4.940645E-09	4.382317E+05	5.674394E+04	495.0240153156	28.2020767707	2.5886338443	-4.198399E-08	-0.0416101444	0.0426341105	-8.006071E-08	-0.0793016510	0.0813490972	1.9069343822	1.9058249419	1.9080753936	438.0000000000
2956500.00	2.956500E+06	0.2642224383	5.7819571619	1.089816E+09	3.943396E-09	3.184552E+05	4.114572E+04	487.4041881240	28.7602513592	2.6143648956	-6.908659E-07	-0.0402898921	0.0414508299	-1.317426E-06	-0.0767860778	0.0790896869	1.9069202634	1.9058397479	1.9080362722	437.0000000000
3011250.00	3.011250E+06	0.2693661326	5.8132468089	7.746961E+08	2.893378E-09	2.124481E+05	2.739152E+04	480.2649944744	29.4106422416	2.6413676238	-1.042238E-05	-0.0388676770	0.0401312967	-1.988260E-05	-0.0741066655	0.0766013130	1.9076842143	1.9066402007	1.9087677127	436.0000000000
3066000.00	3.066000E+06	0.2823826010	5.8471110772	4.658807E+08	1.798341E-09	1.199498E+05	1.543493E+04	473.6510528890	30.2103389571	2.6695744841	-0.0001630579	-0.0375079604	0.0385665273	-0.0003113254	-0.0715761264	0.0736752770	1.9093017554	1.9082977871	1.9103486977	435.0000000000
3120750.00	3.120750E+06	0.3311823403	5.8851994893	1.727466E+08	6.900114E-10	4.182035E+04	5377.4269026904	467.7391347470	30.5819038265	2.6989184193	-0.0023826277	-0.0381912986	0.0348841019	-0.0045542821	-0.0729642309	0.0667149834	1.9115275010	1.9105593003	1.9125403612	434.0000000000
3175500.00	3.175500E+06	0.4006550501	5.9178216485	1.033198E+07	4.275274E-11	2379.2664193483	310.5598108086	464.6772852521	30.6340439735	2.7293329995	-0.0183633856	-0.0526399114	0.0174356375	-0.0351228424	-0.1006330663	0.0333654332	1.9127214545	1.9117899858	1.9136980171	433.0000000000
3230250.00	3.230250E+06	0.3791463574	5.9397854056	1.474816E+04	0.000000E+00	3.2754589900	0.4416970737	464.5644776300	28.3717036930	2.7607525552	-0.0503419223	-0.0830268216	-0.0160623923	-0.0962528622	-0.1586722558	-0.0307259872	1.9119829077	1.9110969968	1.9129154058	432.0000000000
3285000.00	3.285000E+06	0.3557651325	5.9612495278	0.3072166110	0.000000E+00	6.595918E-05	9.186320E-06	464.7258289196	23.5801079271	2.7931123056	-0.0830158275	-0.1140416199	-0.0503308480	-0.1586513375	-0.2178490900	-0.0962317448	1.9110974647	1.9102595188	1.9119833777	431.0000000000
