54750.00	5.475000E+04	0.1689956556	5.7928697819	9.070127E+08	1.588154E-08	3.175139E+06	4.173726E+04	696.6469868297	24.9440888888	4.2044046301	-3.495596E-07	0.0013921237	-0.0015591906	-1.023521E-06	0.0040754293	-0.0045662064	2.9280415334	2.9274907337	2.9285749091	125.0000000000
109500.00	1.095000E+05	0.1721568535	5.8283465965	9.041097E+08	1.686779E-08	3.145552E+06	4.134192E+04	695.9690152369	24.9651634488	4.2946650606	1.576494E-06	0.0015597071	-0.0017155609	4.617007E-06	0.0045669385	-0.0050250919	2.9286078742	2.9280744114	2.9291247604	126.0000000000
164250.00	1.642500E+05	0.1754605787	5.8656797583	9.009477E+08	1.786020E-08	3.114829E+06	4.093151E+04	695.2618081653	24.9878244372	4.3861941381	-3.872946E-10	0.0017158916	-0.0018684126	-1.134448E-09	0.0050252335	-0.0054738153	2.9291596475	2.9286426752	2.9296608909	127.0000000000
219000.00	2.190000E+05	0.1789079653	5.9048810618	8.975370E+08	1.884806E-08	3.083065E+06	4.050738E+04	694.5264247416	25.0120135330	4.4788817296	-1.285781E-09	0.0018666110	-0.0020134348	-3.766951E-09	0.0054676711	-0.0058997359	2.9296982538	2.9291969296	2.9301846943	128.0000000000
273750.00	2.737500E+05	0.1825001799	5.9459583885	8.938857E+08	1.982010E-08	3.050352E+06	4.007072E+04	693.7638715625	25.0376797730	4.5726154578	3.870170E-10	0.0020110780	-0.0021528757	1.134046E-09	0.0058919311	-0.0063094257	2.9302242434	2.9297377265	2.9306967172	129.0000000000
328500.00	3.285000E+05	0.1862385813	5.9889155095	8.900010E+08	2.076492E-08	3.016771E+06	3.962260E+04	692.9749298180	25.0647782959	4.6672810343	-8.775779E-10	0.0021499928	-0.0022873714	-2.571951E-09	0.0063000503	-0.0067047378	2.9307383830	2.9302658378	2.9311977203	130.0000000000
383250.00	3.832500E+05	0.1901246183	6.0337517982	8.858896E+08	2.167140E-08	2.982396E+06	3.916403E+04	692.1604101125	25.0932688647	4.7627626072	-3.936912E-10	0.0022839861	-0.0024174667	-1.154004E-09	0.0066938655	-0.0070872593	2.9312414326	2.9307820290	2.9316884550	131.0000000000
438000.00	4.380000E+05	0.1941598165	6.0804620084	8.815571E+08	2.252916E-08	2.947296E+06	3.869590E+04	691.3208592065	25.1231161077	4.8589431213	-1.844517E-10	0.0024135918	-0.0025436376	-5.407633E-10	0.0070749304	-0.0074583770	2.9317341512	2.9312870683	2.9321696698	132.0000000000
492750.00	4.927500E+05	0.1983457924	6.1290360582	8.770087E+08	2.332895E-08	2.911534E+06	3.821905E+04	690.4567091459	25.1542885780	4.9557046911	8.890698E-10	0.0025392889	-0.0026662958	2.606946E-09	0.0074446409	-0.0078192912	2.9322172917	2.9317817181	2.9326421057	133.0000000000
547500.00	5.475000E+05	0.2026841951	6.1794587907	8.722491E+08	2.406300E-08	2.875166E+06	3.773425E+04	689.5682299292	25.1867578807	5.0529289833	6.976168E-10	0.0026614889	-0.0027858178	2.045895E-09	0.0078041954	-0.0081711003	2.9326915992	2.9322667363	2.9331064935	134.0000000000
602250.00	6.022500E+05	0.2071767557	6.2317098536	8.672827E+08	2.472520E-08	2.838246E+06	3.724220E+04	688.6555562570	25.2204978952	5.1504976092	1.263136E-09	0.0027805819	-0.0029025315	3.704976E-09	0.0081547316	-0.0085147607	2.9331577991	2.9327428626	2.9335635424	135.0000000000
657000.00	6.570000E+05	0.2118251852	6.2857635379	8.621130E+08	2.531125E-08	2.800823E+06	3.674357E+04	687.7185331985	25.2554856178	5.2482925245	4.871118E-12	0.0028968642	-0.0030167020	1.428998E-11	0.0084971135	-0.0088510459	2.9336166080	2.9332108291	2.9340139514	136.0000000000
711750.00	7.117500E+05	0.2166312535	6.3415886250	8.567436E+08	2.581868E-08	2.762945E+06	3.623897E+04	686.7568653643	25.2916997278	5.3461964344	1.066879E-09	0.0030106392	-0.0031285949	3.130297E-09	0.0088322261	-0.0091807315	2.9340687319	2.9336713598	2.9344584069	137.0000000000
766500.00	7.665000E+05	0.2215967585	6.3991483629	8.511779E+08	2.624676E-08	2.724652E+06	3.572899E+04	685.7696011654	25.3291197149	5.4440932043	5.674169E-10	0.0031221322	-0.0032384057	1.665093E-09	0.0091607265	-0.0095043890	2.9345148513	2.9341251557	2.9348975676	138.0000000000
821250.00	8.212500E+05	0.2267235180	6.4584003861	8.454187E+08	2.659631E-08	2.685987E+06	3.521415E+04	684.7539517376	25.3677276694	5.5418682717	3.255861E-10	0.0032315742	-0.0033463349	9.555806E-10	0.0094832900	-0.0098226042	2.9349556168	2.9345728886	2.9353320596	139.0000000000
876000.00	8.760000E+05	0.2320133867	6.5192967351	8.394690E+08	2.686950E-08	2.646987E+06	3.469496E+04	683.6910295442	25.4075060237	5.6394090595	-1.185259E-10	0.0033391550	-0.0034525627	-3.479199E-10	0.0098004708	-0.0101359042	2.9353916639	2.9350152172	2.9357624947	140.0000000000
930750.00	9.307500E+05	0.2374682387	6.5817838826	8.333314E+08	2.706962E-08	2.607687E+06	3.417191E+04	682.5792864739	25.4484376821	5.7366053880	-1.223302E-09	0.0034450327	-0.0035572265	-3.591398E-09	0.0101127308	-0.0104446909	2.9358236122	2.9354527875	2.9361894640	141.0000000000
985500.00	9.855000E+05	0.2430899820	6.6458028396	8.270088E+08	2.720076E-08	2.568122E+06	3.364545E+04	681.4199854984	25.4905069621	5.8333498839	7.575108E-10	0.0035493559	-0.0036604574	2.224243E-09	0.0104205050	-0.0107493487	2.9362520270	2.9358861914	2.9366135040	142.0000000000
1040250.00	1.040250E+06	0.2488806285	6.7112892934	8.205033E+08	2.726761E-08	2.528323E+06	3.311600E+04	680.2073460968	25.5336986785	5.9295383835	-3.970765E-10	0.0036522571	-0.0037623935	-1.166086E-09	0.0107241811	-0.0110502819	2.9366774666	2.9363160165	2.9370351419	143.0000000000
1095000.00	1.095000E+06	0.2548422357	6.7781737891	8.138176E+08	2.727523E-08	2.488320E+06	3.258397E+04	678.9255557461	25.5779980581	6.0250703297	-4.122260E-10	0.0037538561	-0.0038631442	-1.210749E-09	0.0110241100	-0.0113478118	2.9371004426	2.9367428061	2.9374548562	144.0000000000
1149750.00	1.149750E+06	0.2609768692	6.8463819361	8.069541E+08	2.722880E-08	2.448143E+06	3.204975E+04	677.5293206522	25.6233898213	6.1198491595	8.375290E-13	0.0038542610	-0.0039628064	2.460250E-12	0.0113206083	-0.0116422223	2.9375214284	2.9371670670	2.9378730843	145.0000000000
1204500.00	1.204500E+06	0.2672867926	6.9158347389	7.999154E+08	2.713353E-08	2.407818E+06	3.151369E+04	676.0969677540	25.6698603144	6.2137826798	-1.193672E-09	0.0039535722	-0.0040614928	-3.506939E-09	0.0116139714	-0.0119338445	2.9379408669	2.9375892771	2.9382902332	146.0000000000
1259250.00	1.259250E+06	0.2737743222	6.9864488851	7.927038E+08	2.699448E-08	2.367370E+06	3.097615E+04	674.6424375633	25.7173950436	6.3067834307	-6.635009E-10	0.0040518538	-0.0041592315	-1.949604E-09	0.0119043866	-0.0122227612	2.9383591456	2.9380098628	2.9387066478	147.0000000000
1314000.00	1.314000E+06	0.2804417679	7.0581370836	7.853221E+08	2.681647E-08	2.326827E+06	3.043747E+04	673.1658247124	25.7659789360	6.3987690337	-1.515235E-09	0.0041491686	-0.0042560628	-4.452938E-09	0.0121920383	-0.0125090903	2.9387766075	2.9384292097	2.9391226255	148.0000000000
1368750.00	1.368750E+06	0.2872912030	7.1308082908	7.777742E+08	2.660410E-08	2.286211E+06	2.989797E+04	671.6673571660	25.8155938620	6.4896625216	-1.644979E-11	0.0042454095	-0.0043516929	-4.834912E-11	0.0124766116	-0.0127919678	2.9391934712	2.9388476017	2.9395382990	149.0000000000
1423500.00	1.423500E+06	0.2943216134	7.2043666909	7.700698E+08	2.636181E-08	2.245556E+06	2.935810E+04	670.1478851511	25.8661974886	6.5793926506	4.773310E-10	0.0043396507	-0.0044450755	1.403167E-09	0.0127553835	-0.0130683145	2.9396095517	2.9392650296	2.9399532991	150.0000000000
1478250.00	1.478250E+06	0.3015299084	7.2787126360	7.622224E+08	2.609381E-08	2.204899E+06	2.881832E+04	668.6086818186	25.9177590075	6.6678941907	-2.975472E-10	0.0044324192	-0.0045374701	-8.747960E-10	0.0130298986	-0.0133418289	2.9400244162	2.9396810171	2.9403673365	151.0000000000
1533000.00	1.533000E+06	0.3089200693	7.3537483358	7.542315E+08	2.580348E-08	2.164254E+06	2.827882E+04	667.0497624626	25.9702966394	6.7551081932	-1.745272E-09	0.0045247715	-0.0046292074	-5.131864E-09	0.0133032615	-0.0136134838	2.9404383686	2.9400957829	2.9407807088	152.0000000000
1587750.00	1.587750E+06	0.3164956641	7.4293741521	7.460987E+08	2.549391E-08	2.123636E+06	2.773983E+04	665.4710303804	26.0237886006	6.8409822338	-3.000675E-10	0.0046161599	-0.0047197027	-8.824540E-10	0.0135738626	-0.0138815588	2.9408515582	2.9405095909	2.9411934530	153.0000000000
1642500.00	1.642500E+06	0.3242581425	7.5054882151	7.378291E+08	2.516795E-08	2.083067E+06	2.720161E+04	663.8731409465	26.0782113847	6.9254706300	1.256102E-09	0.0047060413	-0.0048083168	3.694526E-09	0.0138401022	-0.0141441701	2.9412638057	2.9409223726	2.9416052661	154.0000000000
1697250.00	1.697250E+06	0.3322055802	7.5819859244	7.294342E+08	2.482838E-08	2.042569E+06	2.666447E+04	662.2576006619	26.1335245603	7.0085346296	-7.507325E-10	0.0047931252	-0.0048932570	-2.208411E-09	0.0140981804	-0.0143960363	2.9416744157	2.9413336543	2.9420151637	155.0000000000
1752000.00	1.752000E+06	0.3403282328	7.6587577356	7.209350E+08	2.447796E-08	2.002174E+06	2.612876E+04	660.6277589431	26.1896581674	7.0901425711	-1.728195E-09	0.0048762146	-0.0049761434	-5.084491E-09	0.0143445650	-0.0146419129	2.9420817615	2.9417419568	2.9424217891	156.0000000000
1806750.00	1.806750E+06	0.3486412382	7.7357111175	7.123187E+08	2.411806E-08	1.961890E+06	2.559466E+04	658.9807741957	26.2468008662	7.1702700133	1.159822E-09	0.0049650330	-0.0050651185	3.412762E-09	0.0146078604	-0.0149057720	2.9424875731	2.9421477110	2.9428278724	157.0000000000
1861500.00	1.861500E+06	0.3571710661	7.8127626471	7.035598E+08	2.374936E-08	1.921715E+06	2.506226E+04	657.3114460741	26.3038309813	7.2488998331	1.278303E-09	0.0050554670	-0.0051542095	3.761909E-09	0.0148759850	-0.0151700501	2.9428943486	2.9425540936	2.9432350390	158.0000000000
1916250.00	1.916250E+06	0.3659273053	7.8898193947	6.946580E+08	2.337321E-08	1.881664E+06	2.453175E+04	655.6190132449	26.3627921339	7.3260222910	-1.166908E-09	0.0051449326	-0.0052422154	-3.434562E-09	0.0151413391	-0.0154312120	2.9433022229	2.9429616051	2.9436432495	159.0000000000
1971000.00	1.971000E+06	0.3749180398	7.9667899068	6.856166E+08	2.299083E-08	1.841755E+06	2.400339E+04	653.9033667945	26.4226269035	7.4016350627	1.226069E-09	0.0052331897	-0.0053287098	3.609193E-09	0.0154032135	-0.0156879909	2.9437104906	2.9433699702	2.9440505550	160.0000000000
2025750.00	2.025750E+06	0.3841450701	8.0435865366	6.764746E+08	2.260451E-08	1.802055E+06	2.347935E+04	652.1668994528	26.4832424589	7.4757432373	-3.322837E-10	0.0053135241	-0.0054148241	-9.782711E-10	0.0156417712	-0.0159435422	2.9440835743	2.9437659022	2.9444247957	161.0000000000
2080500.00	2.080500E+06	0.3934859173	8.1201296330	6.678544E+08	2.223577E-08	1.763512E+06	2.299386E+04	650.4550308032	26.5432245095	7.5483592801	6.332819E-10	0.0052696083	-0.0051333563	1.864254E-09	0.0155132899	-0.0151069887	2.9437988192	2.9439170656	2.9429067346	162.0000000000
2135250.00	2.135250E+06	0.4022107781	8.1964034862	6.618892E+08	2.195580E-08	1.725275E+06	2.270184E+04	649.5321136374	26.5890176624	7.6195029608	1.414523E-05	0.0043035817	-0.0047092754	3.597290E-05	0.0126547182	-0.0138199303	2.9310404475	2.9394802949	2.9313507895	163.0000000000
2190000.00	2.190000E+06	0.3957722456	8.2766052423	5.644416E+08	1.865316E-08	1.362522E+06	2.016134E+04	642.3894069654	26.0158320010	7.6892012469	0.1868312957	0.1931850285	0.1801763772	0.2784555513	0.2945111814	0.2618304945	1.9719117611	1.9716223567	1.9724241132	164.0000000000
2244750.00	2.244750E+06	0.4039987995	8.3519528484	5.529492E+08	1.820419E-08	1.334992E+06	1.960725E+04	640.5344060367	26.0786809878	7.7574881612	0.1874761725	0.1941407063	0.1807317260	0.2793750954	0.2960196534	0.2625366000	1.9710757652	1.9705659890	1.9715905372	165.0000000000
2299500.00	2.299500E+06	0.4123764713	8.4267620034	5.413718E+08	1.775513E-08	1.307674E+06	1.905715E+04	638.6574650511	26.1424084395	7.8244046053	0.1880049566	0.1947698200	0.1811734468	0.2801765499	0.2970539559	0.2631292803	1.9704149233	1.9698922615	1.9709312077	166.0000000000
2354250.00	2.354250E+06	0.4209054572	8.5009794013	5.296997E+08	1.730590E-08	1.280534E+06	1.851089E+04	636.7575281315	26.2068420336	7.8899981487	0.1884977814	0.1953501484	0.1815809829	0.2809531972	0.2980409396	0.2637012089	1.9698077339	1.9692838452	1.9703252961	167.0000000000
2409000.00	2.409000E+06	0.4295905087	8.5745575100	5.179386E+08	1.685688E-08	1.253584E+06	1.796869E+04	634.8347389790	26.2719483067	7.9543227836	0.1889583702	0.1958961606	0.1819586776	0.2817079353	0.2990014498	0.2642564363	1.9692464871	1.9687219437	1.9697645536	168.0000000000
2463750.00	2.463750E+06	0.4384371204	8.6474560625	5.060953E+08	1.640843E-08	1.226837E+06	1.743077E+04	632.8889758336	26.3377011513	8.0174386473	0.1893867710	0.1964077989	0.1823065385	0.2824391814	0.2999336381	0.2647934137	1.9687289579	1.9682043469	1.9692469128	169.0000000000
2518500.00	2.518500E+06	0.4474514990	8.7196423605	4.941776E+08	1.596090E-08	1.200307E+06	1.689738E+04	630.9203765128	26.4040734872	8.0794117127	0.1897827534	0.1968846992	0.1826244729	0.2831448319	0.3008350731	0.2653103717	1.9682533076	1.9677292149	1.9687705472	170.0000000000
2573250.00	2.573250E+06	0.4566404699	8.7910914734	4.821935E+08	1.551458E-08	1.174007E+06	1.636876E+04	628.9290073120	26.4694938884	8.1403134484	0.1901460138	0.1973264084	0.1829123446	0.2838226035	0.3017031098	0.2658054403	1.9678177707	1.9672947839	1.9683336927	171.0000000000
2628000.00	2.628000E+06	0.4660114242	8.8617863746	4.701521E+08	1.506980E-08	1.147950E+06	1.584519E+04	626.9148925335	26.5370050163	8.2002204486	0.1904761023	0.1977323357	0.1831698499	0.2844697489	0.3025346438	0.2662762431	1.9674206312	1.9668993307	1.9679346428	172.0000000000
2682750.00	2.682750E+06	0.4755724286	8.9317180391	4.580626E+08	1.462684E-08	1.122148E+06	1.532694E+04	624.8782813026	26.6050527631	8.2592140368	0.1907725401	0.1981018120	0.1833967119	0.2850834488	0.3033263952	0.2667204542	1.9670602788	1.9665412553	1.9675717790	173.0000000000
2737500.00	2.737500E+06	0.4853322635	9.0008854504	4.459355E+08	1.418603E-08	1.096614E+06	1.481429E+04	622.8193597049	26.6736084043	8.3173798425	0.1910346825	0.1984340288	0.1835924592	0.2856604012	0.3040746404	0.2671352159	1.9667351554	1.9662189791	1.9672435652	174.0000000000
2792250.00	2.792250E+06	0.4953003330	9.0692956026	4.337827E+08	1.374768E-08	1.071360E+06	1.430758E+04	620.7386493120	26.7426416186	8.3748073544	0.1912617362	0.1987279830	0.1837565242	0.2861969435	0.3047751736	0.2675174784	1.9664438449	1.9659310883	1.9669485917	175.0000000000
2847000.00	2.847000E+06	0.5054886591	9.1369633155	4.216598E+08	1.331351E-08	1.046390E+06	1.380896E+04	618.6394379005	26.8120904194	8.4315894518	0.1914489739	0.1989782283	0.1838859474	0.2866813740	0.3054135799	0.2678625972	1.9661867864	1.9656780121	1.9666873022	176.0000000000
2901750.00	2.901750E+06	0.5159426427	9.2039094737	4.103262E+08	1.290732E-08	1.021599E+06	1.334994E+04	616.5693832177	26.8813572792	8.4878219159	0.1915278739	0.1991065506	0.1839367924	0.2869724040	0.3058081620	0.2681350432	1.9659937588	1.9654896721	1.9664893411	177.0000000000
2956500.00	2.956500E+06	0.5286290758	9.2700662774	4.400016E+08	1.378920E-08	9.905397E+05	1.461569E+04	616.9958203601	26.9206541521	8.5436029242	0.1879888272	0.1956344156	0.1818080866	0.2800355273	0.2990535577	0.2672115226	1.9674994337	1.9670086769	1.9679813993	178.0000000000
3011250.00	3.011250E+06	0.5204447931	9.3363516630	3.688433E+08	1.151608E-08	1.041538E+06	1.188718E+04	614.6677585036	26.7298618938	8.5990325298	0.1430570573	0.1478641423	0.1416479891	0.1769836569	0.1868086250	0.1749221664	2.9285864771	2.9311025179	2.9211660505	179.0000000000
3066000.00	3.066000E+06	0.4801440769	9.4032359285	3.712365E+08	1.154753E-08	1.273119E+06	1.218301E+04	615.6220302842	26.7748961231	8.6542121286	0.1408180848	0.1398741062	0.1445860521	0.1851099970	0.1809110567	0.1937876317	2.9432041520	2.9428159698	2.9435858750	180.0000000000
3120750.00	3.120750E+06	0.4078908594	9.4645793094	9.656966E+08	2.992613E-08	2.717607E+06	3.536865E+04	613.0466516745	26.8902020586	8.7092439166	0.1096272406	0.1020861106	0.1142428991	0.1125908671	0.0978957806	0.1193771471	1.9686748488	1.9682156592	1.9691241843	181.0000000000
3175500.00	3.175500E+06	0.3926329459	9.5304309198	8.392076E+08	2.590859E-08	3.185224E+06	3.236125E+04	613.0882393192	26.8667616640	8.7642303402	0.1134246267	0.1130220809	0.1181870421	0.1195812798	0.1147640182	0.1315809535	1.9724408441	1.9720197490	1.9728515692	182.0000000000
3230250.00	3.230250E+06	0.5442491906	9.5940364024	3.576314E+08	1.099931E-08	1.022160E+06	1.170186E+04	613.3373978531	26.8150845523	8.8192735428	0.1062912429	0.1073577419	0.1018753923	0.0900481842	0.0960275780	0.0781620455	2.9568150290	2.9569923558	2.9570601943	183.0000000000
3285000.00	3.285000E+06	0.5520630091	9.6573928765	4.486888E+08	1.374735E-08	1.006281E+06	1.685915E+04	613.6402851349	26.8628430247	8.8744748095	0.0859715715	0.0873197592	0.0829872959	0.0570739942	0.0574793400	0.0516513392	2.9589129911	2.9586805746	2.9591426627	184.0000000000
3339750.00	3.339750E+06	0.6970877264	9.7210744533	4.034600E+09	1.231413E-07	7.117440E+05	1.772877E+05	613.4319132619	26.8886407381	8.9299340139	0.0591438974	0.0474441480	0.0667650202	0.0019639376	-0.0222497311	0.0138017394	2.9590104003	2.9587794741	2.9592321186	185.0000000000
3394500.00	3.394500E+06	0.4128815610	9.7841987851	9.039393E+08	2.748245E-08	3.009579E+06	3.430954E+04	609.8334437293	26.8419466797	8.9857490683	0.0586945066	0.0605771429	0.0532467758	-0.0157328575	-0.0087892525	-0.0303931162	2.9376644339	2.9372565958	2.9380635477	186.0000000000
3449250.00	3.449250E+06	0.4467404062	9.8448680634	4.421863E+08	1.339106E-08	2.590847E+06	1.532454E+04	606.5986238575	27.0411917724	9.0420153822	0.0877573302	0.0951235356	0.0807026304	0.0472512683	0.0652927493	0.0298697937	1.9945409644	1.9943909636	1.9939991533	187.0000000000
3504000.00	3.504000E+06	0.5627190302	9.9097371833	3.589856E+08	1.082825E-08	1.049362E+06	1.158926E+04	610.5435106184	26.9441596483	9.0988253301	0.0966625732	0.1037394768	0.0898362109	0.0659027198	0.0827912255	0.0504777037	1.9684790177	1.9680664329	1.9688803438	188.0000000000
3558750.00	3.558750E+06	0.5063889003	9.9756175785	3.542678E+08	1.064292E-08	1.358866E+06	1.130463E+04	613.3095127687	26.9626924684	9.1562677318	0.0660052828	0.0652791174	0.0720674725	0.0099534670	0.0012610886	0.0293055040	1.9884395043	1.9882457831	1.9886212320	189.0000000000
3613500.00	3.613500E+06	0.5767192942	10.0360065616	6.421810E+08	1.921354E-08	1.027136E+06	2.685988E+04	619.4202256306	26.9668579171	9.2144273487	0.0335523956	0.0248508164	0.0422616743	-0.0584227022	-0.0810118257	-0.0353489287	2.0600248412	2.1436034453	2.0245298570	190.0000000000
3668250.00	3.668250E+06	0.5181325709	10.1018945724	4.062365E+08	1.210378E-08	1.373981E+06	1.295686E+04	617.7380201957	26.8936846120	9.2733843980	0.0098558394	0.0025412676	0.0092982935	-0.1181465536	-0.1289314092	-0.1229983521	2.9368537145	2.9395457104	2.9372123358	191.0000000000
3723000.00	3.723000E+06	0.5242265482	10.1661354776	3.987329E+08	1.183001E-08	1.342895E+06	1.268242E+04	616.2220950101	26.8833355790	9.3332140866	0.0134829768	0.0193800963	0.0071227465	-0.1170525695	-0.1018004378	-0.1331367534	2.9282334491	2.9278644869	2.9285945523	192.0000000000
3777750.00	3.777750E+06	0.5331832804	10.2304566946	3.944946E+08	1.165394E-08	1.317394E+06	1.247811E+04	614.7897063571	26.9345220152	9.3939861691	0.0136749227	0.0203115542	0.0070901800	-0.1168084017	-0.1002009765	-0.1332643985	2.9075684079	2.9072013724	2.9079295256	193.0000000000
3832500.00	3.832500E+06	0.5426493449	10.2953542070	3.937739E+08	1.158170E-08	1.291939E+06	1.239249E+04	613.5173401047	26.9827887283	9.4557645301	0.0152259317	0.0219501363	0.0168863674	-0.1114508535	-0.0947599188	-0.1027713465	2.8561828753	2.8558059461	2.7443187437	194.0000000000
3887250.00	3.887250E+06	0.5534349408	10.3609010508	4.021195E+08	1.177438E-08	1.262540E+06	1.260762E+04	614.0559403142	27.0055179267	9.5186067940	0.0269471794	0.0236903228	0.0204859870	-0.0763712681	-0.0862165395	-0.0922400103	2.7442838248	2.7438870097	2.7446819287	195.0000000000
3942000.00	3.942000E+06	0.5648031943	10.4273021901	4.293558E+08	1.251469E-08	1.234929E+06	1.345280E+04	612.5646037067	27.0436529173	9.5825639643	0.0331440089	0.0398640478	0.0265338562	-0.0596852189	-0.0434173236	-0.0756808805	2.5511092223	2.5506958993	2.5515237630	196.0000000000
3996750.00	3.996750E+06	1.0390874208	10.4975968857	4.034363E+09	1.170465E-07	3.140848E+05	1.585245E+05	600.1209243726	26.9879919380	9.6476800933	0.2612299740	0.2690729405	0.2535328000	0.3990772256	0.4162235289	0.3822640163	2.0443280629	2.0441192378	2.0445243874	197.0000000000
4051500.00	4.051500E+06	1.0604427003	10.5663496284	4.036942E+09	1.165675E-07	3.010452E+05	1.580942E+05	599.2532888478	27.0224139626	9.7139919858	0.2668578105	0.2746044993	0.2592680126	0.4069248032	0.4238065022	0.3904000013	2.0293378010	2.0291503104	2.0295117134	198.0000000000
4106250.00	4.106250E+06	1.0884622419	10.6363089825	3.996927E+09	1.148554E-07	2.893254E+05	1.554495E+05	597.8653328603	27.0727169831	9.7815289347	0.2697645825	0.2774205014	0.2622761897	0.4117386383	0.4283987193	0.3954607212	2.0232254867	2.0230529055	2.0233838403	199.0000000000
4161000.00	4.161000E+06	1.1169015290	10.7075016115	3.945331E+09	1.128154E-07	2.802158E+05	1.523286E+05	596.4399706019	27.1256377056	9.8503124949	0.2707709650	0.2783090541	0.2640231817	0.4137276309	0.4300548282	0.3990037958	2.0205184056	2.0203582535	2.0199394380	200.0000000000
4215750.00	4.215750E+06	1.1312564361	10.7798705243	3.915407E+09	1.113986E-07	2.813053E+05	1.507213E+05	595.7964467166	27.1615478452	9.9203562904	0.2671884210	0.2744659246	0.2603451447	0.4068470410	0.4221870118	0.3932725258	2.0193213271	2.0191751713	2.0194524135	201.0000000000
4270500.00	4.270500E+06	1.1307450274	10.8535011625	3.910760E+09	1.106983E-07	2.921562E+05	1.507596E+05	595.9595264719	27.1793358835	9.9916658615	0.2594517114	0.2663116420	0.2534491741	0.3918095533	0.4054353905	0.3821476975	2.0188269832	2.0186971580	2.0189413234	202.0000000000
4325250.00	4.325250E+06	1.0945702583	10.9282510631	4.081901E+09	1.149418E-07	3.083120E+05	1.604500E+05	598.5776593903	27.1565132908	10.0642385481	0.2435293442	0.2495822970	0.2393627931	0.3608061846	0.3710801432	0.3581374887	2.0185449834	2.0184309683	2.0185459040	203.0000000000
4380000.00	4.380000E+06	0.6081022890	11.0007459786	2.116986E+08	5.929644E-09	1.321040E+06	6652.6280023577	599.0819319478	27.6698178368	10.1380634118	0.1720132390	0.1748274255	0.1775724034	0.2167046928	0.2180264727	0.2395466566	1.9803471781	1.9801989344	1.9804816837	204.0000000000
4434750.00	4.434750E+06	0.5576121808	11.0770011315	1.322533E+09	3.684449E-08	2.332880E+06	6.007800E+04	602.8297731643	27.5823009566	10.2131211967	0.2128386186	0.2161518470	0.2127128053	0.3024738870	0.3036036661	0.3129327819	2.7601735387	2.8658886335	2.5746692641	205.0000000000
4489500.00	4.489500E+06	0.6545871466	11.1581830111	4.602427E+09	1.275175E-07	8.742207E+05	2.533399E+05	635.1318693868	27.0604002008	10.2893843288	-0.1175387460	-0.1480593705	-0.1105567700	-0.3712829857	-0.4326713917	-0.3596537987	2.9491475750	2.9489434278	2.9493211172	206.0000000000
4544250.00	4.544250E+06	0.6608157280	11.2401128180	4.639653E+09	1.278343E-07	8.660476E+05	2.551409E+05	633.7202591111	27.0798344188	10.3668169530	-0.1207878784	-0.1313478051	-0.1156411503	-0.3802603740	-0.3997859112	-0.3721413379	2.9492133188	2.9490175891	2.9492484601	207.0000000000
4599000.00	4.599000E+06	0.6711270169	11.3237078792	5.119040E+09	1.402471E-07	8.297206E+05	2.806278E+05	633.4520533511	27.0923184679	10.4453750089	-0.1240316108	-0.1266789523	-0.1239566372	-0.3893479273	-0.3923786281	-0.3913881266	2.9495299540	2.9493998104	2.9497074230	208.0000000000
4653750.00	4.653750E+06	0.6795069130	11.4093020083	5.223788E+09	1.422984E-07	8.164427E+05	2.852880E+05	632.7431811710	27.1131276506	10.5250063433	-0.1262793382	-0.1263043748	-0.1287462167	-0.3959402097	-0.3938325913	-0.4029422736	2.9495544487	2.9495260964	2.9497243381	209.0000000000
4708500.00	4.708500E+06	0.6897375124	11.4967825251	5.255498E+09	1.423330E-07	8.062182E+05	2.849026E+05	631.8184605226	27.1411027323	10.6056508590	-0.1278117237	-0.1253933078	-0.1303198944	-0.4005092283	-0.3936847274	-0.4075026804	2.9493914040	2.9496220010	2.9495541889	210.0000000000
4763250.00	4.763250E+06	0.7002229995	11.5862418759	5.277241E+09	1.420843E-07	7.970202E+05	2.839019E+05	630.8818905273	27.1682897447	10.6872406999	-0.1291684604	-0.1265569538	-0.1312145226	-0.4044688788	-0.3972514963	-0.4097445401	2.9485598615	2.9483934630	2.9458761792	211.0000000000
4818000.00	4.818000E+06	0.7106480906	11.6777035653	5.297519E+09	1.417855E-07	7.887592E+05	2.828966E+05	629.9669408352	27.1934599911	10.7697004692	-0.1303406938	-0.1278923648	-0.1317204120	-0.4075983948	-0.4007969664	-0.4102834449	2.9459355667	2.9457696038	2.9385584554	212.0000000000
4872750.00	4.872750E+06	0.7198227102	11.7711831844	5.309436E+09	1.412549E-07	7.858955E+05	2.817962E+05	629.1905718790	27.2145885911	10.8529474815	-0.1295045472	-0.1292241372	-0.1314215470	-0.4009550902	-0.4034698285	-0.4064801259	2.9189383380	2.9384327493	2.9191362121	213.0000000000
4927500.00	4.927500E+06	0.7276466745	11.8666686612	5.313254E+09	1.405044E-07	7.884514E+05	2.806115E+05	628.5535513166	27.2317775307	10.9368920457	-0.1266180002	-0.1297600776	-0.1283480331	-0.3850516136	-0.4018137107	-0.3900656469	2.8702300285	2.9189241298	2.8704588568	214.0000000000
4982250.00	4.982250E+06	0.7310571254	11.9641585487	5.287891E+09	1.389849E-07	8.082648E+05	2.788847E+05	628.3493594179	27.2398429772	11.0214377779	-0.1171014540	-0.1286353111	-0.0866030021	-0.3420383260	-0.3905554078	-0.2369303594	2.7620425623	2.8701540019	2.5738270688	215.0000000000
5037000.00	5.037000E+06	0.6373357798	12.0652980106	4.153816E+08	1.085109E-08	1.519875E+06	1.267619E+04	607.8040424736	27.3793901277	11.1064819421	0.0553423950	0.0391556193	0.0646235353	0.0003237431	-0.0319572721	0.0212823616	2.0039035021	2.0042288898	2.0035635311	216.0000000000
5091750.00	5.091750E+06	0.6872192316	12.1645034385	4.689853E+09	1.217627E-07	1.098198E+06	2.602438E+05	603.7691810866	27.4369609499	11.1919158171	0.0616349558	0.0533442500	0.0676759875	0.0146814953	-0.0007306783	0.0337608678	1.9845782982	1.9846196390	1.9845234929	217.0000000000
5146500.00	5.146500E+06	0.5966322728	12.2671839148	2.367370E+09	6.108614E-08	2.259561E+06	1.140242E+05	608.4312926459	27.3603311077	11.2776250868	0.0425859279	0.0361136923	0.0509440356	-0.0153344318	-0.0356558080	0.0089051688	2.5763301339	2.7642784297	2.5763364337	218.0000000000
5201250.00	5.201250E+06	0.6400115243	12.3703167209	1.671415E+09	4.286257E-08	2.210894E+06	7.240552E+04	605.0352166311	27.3987358838	11.3634902538	0.0336190184	0.0302707018	0.0489992548	-0.0353707222	-0.0413438594	0.0097214850	2.9492206073	2.9491563707	2.9491961763	219.0000000000
5256000.00	5.256000E+06	1.0552870113	12.4843490017	4.571623E+09	1.165150E-07	4.964241E+05	1.893208E+05	605.1169741229	27.3572394752	11.4493870703	0.0461200254	0.0096057348	0.0785519800	0.0188284385	-0.0708335719	0.0919603522	2.0908321897	2.1812375330	2.0515222499	220.0000000000
5310750.00	5.310750E+06	0.6403225050	12.5852560706	1.933286E+09	4.896984E-08	2.215063E+06	8.572399E+04	609.4075619322	27.4379003868	11.5351869890	0.0442949903	0.0022611997	0.0770025839	0.0200093703	-0.0903073800	0.1063947016	2.0293438904	2.0837200706	2.0229752129	221.0000000000
5365500.00	5.365500E+06	0.6557265377	12.6946870032	1.898025E+09	4.778198E-08	2.163008E+06	8.334976E+04	606.4549439508	27.4443321142	11.6207576266	0.0666531730	0.0393458575	0.0821406940	0.0424835634	-0.0161270198	0.0756422927	2.0911733869	2.1819854601	2.0516215545	222.0000000000
5420250.00	5.420250E+06	0.6543605668	12.8054714440	1.895570E+09	4.742900E-08	2.208585E+06	8.232268E+04	607.2587565566	27.4112484020	11.7059632424	0.0699120784	0.0546967337	0.0768199059	0.0472521977	0.0165435902	0.0615968091	2.0502797547	2.0896462132	2.0344527284	223.0000000000
5475000.00	5.475000E+06	0.6566703251	12.9174954614	1.901721E+09	4.729443E-08	2.228080E+06	8.190545E+04	607.2927827205	27.4026565844	11.7906652244	0.0712520188	0.0714375737	0.0742395472	0.0490407717	0.0491202151	0.0557134680	2.0336273084	2.0340988733	2.0273183949	224.0000000000
5529750.00	5.529750E+06	0.6601173036	13.0305720110	1.906713E+09	4.713340E-08	2.239802E+06	8.148351E+04	606.9915170497	27.4035580110	11.8747225861	0.0721135362	0.0710284021	0.0730192888	0.0500953901	0.0476683222	0.0527802807	2.0244798615	2.0271369528	2.0231634821	225.0000000000
5584500.00	5.584500E+06	0.6635903526	13.1445559569	1.955394E+09	4.804891E-08	2.239236E+06	8.352940E+04	607.1051186803	27.4003779453	11.9579924667	0.0695366535	0.0682795122	0.0715303970	0.0476293855	0.0420617947	0.0572687471	2.0228746504	2.0241832246	2.0220566644	226.0000000000
5639250.00	5.639250E+06	0.6656893327	13.2592541597	2.044907E+09	4.995269E-08	2.236065E+06	8.780470E+04	607.8585273720	27.3845812755	12.0403306353	0.0646010097	0.0622236260	0.0689643756	0.0430222016	0.0303945209	0.0646042932	2.0219873348	2.0228047882	2.0213436233	227.0000000000
5694000.00	5.694000E+06	0.6672913398	13.3743555312	2.087808E+09	5.070453E-08	2.247046E+06	8.943891E+04	608.0650660197	27.3641770439	12.1215919959	0.0589841615	0.0555320207	0.0706357414	0.0388044884	0.0220512651	0.0906685917	2.0219042385	2.0227504464	2.0212333185	228.0000000000
5748750.00	5.748750E+06	0.6637777342	13.4898648811	2.319805E+09	5.601673E-08	2.240763E+06	1.015510E+05	611.1655219647	27.3054163177	12.2016310906	0.0492552683	0.0418235243	0.0683291578	0.0311491617	-0.0033967802	0.1012126322	2.0229406555	2.0243580102	2.0220228928	229.0000000000
5803500.00	5.803500E+06	0.6611744798	13.6057765514	2.672575E+09	6.417266E-08	2.196485E+06	1.208884E+05	615.2432176328	27.2390024844	12.2803025989	0.0356736888	0.0211782047	0.0573246655	0.0202900918	-0.0451415545	0.0906501243	2.0220038731	2.0234311775	2.0209605374	230.0000000000
5858250.00	5.858250E+06	0.6591415463	13.7209791166	2.752308E+09	6.572325E-08	2.218401E+06	1.244814E+05	616.0178906546	27.1695223778	12.3574618316	0.0251791590	0.0009418143	0.0525624264	0.0146748712	-0.0730716178	0.0910243449	2.0267726643	2.0333713794	2.0238460029	231.0000000000
5913000.00	5.913000E+06	0.6228693361	13.8374592592	4.200191E+09	9.975751E-08	2.069227E+06	2.166809E+05	625.0981673591	27.0652186090	12.4329652161	0.0163702789	-0.0168045308	0.0473529030	0.0083737839	-0.1091194428	0.0878284632	2.0094077310	2.0099732430	2.0088286175	232.0000000000
5967750.00	5.967750E+06	0.6334519934	13.9522856636	4.305348E+09	1.017176E-07	1.899554E+06	2.257474E+05	631.3838893607	26.8619442568	12.5066707722	0.0001840530	-0.1022476583	0.0309768444	0.0001503258	-0.2198255528	0.0627461606	2.0247242170	2.0469354742	2.0217271597	233.0000000000
6022500.00	6.022500E+06	0.6216720414	14.0658297412	3.798675E+09	8.928791E-08	1.994799E+06	1.989227E+05	629.7281444715	26.8683144522	12.5784385749	0.0020970755	-0.0920409197	0.0302187131	0.0018467026	-0.2269399930	0.0607174951	2.0197195118	2.0213005907	2.0185295247	234.0000000000
6077250.00	6.077250E+06	0.6203292628	14.1780582591	4.458473E+09	1.042761E-07	1.990841E+06	2.350804E+05	630.4829474926	26.8080902158	12.6481312053	0.0001760133	-0.0774833389	0.0252524779	0.0001466917	-0.1658108911	0.0510788150	2.0308977572	2.0473024049	2.0218376676	235.0000000000
6132000.00	6.132000E+06	0.6141642546	14.2888807619	4.519947E+09	1.052057E-07	2.040524E+06	2.382812E+05	630.1379014536	26.7783868611	12.7156141838	0.0002557095	-0.0966333581	0.0193490672	0.0002205140	-0.2081044315	0.0391108778	2.0245419583	2.0469895457	2.0214467396	236.0000000000
6186750.00	6.186750E+06	0.6137288717	14.3979627059	4.844096E+09	1.122276E-07	2.052589E+06	2.543516E+05	630.1337970633	26.7500066382	12.7807563884	0.0003403818	-0.0520848259	0.0198309544	0.0006739093	-0.1075105632	0.0400994626	2.0246246069	2.0471394361	2.0215031775	237.0000000000
6241500.00	6.241500E+06	0.6099446074	14.5052768962	4.963028E+09	1.144700E-07	2.070243E+06	2.608008E+05	629.6214709276	26.7231941755	12.8434304530	1.933718E-05	-0.0428777259	0.0177927442	1.080672E-05	-0.0877825342	0.0359625690	2.0242382823	2.0467929988	2.0202331817	238.0000000000
6296250.00	6.296250E+06	0.6033329211	14.6102550379	5.173900E+09	1.188235E-07	2.108684E+06	2.728528E+05	629.0890383061	26.6959519407	12.9035131469	-0.0003263183	-0.0410395801	0.0145970379	-0.0006781122	-0.0839757371	0.0294970935	2.0307778013	2.0474066966	2.0215381009	239.0000000000
6351000.00	6.351000E+06	0.5985326945	14.7128115360	5.253136E+09	1.201508E-07	2.145690E+06	2.761763E+05	628.7442877571	26.6698732783	12.9608857328	-6.834953E-10	-0.0189582481	0.0135865639	-1.383393E-09	-0.0385028997	0.0274439083	2.0239974120	2.0309313197	2.0199300144	240.0000000000
6405750.00	6.405750E+06	0.5932670942	14.8126552223	5.410474E+09	1.232694E-07	2.174184E+06	2.844652E+05	628.3368183040	26.6400141333	13.0154343033	2.945964E-06	-0.0224827672	0.0107311785	2.486182E-06	-0.0456551221	0.0216727600	2.0213442800	2.0306050696	2.0195552649	241.0000000000
6460500.00	6.460500E+06	0.5868964084	14.9094492956	5.502639E+09	1.249092E-07	2.216478E+06	2.889993E+05	627.8826380826	26.6143318202	13.0670500941	-3.473596E-10	-0.0244113128	0.0101098594	-7.020113E-10	-0.0495619406	0.0204103312	2.0209927529	2.0302857448	2.0188541115	242.0000000000
6515250.00	6.515250E+06	0.5811402367	15.0029899738	5.597870E+09	1.266321E-07	2.253328E+06	2.934710E+05	627.3708454366	26.5910865128	13.1156297741	4.203837E-07	-0.0128692066	0.0097848479	3.518180E-07	-0.0260442490	0.0197493902	2.0205422129	2.0237879871	2.0183871569	243.0000000000
6570000.00	6.570000E+06	0.5750361998	15.0930479616	5.725689E+09	1.291052E-07	2.287773E+06	2.998898E+05	626.9476189520	26.5639120178	13.1610757100	1.004224E-10	-0.0143770102	0.0091114761	2.027777E-10	-0.0290902868	0.0183853788	2.0192481468	2.0233891705	2.0178265899	244.0000000000
6624750.00	6.624750E+06	0.5689198547	15.1793415768	5.829031E+09	1.310411E-07	2.323995E+06	3.047411E+05	626.4630924573	26.5400407994	13.2032962084	-5.458109E-10	-0.0098496839	0.0093689695	-1.101866E-09	-0.0199024067	0.0189003397	2.0187688617	2.0206137774	2.0173339038	245.0000000000
6679500.00	6.679500E+06	0.5618232427	15.2616578107	5.948510E+09	1.333574E-07	2.364433E+06	3.107174E+05	626.0448633019	26.5117526004	13.2422057296	5.933681E-11	-0.0108069095	0.0090432510	1.197439E-10	-0.0218324822	0.0182390903	2.0180385571	2.0202336581	2.0168731739	246.0000000000
6734250.00	6.734250E+06	0.5546900111	15.3397642223	6.060859E+09	1.355332E-07	2.405061E+06	3.161830E+05	625.6123439356	26.4847483592	13.2777250795	-1.997750E-10	-0.0110661832	0.0092916432	-4.030668E-10	-0.0223516390	0.0187358923	2.0176031719	2.0198146508	2.0164239992	247.0000000000
6789000.00	6.789000E+06	0.5469018450	15.4134545084	6.182372E+09	1.379357E-07	2.448796E+06	3.222916E+05	625.2224540456	26.4550871343	13.3097815728	-5.455860E-10	-0.0097552378	0.0093177881	-1.100495E-09	-0.0196915527	0.0187846819	2.0170878677	2.0185620330	2.0160022581	248.0000000000
6843750.00	6.843750E+06	0.5388288354	15.4825261515	6.303926E+09	1.403628E-07	2.494080E+06	3.284043E+05	624.8425520513	26.4249749221	13.3383091734	1.486199E-10	-0.0100019675	0.0095578433	2.997217E-10	-0.0201858825	0.0192647947	2.0167008502	2.0181911673	2.0156006066	249.0000000000
6898500.00	6.898500E+06	0.5303192305	15.5467936248	6.430175E+09	1.429202E-07	2.541797E+06	3.348542E+05	624.4889770165	26.3933155340	13.3632486075	2.343834E-10	-0.0102445645	0.0097938919	4.725964E-10	-0.0206719573	0.0197368841	2.0163392790	2.0178463724	2.0152238054	250.0000000000
6953250.00	6.953250E+06	0.5213975847	15.6060843013	6.561217E+09	1.456122E-07	2.592028E+06	3.416537E+05	624.1632715627	26.3601102126	13.3845474531	5.346065E-10	-0.0104828658	0.0100257854	1.077769E-09	-0.0211494802	0.0202006809	2.0160039550	2.0175284618	2.0148726488	251.0000000000
7008000.00	7.008000E+06	0.5120901280	15.6602406514	6.697141E+09	1.484429E-07	2.644857E+06	3.488152E+05	623.8666479814	26.3253627768	13.4021602033	3.817280E-10	-0.0107167270	0.0102533855	7.694475E-10	-0.0216181928	0.0206559378	2.0156958031	2.0172383705	2.0145480483	252.0000000000
7062750.00	7.062750E+06	0.5024243891	15.7091209158	6.838027E+09	1.514161E-07	2.700365E+06	3.563519E+05	623.6002384894	26.2890798766	13.4160483073	-2.599745E-11	-0.0109460190	0.0104765754	-5.239572E-11	-0.0220778695	0.0211024516	2.0154157878	2.0169770998	2.0142509319	253.0000000000
7117500.00	7.117500E+06	0.4924285491	15.7525996942	6.983949E+09	1.545360E-07	2.758641E+06	3.642768E+05	623.3651382980	26.2512712239	13.4261801854	-3.524449E-10	-0.0111703815	0.0106950946	-7.102347E-10	-0.0225278173	0.0215397312	2.0151648663	2.0167455364	2.0139822940	254.0000000000
7172250.00	7.172250E+06	0.4821284030	15.7905664917	7.135071E+09	1.578087E-07	2.819789E+06	3.726057E+05	623.1629389205	26.2119245063	13.4325312234	-7.301651E-11	-0.0132536741	0.0109082515	-1.471241E-10	-0.0267384837	0.0219664014	2.0149424082	2.0174393553	2.0137417433	255.0000000000
7227000.00	7.227000E+06	0.4717193482	15.8229279047	7.285719E+09	1.611114E-07	2.882819E+06	3.809419E+05	622.9765397698	26.1722954114	13.4350837421	1.509704E-10	-0.0132014685	0.0113792718	3.041831E-10	-0.0266305525	0.0229122108	2.0148529968	2.0172416756	2.0135041359	256.0000000000
7281750.00	7.281750E+06	0.4608915692	15.8496145655	7.447229E+09	1.646976E-07	2.949937E+06	3.901078E+05	622.8437952639	26.1299327611	13.4338269480	-3.746973E-10	-0.0183538275	0.0115458637	-7.548993E-10	-0.0370649807	0.0232457623	2.0146911299	2.0194687299	2.0133411161	257.0000000000
7336500.00	7.336500E+06	0.4502735417	15.8705614512	7.597945E+09	1.680913E-07	3.017103E+06	3.985629E+05	622.6963094082	26.0894844439	13.4287568610	6.179318E-10	-0.0178463506	0.0124469057	1.245030E-09	-0.0360370113	0.0250571261	2.0148334216	2.0192930177	2.0131209077	258.0000000000
7391250.00	7.391250E+06	0.4390081145	15.8857463915	7.769551E+09	1.719963E-07	3.090442E+06	4.085952E+05	622.6364771831	26.0442283365	13.4198762237	-2.730213E-10	-0.0308938598	0.0125408319	-5.500667E-10	-0.0625736395	0.0252453724	2.0147390764	2.0254393654	2.0130540613	259.0000000000
7446000.00	7.446000E+06	0.4286637711	15.8951051972	7.901847E+09	1.750827E-07	3.158373E+06	4.158692E+05	622.4759353353	26.0067219021	13.4071943920	-6.573670E-10	-0.0291916665	0.0146001108	-1.324849E-09	-0.0591191968	0.0293867681	2.0153862681	2.0252080144	2.0127770581	260.0000000000
7500750.00	7.500750E+06	0.4171698990	15.8986650106	8.070611E+09	1.790314E-07	3.239024E+06	4.257786E+05	622.3741935879	25.9636513977	13.3907272068	2.573683E-05	-0.0602368920	0.0154997532	4.942202E-05	-0.1229562962	0.0311971196	2.0151832463	2.0411362520	2.0126848036	261.0000000000
7555500.00	7.555500E+06	0.4074670971	15.8964921911	8.179245E+09	1.817023E-07	3.294212E+06	4.318220E+05	622.2060887186	25.9289347659	13.3704968509	-2.639902E-05	-0.0574375435	0.0186533028	-5.570516E-05	-0.1172257965	0.0375382122	2.0172846009	2.0408852470	2.0123841587	262.0000000000
7610250.00	7.610250E+06	0.3957234431	15.8884232926	8.118091E+09	1.806512E-07	3.395275E+06	4.281064E+05	621.9869491199	25.8921087729	13.3465316887	1.370519E-05	-0.0899046030	0.0214371735	-1.851001E-06	-0.1860440077	0.0431365603	2.0168505534	2.0404746613	2.0119337511	263.0000000000
7665000.00	7.665000E+06	0.3846564951	15.8746250081	8.301250E+09	1.850907E-07	3.461939E+06	4.391624E+05	622.0515784237	25.8528635014	13.3188660925	2.202227E-05	-0.1641541005	0.0229267335	1.915534E-05	-0.3493108510	0.0461395892	2.0166673621	2.0807166088	2.0120776482	264.0000000000
7719750.00	7.719750E+06	0.3732540814	15.8551770920	7.969613E+09	1.780925E-07	3.548751E+06	4.211183E+05	621.3517542682	25.8372108968	13.2875402546	0.0003398262	-0.0880052553	0.0296325053	0.0002988845	-0.1905926145	0.0595995458	2.0129815425	2.0228786059	2.0103128259	265.0000000000
7774500.00	7.774500E+06	0.3603028412	15.8299581623	6.971574E+09	1.561776E-07	3.708211E+06	3.626678E+05	621.4836970015	25.8172468504	13.2525999886	-0.0004861050	-0.1142015701	0.0373138502	-0.0021856684	-0.2572142107	0.0750066479	2.0092162011	2.0106716624	2.0079536952	266.0000000000
7829250.00	7.829250E+06	0.3452219319	15.7966776309	8.538537E+09	1.918054E-07	3.892801E+06	4.430424E+05	616.5442574775	25.8445737418	13.2140965187	0.0025580047	-0.0868043015	0.0539193641	-0.0017290875	-0.2197202109	0.1081194243	2.0101847282	2.0151214408	2.0086959495	267.0000000000
7884000.00	7.884000E+06	0.3355447117	15.7626238596	7.298762E+09	1.644466E-07	3.778019E+06	3.834974E+05	619.6521896376	25.7896732790	13.1720862582	0.0023022326	-0.1318946651	0.0490930991	0.0020808484	-0.3568262769	0.0985811288	2.0081246413	2.0095887861	2.0068542329	268.0000000000
7938750.00	7.938750E+06	0.5274682339	15.7465161680	1.073911E+10	2.427443E-07	1.266321E+06	5.039535E+05	608.1100330883	25.9841935779	13.1266305821	0.0105677534	-0.0420711697	0.0716000212	-0.0137166480	-0.1648313228	0.1385535758	2.0038038685	2.0050067173	2.0025968611	269.0000000000
7993500.00	7.993500E+06	0.4947503364	15.6990948740	1.100312E+10	2.495783E-07	1.295927E+06	5.186512E+05	608.1214723250	25.9440067739	13.0777955897	0.0136044607	-0.0571999037	0.0620082686	-0.0088106530	-0.1885603020	0.1133269273	2.0014621138	2.0025107244	2.0004153432	270.0000000000
8048250.00	8.048250E+06	0.4759753668	15.6497994219	1.102671E+10	2.510440E-07	1.250016E+06	5.123991E+05	606.7732965860	26.0432418188	13.0256518619	0.0257383932	-0.0101047633	0.0880303703	0.0062386787	-0.1039016603	0.1672370448	2.0015197102	2.0027149713	2.0003182594	271.0000000000
8103000.00	8.103000E+06	0.4562163279	15.5952174818	1.138997E+10	2.603395E-07	1.092419E+06	5.258292E+05	605.5120409096	26.4018230937	12.9702742112	0.0368800175	0.0103268163	0.0870245269	0.0191451701	-0.0653550252	0.1417003811	2.0043573044	2.0056094549	2.0031082062	272.0000000000
8157750.00	8.157750E+06	0.4056849795	15.5308924507	1.168351E+10	2.681656E-07	1.094182E+06	5.408584E+05	605.4800048084	26.0402785827	12.9117414308	0.0435019371	0.0234549102	0.0809220548	0.0197765335	-0.0435762696	0.1239519396	1.9990076787	2.0001861828	1.9978198721	273.0000000000
8212500.00	8.212500E+06	0.3739423473	15.4668834014	1.126873E+10	2.597840E-07	1.047787E+06	5.056735E+05	602.6258669046	26.4959222124	12.8501360377	0.0579950650	0.0453596486	0.0915774107	0.0370691965	-0.0011277502	0.1500495700	1.9987698497	1.9999619231	1.9975674314	274.0000000000
8267250.00	8.267250E+06	0.3192405680	15.3911354273	1.136164E+10	2.631355E-07	1.036547E+06	5.068632E+05	601.8259137126	26.4862545996	12.7855440135	0.0655020699	0.0544876464	0.0783510462	0.0436152711	0.0132511122	0.0825050837	1.9977318593	1.9989330604	1.9965171013	275.0000000000
8322000.00	8.322000E+06	0.2717837050	15.3097414183	1.156558E+10	2.691522E-07	9.447854E+05	5.122826E+05	600.5540697473	26.4647307180	12.7180545454	0.0729362324	0.0635846808	0.0837520014	0.0516495375	0.0311128638	0.0814843672	1.9967230223	1.9979355227	1.9954939430	276.0000000000
8376750.00	8.376750E+06	0.2175482405	15.2153471167	1.182819E+10	2.766484E-07	9.512822E+05	5.256260E+05	600.5646339107	26.3810874755	12.6477597656	0.0740561959	0.0650498102	0.0830065544	0.0531209392	0.0339844393	0.0722144532	1.9965719396	1.9978111805	1.9953160586	277.0000000000
8431500.00	8.431500E+06	0.1716219761	15.1100830019	1.209575E+10	2.843857E-07	9.749447E+05	5.403486E+05	600.7575609871	26.2832981419	12.5747544913	0.0740297786	0.0652955120	0.0826408910	0.0533269956	0.0347883441	0.0716280860	1.9965765485	1.9978426609	1.9952892529	278.0000000000
8486250.00	8.486250E+06	0.1362854609	14.9941218890	1.235232E+10	2.919916E-07	9.987809E+05	5.548707E+05	600.9078431507	26.1858046486	12.4991359668	0.0739694109	0.0655698898	0.0822109012	0.0535298076	0.0356841185	0.0710620086	1.9965714827	1.9978672806	1.9952514735	279.0000000000
8541000.00	8.541000E+06	0.1103221016	14.8677124343	1.259338E+10	2.993578E-07	1.021543E+06	5.689579E+05	601.0146479119	26.0918917860	12.4210036049	0.0739427619	0.0659271922	0.0817958997	0.0538270735	0.0367767170	0.0705544978	1.9965369588	1.9978621922	1.9951926296	280.0000000000
8595750.00	8.595750E+06	0.0918189400	14.7322668619	1.281277E+10	3.063327E-07	1.043089E+06	5.822445E+05	601.0716749487	26.0027069236	12.3404587353	0.0739502361	0.0663378921	0.0812852804	0.0542263516	0.0380124019	0.0698972679	1.9964713179	1.9978239403	1.9951112246	281.0000000000
8650500.00	8.650500E+06	0.0797557569	14.5937678938	1.279916E+10	3.078274E-07	1.064398E+06	5.804940E+05	600.3564233864	25.9502225555	12.2576043532	0.0741661703	0.0696479888	0.0812534452	0.0555559633	0.0453678392	0.0706957303	1.9959008333	1.9972480606	1.9945416571	282.0000000000
8705250.00	8.705250E+06	0.0711817535	14.4508922295	1.289655E+10	3.120647E-07	1.068144E+06	5.865236E+05	599.8246027242	25.9853427367	12.1725448721	0.0727605249	0.0735727222	0.0618411494	0.0532793854	0.0547783762	0.0281780653	1.9927123112	1.9940325464	1.9913801539	283.0000000000
8760000.00	8.760000E+06	0.0755249879	14.3609527193	9.655119E+09	2.350935E-07	1.164718E+06	3.892137E+05	589.2163098234	25.7610939493	12.0853858839	0.0957566091	0.0954467131	0.0932735709	0.0964761908	0.0997335452	0.0856115097	1.9770747436	1.9777046442	1.9764609884	284.0000000000
8814750.00	8.814750E+06	0.0393525431	14.0168756527	1.034181E+10	2.534282E-07	2.950340E+06	5.820350E+05	596.6048270777	25.6119734818	11.9962339202	0.0826811072	0.0823435226	0.0851646575	0.0544010415	0.0561462995	0.0538964960	1.9691363533	1.9697178760	1.9685628173	285.0000000000
8869500.00	8.869500E+06	0.0318381569	13.9794374601	1.256797E+09	3.099980E-08	4.844139E+06	4.120929E+04	592.9466812458	25.5147313247	11.9051962232	0.0862593977	0.0893257661	0.0716863503	0.0769203891	0.0837549581	0.0413601755	1.9719777209	1.9734681653	1.9704825174	286.0000000000
8924250.00	8.924250E+06	0.0280364967	13.7593485723	4.551506E+09	1.130164E-07	6.883997E+06	1.931078E+05	591.1756222812	25.6340101512	11.8123805202	0.1016149684	0.0981350420	0.1048618078	0.0901570351	0.0857412761	0.0931234507	1.9931600953	1.9937053825	1.9926491889	287.0000000000
8979000.00	8.979000E+06	0.0299968962	13.7210462579	1.143100E+09	2.857698E-08	4.846707E+06	3.778152E+04	586.1489336666	26.0504870203	11.7178948055	0.1327248393	0.1277955510	0.1377283762	0.1550742897	0.1449493511	0.1652931906	1.9714851501	1.9729967361	1.9699734197	288.0000000000
9033750.00	9.033750E+06	0.0394237749	13.4726603548	1.386777E+10	3.490878E-07	2.087721E+06	7.417042E+05	580.4295732852	25.8693742802	11.6218471284	0.1673133714	0.1625705332	0.1720296638	0.2346296747	0.2244865787	0.2449176128	1.9925010531	1.9926844995	1.9928552836	289.0000000000
9088500.00	9.088500E+06	0.0732972365	13.6007582198	1.055454E+10	2.675533E-07	5.555390E+05	4.189320E+05	579.9080148813	25.7994436573	11.5243453905	0.1530043681	0.1498864300	0.1539234379	0.1957383620	0.1884289822	0.1989257849	1.9646150668	1.9651320009	1.9640982293	290.0000000000
9143250.00	9.143250E+06	0.0721779775	13.4746870133	1.056802E+10	2.698055E-07	5.482832E+05	4.193147E+05	579.1507083861	25.7393913093	11.4254971474	0.0979221032	0.1077212740	0.0747095462	0.0914056032	0.1110550628	0.0407730095	2.0093906353	1.9953261937	2.0465277407	291.0000000000
9198000.00	9.198000E+06	0.0226364573	13.1325385448	4.161329E+09	1.070078E-07	8.284652E+06	1.858188E+05	584.5602178297	25.6568283641	11.3254094193	0.0919552754	0.0989033880	0.0833793478	0.0580648101	0.0736204776	0.0372093943	1.9748440914	1.9760167235	1.9736658210	292.0000000000
9252750.00	9.252750E+06	0.0257184717	12.9800079682	3.073692E+09	7.961720E-08	6.815363E+06	1.237568E+05	581.3363130478	25.9259372327	11.2241885116	0.0788279215	0.0889913623	0.0679526031	0.0298019364	0.0538728512	0.0002162577	2.9197792583	2.9209227293	2.9186386545	293.0000000000
9307500.00	9.307500E+06	0.0249438300	12.8666909922	3.168942E+09	8.269076E-08	7.003245E+06	1.301579E+05	581.5138292953	26.0228328890	11.1219398395	0.0734774383	0.0759421176	0.0765934005	0.0045200467	0.0120112764	0.0118430878	2.9133730702	2.9145870197	2.9143445833	294.0000000000
9362250.00	9.362250E+06	0.0321468156	12.7197678965	1.208939E+10	3.178140E-07	3.067939E+06	6.617148E+05	575.6275111733	26.0194489778	11.0187677628	0.0939683428	0.0971583325	0.0878125685	0.0541794119	0.0646396442	0.0420584717	1.9586772022	1.9601273755	1.9572309387	295.0000000000
9417000.00	9.417000E+06	0.0525101174	12.7788266035	1.132986E+10	3.000861E-07	1.038275E+06	4.915643E+05	582.4215943893	25.6484277725	10.9147754300	0.1280161311	0.1523085771	0.1080985396	0.1563098733	0.2043275524	0.1107959735	1.9744666667	1.9748134451	1.9741196362	296.0000000000
9471750.00	9.471750E+06	0.0221364582	12.5924546107	1.968741E+09	5.253943E-08	7.547574E+06	7.378830E+04	575.6286365506	25.6060053690	10.8100646267	0.1021867982	0.0987709003	0.1056738768	0.0536419249	0.0459355941	0.0616088273	1.9483517767	1.9496350519	1.9470762619	297.0000000000
9526500.00	9.526500E+06	0.0217063503	12.4859741313	1.986436E+09	5.341540E-08	7.656745E+06	7.531699E+04	575.2138769932	25.5509072134	10.7047356364	0.1016883939	0.0990729303	0.1032369632	0.0533673544	0.0471190688	0.0576539308	1.9469655555	1.9482442568	1.9456949744	298.0000000000
9581250.00	9.581250E+06	0.0703763894	12.5299518285	9.977529E+09	2.703500E-07	4.529414E+05	3.862985E+05	570.0429219434	25.6138554579	10.5988871061	0.1280871716	0.1365767140	0.1168969262	0.1373061100	0.1540256776	0.1115159206	2.9101058525	2.9111719584	2.9090439455	299.0000000000
9636000.00	9.636000E+06	0.0317842128	12.1509359066	4.173458E+08	1.139525E-08	3.034944E+06	1.319954E+04	571.9920214263	25.7725909636	10.4926159226	0.1733233450	0.1768155768	0.1719686720	0.2292607356	0.2397342369	0.2228264061	1.9573768774	1.9578211574	1.9569348894	300.0000000000
9690750.00	9.690750E+06	0.0240571263	12.0622531450	3.474856E+09	9.560892E-08	6.421136E+06	1.553444E+05	571.7475838844	26.0999793891	10.3860170944	0.1377651231	0.1366225463	0.1397062066	0.1334265884	0.1338040417	0.1366969379	1.9436011407	1.9449469142	1.9422654994	301.0000000000
9745500.00	9.745500E+06	0.0338058605	11.9005909014	1.449854E+10	4.020000E-07	1.816049E+06	8.106808E+05	564.9349382432	25.9107544044	10.2791836424	0.1718092802	0.1696593840	0.1742301566	0.2103077006	0.2064443014	0.2154450237	1.9544857617	1.9549253437	1.9540490711	302.0000000000
9800250.00	9.800250E+06	0.0221242619	11.8498149491	2.462274E+09	6.879879E-08	7.277055E+06	1.038636E+05	567.5079587223	26.1399518311	10.1722064993	0.1727582356	0.1704183537	0.1751347338	0.2126086410	0.2074362293	0.2179680845	1.9369669309	1.9383522679	1.9355917833	303.0000000000
9855000.00	9.855000E+06	0.0555705944	11.9163232743	9.081283E+09	2.557017E-07	9.457405E+05	3.530607E+05	568.1416114112	25.7598529736	10.0651744144	0.1443935989	0.1421538449	0.1466410824	0.1468599603	0.1417384070	0.1520337122	2.9070135114	2.9081273957	2.9059066006	304.0000000000
9909750.00	9.909750E+06	0.0224286315	11.6222429467	2.018704E+09	5.727919E-08	6.910454E+06	8.201960E+04	561.8455736630	25.9061193518	9.9581738674	0.1750894287	0.1732445443	0.1766407005	0.2179302869	0.2136751366	0.2216774369	1.9304239173	1.9318191692	1.9290401734	305.0000000000
9964500.00	9.964500E+06	0.0606201785	11.7078990970	1.034306E+10	2.957356E-07	5.072457E+05	4.173127E+05	565.9842450288	25.7547749125	9.8512889908	0.1715989743	0.1728111824	0.1665745960	0.2134315106	0.2149703263	0.2045794009	2.9013070793	2.9024496150	2.9001720687	306.0000000000
10019250.00	1.001925E+07	0.0292418278	11.4400484572	3.681823E+08	1.060807E-08	3.013489E+06	1.180714E+04	565.3017927919	25.6776330250	9.7446014937	0.1791070183	0.1847003883	0.1726620989	0.2360795372	0.2478906982	0.2208992015	1.9663617623	1.9665494195	1.9661772844	307.0000000000
10074000.00	1.007400E+07	0.0213064127	11.3053232934	1.958149E+09	5.684911E-08	7.140036E+06	8.147237E+04	559.8843440046	25.4274236357	9.6381906013	0.2130474085	0.2167374280	0.2111169225	0.3120703987	0.3236934973	0.3052655308	2.9378332729	2.9382966611	2.9373715638	308.0000000000
10128750.00	1.012875E+07	0.0659524649	11.4366202424	8.125042E+09	2.376785E-07	5.613798E+05	3.022136E+05	556.6128281745	26.1770317266	9.5321329914	0.1968214277	0.1991945354	0.1946835330	0.2700599796	0.2782356651	0.2643470093	1.9236644797	1.9250101522	1.9223307696	309.0000000000
10183500.00	1.018350E+07	0.0592794941	11.2794561845	1.013365E+10	2.986721E-07	4.766641E+05	4.068308E+05	562.4033461088	26.1661505255	9.4265027458	0.1990082498	0.1987535064	0.1996252513	0.2722452806	0.2728601121	0.2732743242	2.8687003987	2.8260665940	2.8846316139	310.0000000000
10238250.00	1.023825E+07	0.0264067130	11.1902441726	8.557735E+08	2.541127E-08	3.062380E+06	3.098184E+04	555.9896864545	25.2234073330	9.3213713027	0.1933765402	0.1927359179	0.1940696115	0.2586172724	0.2574273416	0.2601457123	1.9672563479	1.9673983349	1.9671181603	311.0000000000
10293000.00	1.029300E+07	0.0745268646	11.1586321378	8.180009E+09	2.446982E-07	3.002804E+05	2.975379E+05	552.4236604213	26.3243886230	9.2168074156	0.1994416183	0.1989299758	0.1999322843	0.2709094784	0.2698019764	0.2720700340	1.9268300826	1.9280936277	1.9255784434	312.0000000000
10347750.00	1.034775E+07	0.0277138685	10.8482930699	3.326470E+08	1.002390E-08	2.914253E+06	1.094017E+04	560.7606930488	25.6501335220	9.1128771208	0.2296984541	0.2294381300	0.2298511871	0.3406327750	0.3400329088	0.3410871399	1.9463674171	1.9467351306	1.9460045671	313.0000000000
10402500.00	1.040250E+07	0.0192772417	10.6994283742	2.807975E+09	8.522860E-08	7.492158E+06	1.366826E+05	556.1116544843	25.9797273346	9.0096437081	0.2011489149	0.2010277936	0.2010402317	0.2751193942	0.2747428896	0.2751109782	1.9197424775	1.9210178524	1.9184789006	314.0000000000
10457250.00	1.045725E+07	0.0306791903	10.5396452788	1.385558E+10	4.235595E-07	1.532047E+06	7.952256E+05	548.7010774238	25.8074778684	8.9071676976	0.1982948890	0.1995673973	0.1951316733	0.2696926957	0.2719876056	0.2639412876	2.8903148594	2.8913994290	2.8892388109	315.0000000000
10512000.00	1.051200E+07	0.0191828503	10.5085626881	1.746403E+09	5.376334E-08	7.466538E+06	7.637152E+04	551.5445194327	25.3439574078	8.8055068200	0.2012188033	0.2045668152	0.1939247818	0.2786210015	0.2848384875	0.2649707343	2.9362085417	2.9366100478	2.9358098226	316.0000000000
10566750.00	1.056675E+07	0.0694018019	10.6421789672	8.310358E+09	2.576107E-07	2.964652E+05	3.055907E+05	549.8841214443	26.1018186211	8.7047160060	0.2413171158	0.2525751115	0.2323058046	0.3838580866	0.4122664965	0.3604675084	1.9185925744	1.9197287263	1.9174669786	317.0000000000
10621500.00	1.062150E+07	0.0178162513	10.3313468526	2.030631E+09	6.337572E-08	8.179014E+06	9.556340E+04	555.2793960365	25.2999883101	8.6048473745	0.2251023499	0.2346534157	0.2131190884	0.3444996933	0.3638370274	0.3186048641	1.9609806336	1.9613934896	1.9606408201	318.0000000000
10676250.00	1.067625E+07	0.0201781514	10.2422338264	1.963921E+09	6.170279E-08	6.487536E+06	8.867221E+04	544.7784190386	25.8468489641	8.5059502322	0.2362456798	0.2465756337	0.2305721418	0.3706694822	0.3987468810	0.3531042785	2.8870431520	2.8881196324	2.8859750695	319.0000000000
10731000.00	1.073100E+07	0.0181047802	10.1370343255	1.714422E+09	5.421552E-08	7.748353E+06	7.773886E+04	548.7331482671	25.6533226286	8.4080710689	0.1995910700	0.2140176687	0.1888630244	0.2889581723	0.3240908762	0.2602386191	2.7075457522	2.5216356673	2.8123677867	320.0000000000
10785750.00	1.078575E+07	0.0224332947	10.2423256514	4.511094E+08	1.435634E-08	3.687253E+06	1.700560E+04	548.8555383906	25.4553018892	8.3112535678	0.2421711813	0.2478542891	0.2352649176	0.3776152164	0.3891667929	0.3627582919	1.9602800248	1.9603780597	1.9601855204	321.0000000000
10840500.00	1.084050E+07	0.0293601490	9.8996787816	7.242459E+09	2.319157E-07	1.775218E+06	4.163262E+05	539.6342939543	25.8021828979	8.2155386072	0.2097549922	0.2156526513	0.2026020979	0.3060587568	0.3180320584	0.2907297708	2.8834626385	2.8845079806	2.8824251355	322.0000000000
10895250.00	1.089525E+07	0.0638006872	10.0702563213	8.396953E+09	2.705009E-07	3.012761E+05	3.137767E+05	546.4411820605	26.2066535043	8.1209642767	0.2237360330	0.2340545567	0.2110188843	0.3419036759	0.3625105855	0.3146036224	1.9136898231	1.9148598517	1.9125282162	323.0000000000
10950000.00	1.095000E+07	0.0505815154	9.9064447647	1.025983E+10	3.324341E-07	4.400067E+05	4.198497E+05	546.2245790002	25.9851938908	8.0275658924	0.2181818582	0.2244695932	0.2106780288	0.3245601080	0.3373958377	0.3084417782	2.8801578872	2.8812079158	2.8791141763	324.0000000000
11004750.00	1.100475E+07	0.0142461879	9.8048581654	1.776975E+09	5.789943E-08	1.084025E+07	8.750206E+04	536.2377508555	26.0064256410	7.9353760126	0.2186203590	0.2252364609	0.2108378070	0.3243061917	0.3381900690	0.3074635879	1.9061897181	1.9073408491	1.9050484327	325.0000000000
11059500.00	1.105950E+07	0.0255596700	9.6864292567	2.779948E+08	9.106700E-09	2.634941E+06	9569.6187432297	545.7215012603	25.6642264414	7.8444244631	0.2307002123	0.2376351379	0.2197572836	0.3484188100	0.3620165193	0.3267398677	1.9410247297	1.9413108469	1.9407419346	326.0000000000
11114250.00	1.111425E+07	0.0148449312	9.5747170596	2.515096E+09	8.281480E-08	9.854575E+06	1.429011E+05	546.0363205420	25.5301620143	7.7547383598	0.2068138908	0.2274581974	0.1891333728	0.3127435483	0.3610638387	0.2686197353	1.9399444076	1.9402749080	1.9396168360	327.0000000000
11169000.00	1.116900E+07	0.0166150954	9.4867721314	1.789341E+09	5.920623E-08	8.020988E+06	8.840548E+04	540.1972609432	25.8256739384	7.6663421376	0.2490006923	0.2600529639	0.2390140127	0.4001208175	0.4268868666	0.3762504719	1.9600901600	1.9601470571	1.9600354625	328.0000000000
11223750.00	1.122375E+07	0.0186383713	9.3860623947	1.239129E+09	4.119049E-08	6.537210E+06	5.380029E+04	527.8271429135	25.4968819203	7.5792575801	0.2056248029	0.2084512114	0.2026370842	0.2856516885	0.2918626194	0.2791712108	1.9605115072	1.9606088746	1.9604160914	329.0000000000
11278500.00	1.127850E+07	0.0641123601	9.4963165601	7.735048E+09	2.582429E-07	2.609447E+05	2.844584E+05	538.5501694595	26.2471200576	7.4935038558	0.2327603303	0.2358176750	0.2296299350	0.3496647943	0.3563441930	0.3428782946	1.9134519140	1.9143794489	1.9125829734	330.0000000000
11333250.00	1.133325E+07	0.0239479781	9.2904436603	3.360785E+08	1.126584E-08	2.877074E+06	1.222813E+04	533.0799750857	25.6365262320	7.4090975490	0.2314994130	0.2347019348	0.2282377714	0.3467034558	0.3537685175	0.3395877839	1.9575155723	1.9575820686	1.9574504905	331.0000000000
11388000.00	1.138800E+07	0.0135363863	9.2469021681	1.637374E+09	5.509275E-08	1.096222E+07	8.459685E+04	525.5812802794	26.1414187140	7.3260527016	0.2039349698	0.2073473065	0.2005004168	0.2817026921	0.2893854492	0.2741067372	1.8992356591	1.9003139933	1.8981647862	332.0000000000
11442750.00	1.144275E+07	0.0275937225	9.0451433763	2.341229E+08	7.904489E-09	2.034314E+06	8528.3261877770	527.0566048955	25.8407803396	7.2443808521	0.2084354663	0.2123166269	0.2046882209	0.2910562995	0.3002398715	0.2825885468	2.8761745732	2.8771130402	2.8752407227	333.0000000000
11497500.00	1.149750E+07	0.0248687027	9.0694665520	2.633451E+08	8.918493E-09	2.466638E+06	9293.7377350149	534.3911088825	25.8526695067	7.1640910787	0.2064400190	0.2132048094	0.2011997800	0.2936995283	0.3116377730	0.2804858407	2.8736797617	2.8746380202	2.8727259577	334.0000000000
11552250.00	1.155225E+07	0.0201316348	8.9813446963	6.291269E+08	2.136425E-08	4.422183E+06	2.567175E+04	527.6751024190	25.7746496797	7.0851900431	0.1980756973	0.2101307465	0.1897129147	0.2831945293	0.3124643653	0.2607740769	2.8717453815	2.8726920771	2.8708029176	335.0000000000
11607000.00	1.160700E+07	0.0144251279	8.9094686175	2.200076E+09	7.488768E-08	9.351553E+06	1.276109E+05	529.3230259812	25.3434071301	7.0076820382	0.2134755270	0.2240759720	0.2026377537	0.3143520369	0.3381545741	0.2897729522	1.9568529221	1.9569494259	1.9567572434	336.0000000000
11661750.00	1.166175E+07	0.0233434289	8.9277813792	6.320834E+08	2.155781E-08	2.618032E+06	2.453806E+04	522.6163907734	25.2494810557	6.9315690347	0.1996552839	0.2085364500	0.1891112957	0.2821021651	0.3003331647	0.2595742595	2.9333419078	2.9336657127	2.9330170350	337.0000000000
11716500.00	1.171650E+07	0.0659021597	8.9263742762	6.901779E+09	2.357637E-07	2.189733E+05	2.485268E+05	526.2152543232	26.2935143719	6.8568507353	0.1873058089	0.1924025145	0.1812648652	0.2463679282	0.2573988693	0.2335888411	2.8687920627	2.8697469229	2.8678407289	338.0000000000
11771250.00	1.177125E+07	0.0241177502	8.7019662073	2.994092E+08	1.023975E-08	2.547810E+06	1.090433E+04	523.2580767044	25.2465237232	6.7835246212	0.1844814381	0.1893870077	0.1793403896	0.2388093166	0.2495952303	0.2275414053	1.9547966219	1.9549020222	1.9546918272	339.0000000000
11826000.00	1.182600E+07	0.0133198490	8.6819242679	1.501319E+09	5.138331E-08	1.040121E+07	8.005892E+04	514.3547429651	26.2113352108	6.7115860126	0.2090261362	0.2142844893	0.2035238596	0.2943036970	0.3057649422	0.2823395423	1.9028080434	1.9036957540	1.9019270512	340.0000000000
11880750.00	1.188075E+07	0.0266206061	8.5245708780	2.113638E+08	7.236296E-09	1.977799E+06	7248.9713624712	517.6696704800	25.8815079517	6.6410281176	0.1876417568	0.1931662237	0.1818911965	0.2456526150	0.2578874934	0.2330042107	1.9534460147	1.9535304185	1.9533609589	341.0000000000
11935500.00	1.193550E+07	0.0171338268	8.4732347096	1.783014E+09	6.103573E-08	6.483109E+06	9.051640E+04	515.2593361459	26.2711210128	6.5718420943	0.1618278556	0.1678566683	0.1557585395	0.1839737609	0.1980067163	0.1702712771	1.8955425741	1.8965256719	1.8945643913	342.0000000000
11990250.00	1.199025E+07	0.0254133646	8.4417568238	2.251807E+08	7.703831E-09	2.094504E+06	7848.2195790865	519.7436109174	25.7925575920	6.5040171075	0.1513630291	0.1622422207	0.1426313252	0.1703091198	0.1969660282	0.1483584816	2.8679084081	2.8688105964	2.8670029465	343.0000000000
12045000.00	1.204500E+07	0.0134319023	8.4241789318	1.450186E+09	4.956144E-08	9.893781E+06	7.768516E+04	509.9832400916	26.1101620159	6.4375403870	0.1535813020	0.1685145652	0.1359245412	0.1864428530	0.2168475710	0.1484233033	2.8659277250	2.8668626769	2.8649933504	344.0000000000
12099750.00	1.209975E+07	0.0272531189	8.2661257754	6.398629E+09	2.183468E-07	1.461061E+06	3.704024E+05	510.9421626686	25.4893540784	6.3723972929	0.1719923425	0.1874532291	0.1535691511	0.2296811145	0.2610413720	0.1902694122	1.9639021915	1.9639127176	1.9638893068	345.0000000000
12154500.00	1.215450E+07	0.0488639822	8.3709663997	7.222462E+09	2.459670E-07	5.066433E+05	2.762490E+05	513.5083974521	25.8398860149	6.3085713753	0.1253344557	0.1328119520	0.1166274810	0.1031585182	0.1194617668	0.0845469287	1.9487630095	1.9489208477	1.9486014121	346.0000000000
12209250.00	1.220925E+07	0.0136075543	8.2478682425	1.423160E+09	4.834663E-08	9.420557E+06	7.628054E+04	508.2888591602	25.8189152641	6.2460444405	0.1229349676	0.1301709754	0.1154841121	0.0976939629	0.1138131376	0.0812009842	2.8692766265	2.8701678556	2.8683839820	347.0000000000
12264000.00	1.226400E+07	0.0212729288	8.1225624258	1.514951E+09	5.131208E-08	3.457304E+06	8.279476E+04	513.1744932352	26.2988281649	6.1847966155	0.1667174055	0.1979966020	0.1464869142	0.2415254116	0.3195594481	0.1839207260	1.8971336520	1.8979947609	1.8962712724	348.0000000000
12318750.00	1.231875E+07	0.0252027400	8.0469476052	9.435104E+09	3.184652E-07	1.730833E+06	5.532431E+05	510.0035952861	26.1403094806	6.1248064149	0.0700464735	0.0821949118	0.0513852037	-0.0205062251	0.0047491787	-0.0579977522	2.8681830089	2.8690650244	2.8672986081	349.0000000000
12373500.00	1.237350E+07	0.0256056903	7.9975376747	1.051509E+10	3.535146E-07	1.576295E+06	6.126911E+05	508.2195471956	26.1369748862	6.0660508099	0.0699360444	0.0782042213	0.0607775919	-0.0247038187	-0.0064337671	-0.0446778655	2.8675035427	2.8683912648	2.8666130790	350.0000000000
12428250.00	1.242825E+07	0.0261805063	7.9532712820	1.035304E+10	3.465175E-07	1.501109E+06	5.931178E+05	505.8602291020	26.2317920430	6.0085052972	0.0697841776	0.0779327361	0.0613778844	-0.0258229433	-0.0076263103	-0.0445527108	2.8673133620	2.8682031929	2.8664204027	351.0000000000
12483000.00	1.248300E+07	0.0267461826	7.9098822711	1.014530E+10	3.378855E-07	1.432793E+06	5.723812E+05	503.6761803955	26.3237796375	5.9521439676	0.0692983390	0.0794445947	0.0600010412	-0.0240801835	0.0034392726	-0.0467807628	2.8670830061	2.8679752366	2.8661872654	352.0000000000
12537750.00	1.253775E+07	0.0269741563	7.8630158062	1.016471E+10	3.366911E-07	1.371224E+06	5.724625E+05	502.6170601597	26.3373158304	5.8969395797	0.0680541869	0.0884426875	0.0544750136	-0.0106630645	0.0521286402	-0.0518619121	2.8663230830	2.8672202558	2.8654220415	353.0000000000
12592500.00	1.259250E+07	0.0147464308	7.8698583436	2.548042E+09	8.389962E-08	7.674627E+06	1.590551E+05	496.5553094627	26.0856375078	5.8428636336	0.1722558924	0.1818932795	0.1623166082	0.2410297741	0.2612213709	0.2202205957	2.8638381562	2.8647467265	2.8629253761	354.0000000000
12647250.00	1.264725E+07	0.0202982189	7.7899677886	1.037256E+09	3.393460E-08	4.461322E+06	4.471118E+04	491.7375731118	26.7217483070	5.7898864401	0.1803028793	0.1903157377	0.1700759911	0.2566468178	0.2779843278	0.2351069161	1.8901839860	1.8910768613	1.8892869528	355.0000000000
12702000.00	1.270200E+07	0.0265751646	7.7287336859	4.473730E+08	1.453508E-08	1.742130E+06	2.091432E+04	500.6184798478	25.7559479211	5.7379771992	0.1690957529	0.1808249379	0.1580151478	0.2354172288	0.2628594471	0.2108795453	1.8854191876	1.8864075425	1.8844275821	356.0000000000
12756750.00	1.275675E+07	0.0190021520	7.6997091457	1.478389E+09	4.767785E-08	4.275010E+06	8.045290E+04	503.5288346063	25.6869393191	5.6871040748	0.1407957511	0.1595776178	0.1226066064	0.1812187149	0.2232239184	0.1395284522	1.9433616164	1.9436998864	1.9430163437	357.0000000000
12811500.00	1.281150E+07	0.0147464426	7.6802136491	1.779005E+09	5.692158E-08	7.513183E+06	1.030508E+05	499.5131502452	26.0096269908	5.6372342693	0.1263909780	0.1525729342	0.0986355059	0.1617777120	0.2175267186	0.0969842862	2.1179537328	2.0295272604	2.2872852527	358.0000000000
12866250.00	1.286625E+07	0.0286309875	7.6303124220	8.506926E+09	2.699214E-07	1.334236E+06	4.511709E+05	494.7676051591	25.8805460138	5.5883341031	0.1335405278	0.1487914522	0.1197694177	0.1648894111	0.2016726088	0.1330812132	1.8892290966	1.8901578717	1.8882958147	359.0000000000
12921000.00	1.292100E+07	0.0171388934	7.5898625865	3.311542E+09	1.041491E-07	5.449687E+06	1.937272E+05	502.1545022941	26.0171696052	5.5403690916	0.1208686270	0.1392003814	0.0983127379	0.1460084905	0.1860991476	0.0988493502	1.9687733997	1.9635180213	1.9830601827	360.0000000000
12975750.00	1.297575E+07	0.0153375138	7.5493339162	2.789871E+09	8.692957E-08	6.778927E+06	1.759608E+05	500.9104247131	25.3925111920	5.4933040247	0.1071471062	0.1238422142	0.0839136220	0.1236447443	0.1572788844	0.0770674146	1.8850684370	1.8860596393	1.8840727228	361.0000000000
13030500.00	1.303050E+07	0.0155206372	7.5095122940	2.876278E+09	8.875078E-08	6.601863E+06	1.811541E+05	498.9297040550	25.4675813140	5.4471030440	0.1080808259	0.1208623934	0.0947084286	0.1243032491	0.1504733966	0.0969749669	1.8848889282	1.8858821576	1.8838909998	362.0000000000
13085250.00	1.308525E+07	0.0159253809	7.4712769119	2.780200E+09	8.491357E-08	6.276996E+06	1.708569E+05	496.2219141513	25.6129204074	5.4017297260	0.1083518154	0.1213187486	0.0950193759	0.1243245913	0.1508818491	0.0970386461	1.8847617347	1.8857558355	1.8837627626	363.0000000000
13140000.00	1.314000E+07	0.0163863801	7.4342816520	2.679068E+09	8.095587E-08	5.939901E+06	1.603746E+05	493.5053183544	25.7688991280	5.3571471611	0.1085119869	0.1218004598	0.0948581840	0.1241537515	0.1513551929	0.0962248907	1.8847143156	1.8857091569	1.8837144627	364.0000000000
13194750.00	1.319475E+07	0.0169035899	7.3984956973	2.576368E+09	7.699122E-08	5.597317E+06	1.500575E+05	490.8091174514	25.9339181245	5.3133180337	0.1085989163	0.1222111088	0.0946219352	0.1238336469	0.1516830950	0.0952589698	1.8847487221	1.8857441795	1.8837481450	365.0000000000
13249500.00	1.324950E+07	0.0174844083	7.3639671159	2.471994E+09	7.302244E-08	5.251232E+06	1.399267E+05	488.1355262987	26.1084780720	5.2702047059	0.1086103294	0.1225446792	0.0943130853	0.1233572214	0.1518514303	0.0941427769	1.8848683082	1.8858642043	1.8838672169	366.0000000000
13304250.00	1.330425E+07	0.0181307835	7.3307019384	2.374742E+09	6.931206E-08	4.905439E+06	1.306195E+05	485.6012446436	26.2871947599	5.2277692979	0.1081156896	0.1224662340	0.0934661980	0.1220496393	0.1517058577	0.0920060271	1.8850941481	1.8860898617	1.8840931988	367.0000000000
13359000.00	1.335900E+07	0.0181196092	7.2926158020	2.480161E+09	7.149314E-08	4.871293E+06	1.378343E+05	487.3681096709	26.0717243914	5.1859737698	0.0823239641	0.1012615837	0.0652562786	0.0775904154	0.1209536503	0.0387868269	1.8852330408	1.8862300308	1.8842308583	368.0000000000
13413750.00	1.341375E+07	0.0189843655	7.2624905848	2.331516E+09	6.634743E-08	4.476806E+06	1.247317E+05	483.8916337592	26.5322511406	5.1447800071	0.0556303036	0.0764957310	0.0343762071	0.0265307218	0.0705184618	-0.0198534456	1.8853705609	1.8863682503	1.8843677730	369.0000000000
13468500.00	1.346850E+07	0.0267714644	7.2184514798	8.911447E+09	2.502328E-07	1.281103E+06	5.106607E+05	484.5295950247	26.5948671340	5.1041498980	0.0633095601	0.0796656941	0.0470571628	0.0441079604	0.0796809238	0.0102418738	1.9416726595	1.9420978069	1.9412431112	370.0000000000
13523250.00	1.352325E+07	0.0299430106	7.1844504552	8.887882E+09	2.461574E-07	9.209981E+05	4.805783E+05	491.5297682846	25.9050258563	5.0640454202	0.0520404599	0.0710481297	0.0296551072	0.0319621128	0.0698401660	-0.0128670432	1.8865836069	1.8875196728	1.8856419992	371.0000000000
13578000.00	1.357800E+07	0.0499319678	7.2472283303	6.465924E+09	1.765516E-07	2.913303E+05	2.638209E+05	490.4949781818	26.5059750774	5.0244287212	0.0419540059	0.0584145736	0.0251632358	0.0116008999	0.0445606318	-0.0219907494	1.9387912142	1.9392517428	1.9383242374	372.0000000000
13632750.00	1.363275E+07	0.0207283209	7.1352620874	2.530567E+09	6.809125E-08	3.717884E+06	1.316098E+05	484.3899042808	26.7588184340	4.9852622024	0.0373042385	0.0584568322	0.0185712215	0.0114048243	0.0640303978	-0.0317826040	1.9125960571	1.9132113529	1.9119742270	373.0000000000
13687500.00	1.368750E+07	0.0218807549	7.0855095090	5.702626E+09	1.511419E-07	2.759116E+06	3.364520E+05	536.1977508672	25.9180309133	4.9465085985	0.0010884164	0.0387510045	-0.0593703517	0.0013948181	0.0742311776	-0.1188712947	1.9345155966	1.9229577744	1.9654841206	374.0000000000
13742250.00	1.374225E+07	0.0219506781	7.0534225726	5.701759E+09	1.487843E-07	2.696995E+06	3.391632E+05	543.0119362003	25.9178215578	4.9081310624	1.480853E-05	0.0279569493	-0.0432938608	1.377739E-05	0.0535561251	-0.0835406627	1.9200824981	1.9162585921	1.9315253798	375.0000000000
13797000.00	1.379700E+07	0.0222817609	7.0259347005	5.811091E+09	1.492255E-07	2.603611E+06	3.429700E+05	540.7545374222	25.9761685535	4.8700932449	4.160451E-10	0.0203757306	-0.0234241768	7.958021E-10	0.0389766542	-0.0448271638	1.9127785861	1.9128960296	1.9137135152	376.0000000000
13851750.00	1.385175E+07	0.0230253991	7.0024868589	5.646492E+09	1.426253E-07	2.456127E+06	3.248771E+05	533.9392696090	26.1317500376	4.8323593762	4.509105E-10	0.0189951478	-0.0192592800	8.612754E-10	0.0362962381	-0.0367726886	1.9100806836	1.9108163044	1.9093490800	377.0000000000
13906500.00	1.390650E+07	0.0239765206	6.9809053659	5.419760E+09	1.345928E-07	2.290386E+06	3.024078E+05	526.3041574334	26.3195211258	4.7948943456	-6.663520E-10	0.0191537251	-0.0193735012	-1.271589E-09	0.0365651307	-0.0369555542	1.9082843481	1.9090349533	1.9075310119	378.0000000000
13961250.00	1.396125E+07	0.0250358820	6.9602247219	5.183546E+09	1.264968E-07	2.127207E+06	2.803324E+05	519.0047446943	26.5170692070	4.7576637812	-9.149526E-10	0.0192989278	-0.0194903093	-1.744448E-09	0.0368099691	-0.0371453543	1.9065987882	1.9073582443	1.9058370877	379.0000000000
14016000.00	1.401600E+07	0.0262170283	6.9404443659	4.939263E+09	1.183881E-07	1.967473E+06	2.587824E+05	512.0401932634	26.7243400276	4.7206341301	-1.452715E-09	0.0194156662	-0.0195768597	-2.767445E-09	0.0370020454	-0.0372791808	1.9050158687	1.9057829359	1.9042472249	380.0000000000
14070750.00	1.407075E+07	0.0275372979	6.9215816353	4.687924E+09	1.103054E-07	1.811840E+06	2.378461E+05	505.4620517288	26.9413978197	4.6837727365	1.471805E-09	0.0195009548	-0.0196298953	2.801634E-09	0.0371358451	-0.0373509973	1.9035353831	1.9043090636	1.9027608944	381.0000000000
14125500.00	1.412550E+07	0.0290173903	6.9036508613	4.430614E+09	1.022874E-07	1.660905E+06	2.176033E+05	499.2083346772	27.1683189739	4.6470479159	-5.076832E-10	0.0195525277	-0.0196471132	-9.656937E-10	0.0372072319	-0.0373565999	1.9021578537	1.9029371841	1.9013785651	382.0000000000
14180250.00	1.418025E+07	0.0306820249	6.8866594023	4.168504E+09	9.437254E-08	1.515220E+06	1.981253E+05	493.2659448948	27.4039078722	4.6104290340	3.096134E-10	0.0195683684	-0.0196265105	5.885391E-10	0.0372125398	-0.0372923516	1.9008839888	1.9016679871	1.9001009616	383.0000000000
14235000.00	1.423500E+07	0.0325609105	6.8706038172	3.902854E+09	8.659935E-08	1.375280E+06	1.794751E+05	487.6213836624	27.6506970505	4.5738865806	-1.592081E-09	0.0195465221	-0.0195661819	-3.024500E-09	0.0371482111	-0.0371547913	1.8997147164	1.9005023510	1.8989290599	384.0000000000
14289750.00	1.428975E+07	0.0346899998	6.8554658716	3.634991E+09	7.900518E-08	1.241516E+06	1.617058E+05	483.0949871259	27.9074777214	4.5373922436	3.155282E-09	0.0194851101	-0.0194642802	5.990780E-09	0.0370108260	-0.0369405600	1.8986512841	1.8994414613	1.8978641725	385.0000000000
14344500.00	1.434450E+07	0.0371131920	6.8412076029	3.366290E+09	7.162593E-08	1.114291E+06	1.448601E+05	479.4356467776	28.1742703997	4.5009189793	4.733225E-11	0.0193822379	-0.0193189987	8.982219E-11	0.0367969304	-0.0366463694	1.8976956414	1.8984871940	1.8969083246	386.0000000000
14399250.00	1.439925E+07	0.0398845614	6.8277652674	3.098149E+09	6.449517E-08	9.938884E+05	1.289697E+05	476.0995468257	28.4511126431	4.4644410845	-3.675799E-09	0.0192360937	-0.0191285771	-6.972444E-09	0.0365032313	-0.0362690219	1.8968509758	1.8976426271	1.8960648162	387.0000000000
14454000.00	1.445400E+07	0.0430714611	6.8150402369	2.831955E+09	5.764353E-08	8.805143E+05	1.140548E+05	472.9112948084	28.7381065560	4.4279342664	-9.174228E-09	0.0190448476	-0.0188912588	-1.739546E-08	0.0361264212	-0.0358053455	1.8961227933	1.8969131113	1.8953393138	388.0000000000
14508750.00	1.450875E+07	0.0467588072	6.8028832543	2.569060E+09	5.109804E-08	7.742897E+05	1.001243E+05	469.8180454568	29.0341124406	4.3913757079	-2.518606E-08	0.0188067058	-0.0186053493	-4.774071E-08	0.0356633137	-0.0352523388	1.8955210999	1.8963083751	1.8947421122	389.0000000000
14563500.00	1.456350E+07	0.0510554838	6.7910539790	2.310727E+09	4.488115E-08	6.752446E+05	8.717490E+04	466.8057711526	29.3425100509	4.3547441340	-7.866847E-08	0.0185199071	-0.0182692298	-1.490819E-07	0.0351109236	-0.0346072881	1.8950658020	1.8958477177	1.8942937586	390.0000000000
14618250.00	1.461825E+07	0.0561052114	6.7791365108	2.057987E+09	3.900828E-08	5.832915E+05	7.518796E+04	463.8715655143	29.6634220901	4.3180198756	-2.268394E-07	0.0181831362	-0.0178818796	-4.298154E-07	0.0344674707	-0.0338689880	1.8948006932	1.8955734708	1.8940395892	391.0000000000
14673000.00	1.467300E+07	0.0621151923	6.7666816958	1.811064E+09	3.347757E-08	4.980819E+05	6.411117E+04	461.0104704555	29.4854057030	4.2811849320	-6.660406E-07	0.0177962156	-0.0174434426	-1.262022E-06	0.0337339874	-0.0330390602	1.8948125729	1.8955708530	1.8940676522	392.0000000000
14727750.00	1.472775E+07	0.0693506776	6.7540131597	1.571418E+09	2.830865E-08	4.195860E+05	5.393417E+04	458.2284598256	29.8266915276	4.2442230275	-1.841806E-06	0.0173497727	-0.0169455172	-3.490364E-06	0.0328921099	-0.0321006490	1.8950767457	1.8958237223	1.8943446579	393.0000000000
14782500.00	1.478250E+07	0.0781366826	6.7415735894	1.341536E+09	2.353602E-08	3.479973E+05	4.467587E+04	455.5424123772	30.1857254451	4.2071196710	-5.028428E-06	0.0168472264	-0.0163944017	-9.531371E-06	0.0319462277	-0.0310637933	1.8954975126	1.8962308637	1.8947807194	394.0000000000
14837250.00	1.483725E+07	0.0889625377	6.7294575719	1.122313E+09	1.916191E-08	2.830492E+05	3.629589E+04	452.9584235718	30.5632240555	4.1698622106	-1.376859E-05	0.0162844564	-0.0157930892	-2.610617E-05	0.0308880920	-0.0299337193	1.8960674409	1.8967843467	1.8953688207	395.0000000000
14892000.00	1.489200E+07	0.1025375246	6.7176702486	9.145062E+08	1.518422E-08	2.244347E+05	2.874936E+04	450.4826591641	30.9624932250	4.1324398851	-3.759714E-05	0.0156512382	-0.0151505651	-7.131334E-05	0.0296978170	-0.0287269765	1.8967785002	1.8974758458	1.8961012257	396.0000000000
14946750.00	1.494675E+07	0.1199320183	6.7060633155	7.186923E+08	1.159612E-08	1.718049E+05	2.198681E+04	448.1208572216	31.3876696598	4.0948438746	-0.0001026120	0.0149211529	-0.0144927371	-0.0001947172	0.0283245626	-0.0274920784	1.8976133604	1.8982877297	1.8969609014	397.0000000000
15001500.00	1.500150E+07	0.1428196052	6.6947241707	5.354379E+08	8.389243E-09	1.248205E+05	1.596092E+04	445.8798001151	31.8493750980	4.0570673477	-0.0002762447	0.0140274923	-0.0138878995	-0.0005244522	0.0266404231	-0.0263576315	1.8985229211	1.8991713506	1.8978982958	398.0000000000
15056250.00	1.505625E+07	0.1735978633	6.6839639299	3.669493E+08	5.578814E-09	8.353111E+04	1.067506E+04	443.7850438361	32.3436858970	4.0191055057	-0.0007169395	0.0128128445	-0.0134957082	-0.0013617866	0.0243453019	-0.0256263967	1.8994801451	1.9001000136	1.8988860174	399.0000000000
15111000.00	1.511100E+07	0.2150398261	6.6728988678	2.178509E+08	3.211400E-09	4.850910E+04	6199.4912306828	441.8930437144	32.1982290279	3.9809556232	-0.0017748119	0.0109295214	-0.0136688553	-0.0033727867	0.0207765724	-0.0259681838	1.9004251964	1.9010141117	1.8998639941	400.0000000000
15165750.00	1.516575E+07	0.2660798102	6.6592988662	9.905784E+07	1.414816E-09	2.163251E+04	2768.9737056003	440.3372040709	32.6782005831	3.9426170886	-0.0041187084	0.0077136784	-0.0150813281	-0.0078302018	0.0146690467	-0.0286636701	1.9012090719	1.9017652252	1.9006826327	401.0000000000
15220500.00	1.522050E+07	0.3107240501	6.6409236493	2.712164E+07	3.750433E-10	5831.6784714362	749.8855542816	439.4923870756	32.2774142369	3.9040914385	-0.0087559348	0.0021655489	-0.0187480689	-0.0166496887	0.0041190031	-0.0356408483	1.9015885274	1.9021113225	1.9010974668	402.0000000000
15275250.00	1.527525E+07	0.3283394454	6.6180844138	3.172130E+06	4.243760E-11	674.3873959268	87.3947741279	439.5583826357	32.3856884553	3.8653823889	-0.0161536508	-0.0061783066	-0.0251400716	-0.0307150025	-0.0117506295	-0.0477905721	1.9014435976	1.9019332220	1.9009877362	403.0000000000
15330000.00	1.533000E+07	0.3296337916	6.5935165799	1.283394E+05	1.659885E-12	27.0433689762	3.5349055324	439.8901111708	30.7301557582	3.8264958664	-0.0246911488	-0.0157076073	-0.0326264129	-0.0469388147	-0.0298679172	-0.0620103553	1.9010393539	1.9014950018	1.9006194881	404.0000000000
15384750.00	1.538475E+07	0.3285012166	6.5688083206	1867.1046104822	0.000000E+00	0.3904516569	0.0514385992	440.6912702133	28.8278665192	3.7874400319	-0.0326004797	-0.0246653688	-0.0394284700	-0.0619611877	-0.0468898975	-0.0749235513	1.9006219923	1.9010418467	1.9002399168	405.0000000000
15439500.00	1.543950E+07	0.3272709660	6.5441958804	11.1813228604	0.000000E+00	0.0023232099	0.0003081398	441.5971648663	26.7026930998	3.7482253027	-0.0394279568	-0.0325999693	-0.0450907526	-0.0749225791	-0.0619602199	-0.0856678138	1.9002399592	1.9006220349	1.8998976247	406.0000000000
15494250.00	1.549425E+07	0.3260451680	6.5196841602	0.0320603428	0.000000E+00	6.626549E-06	8.838717E-07	442.8951565968	23.1007128789	3.7088643729	-0.0450907339	-0.0394279359	-0.0495312848	-0.0856677783	-0.0749225393	-0.0940894773	1.8998976228	1.9002399583	1.8995969448	407.0000000000
15549000.00	1.554900E+07	0.3248253824	6.4952683329	4.501421E-05	0.000000E+00	9.305205E-09	1.245402E-09	444.7147245933	18.7716597610	3.6693722232	-0.0495312883	-0.0450907395	-0.0526938041	-0.0940894840	-0.0856677889	-0.1000834385	1.8995969474	1.8998976254	1.8993397843	408.0000000000
