54750.00	5.475000E+04	0.1689956470	5.7928697787	9.070128E+08	1.588154E-08	3.175139E+06	4.173726E+04	696.6469712526	24.9440884653	4.2044046301	-3.499839E-07	0.0013921245	-0.0015591930	-1.024763E-06	0.0040754316	-0.0045662134	2.9280415301	2.9274907302	2.9285749064	490.0000000000
109500.00	1.095000E+05	0.1659761980	5.7592339359	9.096471E+08	1.491126E-08	3.203475E+06	4.211612E+04	697.2946930573	24.9246656427	4.1155204168	1.786046E-06	0.0012196056	-0.0013907576	5.228680E-06	0.0035696537	-0.0040721542	2.9274608550	2.9268918805	2.9280115604	489.0000000000
164250.00	1.642500E+05	0.1630977435	5.7274203439	9.119995E+08	1.396556E-08	3.230444E+06	4.247684E+04	697.9102619797	24.9069699493	4.0281171270	-3.347026E-10	0.0010331168	-0.0012173219	-9.796289E-10	0.0030231850	-0.0035636283	2.9268640051	2.9262760140	2.9274328865	488.0000000000
219000.00	2.190000E+05	0.1603600104	5.6974072183	9.140567E+08	1.305174E-08	3.255906E+06	4.281764E+04	698.4918142309	24.8910874290	3.9422963176	-1.467119E-10	0.0008370322	-0.0010319920	-4.293159E-10	0.0024488576	-0.0030204743	2.9262510990	2.9256432626	2.9268389923	487.0000000000
273750.00	2.737500E+05	0.1577629097	5.6691699756	9.158025E+08	1.217565E-08	3.279712E+06	4.313652E+04	699.0363362370	24.8771159169	3.8581561293	-3.468665E-11	0.0006281210	-0.0008352610	-1.014800E-10	0.0018372494	-0.0024441649	2.9256211850	2.9249926818	2.9262289213	486.0000000000
328500.00	3.285000E+05	0.1553067673	5.6426815244	9.172186E+08	1.134171E-08	3.301693E+06	4.343124E+04	699.5398634213	24.8651674935	3.7757910371	-1.140420E-11	0.0004047629	-0.0006256945	-3.335702E-11	0.0011836576	-0.0018305331	2.9249735964	2.9243236173	2.9256019975	485.0000000000
383250.00	3.832500E+05	0.1529923408	5.6179124852	9.182843E+08	1.055296E-08	3.321659E+06	4.369929E+04	699.9982313090	24.8553694758	3.6952916206	5.167361E-10	0.0001651486	-0.0004016691	1.511095E-09	0.0004828342	-0.0011748651	2.9243077010	2.9236354521	2.9249575768	484.0000000000
438000.00	4.380000E+05	0.1508209221	5.5948314771	9.189755E+08	9.811194E-09	3.339401E+06	4.393786E+04	700.4063688752	24.8478690801	3.6167443527	3.045503E-10	-9.276662E-05	-0.0001613565	8.903901E-10	-0.0002711501	-0.0004718541	2.9236229074	2.9229276135	2.9242950518	483.0000000000
492750.00	4.927500E+05	0.1487944067	5.5734053576	9.192646E+08	9.117127E-09	3.354680E+06	4.414381E+04	700.7588132944	24.8428332112	3.5402314076	4.541329E-10	-0.0003712367	9.726963E-05	1.327394E-09	-0.0010848276	0.0002843788	2.9229186656	2.9221995738	2.9236138542	482.0000000000
547500.00	5.475000E+05	0.1469154223	5.5535994316	9.191207E+08	8.470526E-09	3.367233E+06	4.431363E+04	701.0496777859	24.8404528256	3.4658304889	3.803784E-10	-0.0006727520	0.0003764587	1.111540E-09	-0.0019654120	0.0011003562	2.9221944914	2.9214508753	2.9229134777	481.0000000000
602250.00	6.022500E+05	0.1451874265	5.5353776927	9.185076E+08	7.870402E-09	3.376761E+06	4.444338E+04	701.2719524245	24.8409470795	3.3936146771	-4.384083E-10	-0.0010000676	0.0006787067	-1.280788E-09	-0.0029208785	0.0019833122	2.9214499672	2.9206811300	2.9221934784	480.0000000000
657000.00	6.570000E+05	0.1436149020	5.5187030503	9.173841E+08	7.315170E-09	3.382934E+06	4.452864E+04	701.4180019052	24.8445656169	3.3236522966	-1.225201E-09	-0.0013561957	0.0010067729	-3.578425E-09	-0.0039599424	0.0029412401	2.9206847222	2.9198900028	2.9214534550	479.0000000000
711750.00	7.117500E+05	0.1422034904	5.5035374543	9.157030E+08	6.802801E-09	3.385381E+06	4.456449E+04	701.4790258772	24.8515936506	3.2560068021	5.032249E-10	-0.0017443920	0.0013636620	1.469366E-09	-0.0050920152	0.0039828381	2.9198984929	2.9190772697	2.9206931091	478.0000000000
766500.00	7.665000E+05	0.1409602759	5.4898421837	9.134103E+08	6.330948E-09	3.383687E+06	4.454544E+04	701.4451030803	24.8623568070	3.1907366851	1.472992E-10	-0.0021681740	0.0017526331	4.299797E-10	-0.0063272582	0.0051175349	2.9190911089	2.9182428060	2.9199122307	477.0000000000
821250.00	8.212500E+05	0.1398939714	5.4775779348	9.104441E+08	5.897061E-09	3.377395E+06	4.446538E+04	701.3050008910	24.8772269541	3.1278953985	8.980159E-10	-0.0026312612	0.0021771886	2.620646E-09	-0.0076764061	0.0063554545	2.9182625029	2.9173865951	2.9191107069	476.0000000000
876000.00	8.760000E+05	0.1390153266	5.4667049944	9.067339E+08	5.498478E-09	3.365997E+06	4.431757E+04	701.0462091557	24.8966264461	3.0675313005	1.319866E-09	-0.0031375666	0.0026410579	3.850594E-09	-0.0091507406	0.0077073691	2.9174127310	2.9165087505	2.9182885433	475.0000000000
930750.00	9.307500E+05	0.1383374723	5.4571834313	9.021987E+08	5.132490E-09	3.348935E+06	4.409457E+04	700.6554977533	24.9210375659	3.0096876170	1.747433E-09	-0.0036910885	0.0031481251	5.096462E-09	-0.0107617729	0.0091844847	2.9165420113	2.9156095542	2.9174459002	474.0000000000
985500.00	9.855000E+05	0.1378764196	5.4489731844	8.967466E+08	4.796402E-09	3.325600E+06	4.378827E+04	700.1181790302	24.9510072979	2.9544024211	3.756525E-09	-0.0042958626	0.0037023967	1.095271E-08	-0.0125211054	0.0107983476	2.9156506986	2.9146894329	2.9165830683	473.0000000000
1040250.00	1.040250E+06	0.1376517075	5.4420342576	8.902726E+08	4.487571E-09	3.295333E+06	4.338986E+04	699.4165246488	24.9871580900	2.9017086308	3.446067E-09	-0.0049558498	0.0043079001	1.004439E-08	-0.0144401026	0.0125605466	2.9147393479	2.9137490182	2.9157005323	472.0000000000
1095000.00	1.095000E+06	0.1376871365	5.4363267675	8.826580E+08	4.203428E-09	3.257425E+06	4.288990E+04	698.5254986884	25.0301950940	2.8516340228	2.219994E-09	-0.0056747506	0.0049685818	6.468637E-09	-0.0165293521	0.0144824171	2.9138087137	2.9127891533	2.9147989666	471.0000000000
1149750.00	1.149750E+06	0.1380117835	5.4318111454	8.737682E+08	3.941497E-09	3.211126E+06	4.227837E+04	697.4152500695	25.0809160507	2.8042012631	4.710528E-09	-0.0064558359	0.0056881080	1.372111E-08	-0.0187981735	0.0165744600	2.9128597967	2.9118109330	2.9138792853	470.0000000000
1204500.00	1.204500E+06	0.1386611931	5.4284481587	8.634511E+08	3.699401E-09	3.155658E+06	4.154483E+04	696.0523796172	25.1402251732	2.7594279519	7.092949E-09	-0.0073017800	0.0064697584	2.065392E-08	-0.0212541359	0.0188460350	2.9118938413	2.9108157044	2.9129426383	469.0000000000
1259250.00	1.259250E+06	0.1396790924	5.4261990586	8.515369E+08	3.474865E-09	3.090223E+06	4.067862E+04	694.3991991830	25.2091426947	2.7173266848	5.549165E-09	-0.0082143867	0.0073161657	1.615313E-08	-0.0239022646	0.0213046049	2.9109124100	2.9098051426	2.9119904830	468.0000000000
1314000.00	1.314000E+06	0.1411194503	5.4250256129	8.378359E+08	3.265709E-09	3.014031E+06	3.966916E+04	692.4112750833	25.2888208917	2.6779051263	8.700994E-09	-0.0091943318	0.0082291070	2.531918E-08	-0.0267442997	0.0239551327	2.9099173671	2.9087812318	2.9110245715	467.0000000000
1368750.00	1.368750E+06	0.1430492909	5.4248900605	8.221384E+08	3.069843E-09	2.926326E+06	3.850632E+04	690.0354190321	25.3805596520	2.6411660982	8.649276E-09	-0.0102409331	0.0092092302	2.515998E-08	-0.0297780356	0.0267992928	2.9089109408	2.9077463285	2.9100470102	466.0000000000
1423500.00	1.423500E+06	0.1455525233	5.4257549942	8.042145E+08	2.885259E-09	2.826420E+06	3.718091E+04	687.2066583332	25.4858233649	2.6071076791	4.655003E-09	-0.0113518726	0.0102557875	1.353626E-08	-0.0329965241	0.0298347040	2.9078957279	2.9067031653	2.9090602665	465.0000000000
1478250.00	1.478250E+06	0.1487349981	5.4275828017	7.838159E+08	2.710021E-09	2.713745E+06	3.568538E+04	683.8433364795	25.6062642418	2.5757233160	-3.883779E-09	-0.0125230067	0.0113664294	-1.128970E-08	-0.0363875362	0.0330543410	2.9068747187	2.9056548765	2.9080671916	464.0000000000
1533000.00	1.533000E+06	0.1527316572	5.4303348074	7.606787E+08	2.542259E-09	2.587904E+06	3.401451E+04	679.8385261289	25.7437427484	2.5470019472	-1.740569E-08	-0.0137481718	0.0125369394	-5.057847E-08	-0.0399330106	0.0364457751	2.9058512930	2.9046049914	2.9070710194	463.0000000000
1587750.00	1.587750E+06	0.1577163824	5.4339690669	7.345282E+08	2.380167E-09	2.448737E+06	3.216635E+04	675.0454105192	25.9003558867	2.5209281346	-4.190396E-08	-0.0150190885	0.0137610615	-1.217241E-07	-0.0436087914	0.0399906866	2.9048292278	2.9035574430	2.9060753729	462.0000000000
1642500.00	1.642500E+06	0.1639160021	5.4384357830	7.050890E+08	2.222006E-09	2.296393E+06	3.014328E+04	669.2530604749	26.0784640582	2.4974822053	-7.618283E-08	-0.0163254098	0.0150304863	-2.212214E-07	-0.0473847809	0.0436648370	2.9038125895	2.9025164637	2.9050841543	461.0000000000
1697250.00	1.697250E+06	0.1716303087	5.4436682173	6.720980E+08	2.066125E-09	2.131413E+06	2.795310E+04	660.1892373398	26.2800975313	2.4766404016	-1.150240E-07	-0.0176547497	0.0163347602	-3.338939E-07	-0.0512250363	0.0474378178	2.9028057240	2.9014865696	2.9041015382	460.0000000000
1752000.00	1.752000E+06	0.1812608488	5.4495630873	6.353273E+08	1.910990E-09	1.954819E+06	2.561034E+04	648.1588164952	26.5094818071	2.4583750388	-1.443406E-07	-0.0189930499	0.0176615486	-4.188530E-07	-0.0550888384	0.0512738220	2.9018130418	2.9004723587	2.9031317069	459.0000000000
1806750.00	1.806750E+06	0.2895046674	5.4567020058	4.349820E+09	1.284028E-08	6.410675E+05	1.885068E+05	557.2471975344	25.5282829566	2.4426546695	0.2433813491	0.2201201093	0.2650483898	0.3894966206	0.3320361017	0.4431255810	2.9254704898	2.9243037861	2.9266190379	458.0000000000
1861500.00	1.861500E+06	0.3141676646	5.4660264050	4.290155E+09	1.246557E-08	5.333532E+05	1.798047E+05	538.1293094184	25.2105153991	2.4294442535	0.2397943600	0.2149340777	0.2630796474	0.3791703167	0.3178613149	0.4367047713	2.9261186847	2.9249458491	2.9272751907	457.0000000000
1916250.00	1.916250E+06	0.3408546601	5.4768138405	4.191734E+09	1.202394E-08	4.437250E+05	1.703574E+05	526.5920966860	25.3675329843	2.4187053339	0.2345679068	0.2081559860	0.2594462422	0.3657777588	0.3007284365	0.4271609988	2.9264594229	2.9252796902	2.9276247540	456.0000000000
1971000.00	1.971000E+06	0.3698891303	5.4885309131	4.059165E+09	1.152826E-08	3.691197E+05	1.601769E+05	518.2806000465	25.5416249935	2.4103962163	0.2281688560	0.2002758575	0.2545887716	0.3500597672	0.2814328713	0.4151752216	2.9264824589	2.9252949068	2.9276576304	455.0000000000
2025750.00	2.025750E+06	0.4017045655	5.5011170414	3.894157E+09	1.098131E-08	3.068853E+05	1.492709E+05	479.7183517330	25.7354257206	2.4044721525	0.2208990609	0.1916085693	0.2487955960	0.3325730494	0.2605670559	0.4012670620	2.9260952973	2.9249002189	2.9272797559	454.0000000000
2080500.00	2.080500E+06	0.4240156993	5.5132562486	3.850040E+09	1.081028E-08	2.589829E+05	1.456727E+05	475.7200129921	25.8564007705	2.4008855274	0.2275851861	0.1960466172	0.2578335637	0.3620942311	0.2863486817	0.4348370952	2.5902206237	2.5912379670	2.5889616327	453.0000000000
2135250.00	2.135250E+06	0.3762690996	5.5182734497	4.787712E+09	1.342215E-08	2.121637E+05	2.009384E+05	473.5646835234	25.7663214140	2.3995860470	0.2527376435	0.2193683543	0.2848626918	0.3859755511	0.3078834441	0.4612739417	2.8699570400	2.8693085034	2.8704996126	452.0000000000
2190000.00	2.190000E+06	0.3980280080	5.5318992631	4.588035E+09	1.287681E-08	1.878740E+05	1.876383E+05	472.3397474889	25.8605069808	2.4005209289	0.2737926430	0.2386139335	0.3078267886	0.4254145393	0.3448377943	0.5034920438	2.9256945039	2.9245016785	2.9268835543	451.0000000000
2244750.00	2.244750E+06	0.4174832084	5.5459057280	4.411024E+09	1.242636E-08	1.693719E+05	1.760266E+05	473.3061937507	25.9280319998	2.4036350942	0.3431606322	0.3047122466	0.3805745941	0.5901961674	0.5070066789	0.6712557378	2.0338633680	2.0331560288	2.0345097930	450.0000000000
2299500.00	2.299500E+06	0.4461049029	5.5617418620	4.140853E+09	1.173877E-08	1.466085E+05	1.603906E+05	470.0740336427	26.1296173196	2.4088713578	0.3600242376	0.3205499296	0.3985839431	0.6151651489	0.5304141603	0.6980859174	1.9455637299	1.9442960949	1.9468447533	449.0000000000
2354250.00	2.354250E+06	0.4892981876	5.5799484280	3.731153E+09	1.067030E-08	1.212407E+05	1.387781E+05	463.8555887096	26.4729076547	2.4161706213	0.3572504384	0.3168649012	0.3969023445	0.6099230358	0.5233417842	0.6950571534	1.9393750112	1.9382797775	1.9404783967	448.0000000000
2409000.00	2.409000E+06	0.5355474034	5.5988974538	3.301978E+09	9.548777E-09	9.910721E+04	1.178174E+05	458.0535159283	26.8566488996	2.4254720618	0.3533331675	0.3124520283	0.3936548076	0.6023837758	0.5147515370	0.6889445316	1.9341303800	1.9329787683	1.9352912190	447.0000000000
2463750.00	2.463750E+06	0.5467102226	5.6160237520	3.089742E+09	9.056063E-09	9.509185E+04	1.091122E+05	453.9323590308	27.1631535004	2.4367133229	0.3389063322	0.2974865492	0.3803723263	0.5723472046	0.4832684312	0.6621744351	1.9297330790	1.9285440908	1.9309329138	446.0000000000
2518500.00	2.518500E+06	0.1554662748	5.5954497550	4.985692E+08	1.484411E-09	3.155607E+06	2.316216E+04	454.8584551985	26.7836510107	2.4498307007	0.2084120446	0.1570978040	0.2590519904	0.2906858755	0.1776759164	0.4012080834	1.9188944867	1.9176445123	1.9201566667	445.0000000000
2573250.00	2.573250E+06	0.4554324266	5.6370393229	3.581605E+09	1.085545E-08	1.309803E+05	1.351858E+05	454.4034039579	27.1126118581	2.4647593297	0.1955639018	0.1545536978	0.2365300538	0.2534805482	0.1649036957	0.3420883907	2.8462491498	2.8446515754	2.8478577559	444.0000000000
2628000.00	2.628000E+06	0.1571421032	5.6186451711	8.584353E+08	2.654067E-09	2.942766E+06	4.282077E+04	456.4909260967	27.2469855958	2.4814333655	0.1329139479	0.0923892085	0.1737997995	0.1129237969	0.0243188042	0.2028570455	2.8386711457	2.8410339702	2.8288845604	443.0000000000
2682750.00	2.682750E+06	0.1269821746	5.6400455802	6.310709E+08	1.994204E-09	3.917568E+06	3.174172E+04	457.8707314697	26.6636491633	2.4997861634	0.0976640495	0.0575123006	0.1380881077	0.0295198536	-0.0579604607	0.1177158952	1.8731672860	1.8716746507	1.8746772209	442.0000000000
2737500.00	2.737500E+06	0.1341318080	5.6549486957	8.219666E+08	2.659782E-09	3.432793E+06	4.320890E+04	454.1067550805	26.9528843761	2.5197504552	0.0904110942	0.0493295852	0.1310172298	0.0359428548	-0.0551980148	0.1233058428	1.8744174610	1.8729637598	1.8758925338	441.0000000000
2792250.00	2.792250E+06	0.1240300123	5.6668611534	7.235779E+08	2.401878E-09	3.723119E+06	3.570413E+04	455.0618538255	26.7967546401	2.5412585214	0.1047019057	0.0638755026	0.1461074776	0.0772955451	-0.0079577082	0.1638785339	1.8713400612	1.8698976524	1.8728078358	440.0000000000
2847000.00	2.847000E+06	0.1265994993	5.6819789699	1.535360E+09	5.236996E-09	3.229999E+06	8.686356E+04	458.8311324984	26.8544597001	2.5642423585	0.1114224564	0.0690366993	0.1543022828	0.1252410695	0.0394358313	0.2121675767	1.8730728263	1.8716802147	1.8744957844	439.0000000000
2901750.00	2.901750E+06	0.1286372815	5.7028557066	1.469939E+09	5.160227E-09	2.754811E+06	7.761939E+04	455.3223187941	27.1955707382	2.5886338443	0.1066520426	0.0659619751	0.1482073951	0.1165164991	0.0331641432	0.2014005070	1.8747431889	1.8734051460	1.8761169985	438.0000000000
2956500.00	2.956500E+06	0.2697932549	5.7504303111	3.490970E+09	1.263175E-08	1.356589E+05	1.314196E+05	458.1340778386	27.2959727931	2.6143648956	0.0302134087	-0.0090209693	0.0738123871	-0.0351395398	-0.1145311635	0.0573940896	1.8767525871	1.8754576928	1.8780875577	437.0000000000
3011250.00	3.011250E+06	0.1122117455	5.7379737339	1.508425E+09	5.633750E-09	2.301639E+06	7.540926E+04	457.6232264489	27.6938229506	2.6413676238	0.0462902556	0.0072603397	0.0864393527	0.0176264026	-0.0602469520	0.0973952092	1.8988975302	1.8977788245	1.9000498830	436.0000000000
3066000.00	3.066000E+06	0.0977834497	5.7477442578	3.103332E+09	1.197914E-08	1.883760E+06	1.723435E+05	473.3128878193	27.1556458449	2.6695744841	0.0093280333	-0.0296165804	0.0598081876	0.0109364095	-0.0635864128	0.1107098147	1.8954576614	1.8943624188	1.8965924177	435.0000000000
3120750.00	3.120750E+06	0.0873738159	5.7648661545	3.637835E+09	1.453080E-08	1.524597E+06	1.995112E+05	495.6638038106	27.0682528999	2.6989184193	1.177795E-09	-0.0378085030	0.0393646047	2.233594E-09	-0.0716608988	0.0746950293	1.8964202486	1.8953646193	1.8975175803	434.0000000000
3175500.00	3.175500E+06	0.0780069782	5.7905532295	3.369851E+09	1.394412E-08	1.333774E+06	1.742015E+05	487.5514872483	27.4045516916	2.7293329995	3.075847E-09	-0.0362175335	0.0378757874	5.826093E-09	-0.0685649158	0.0717817487	1.8941425419	1.8931414995	1.8951882842	433.0000000000
3230250.00	3.230250E+06	0.0701225060	5.8179470110	3.083392E+09	1.323080E-08	1.153977E+06	1.504029E+05	479.9591192397	27.7591556937	2.7607525552	-3.424699E-10	-0.0345213176	0.0362497599	-6.480934E-10	-0.0652955495	0.0686357115	1.8924095976	1.8914558891	1.8934114801	432.0000000000
3285000.00	3.285000E+06	0.0643485381	5.8465287581	2.790236E+09	1.242734E-08	9.885924E+05	1.285695E+05	472.9463413208	28.1278944738	2.7931123056	1.910858E-09	-0.0327805618	0.0345503212	3.613543E-09	-0.0619602229	0.0653697477	1.8910579590	1.8901513425	1.8920156294	431.0000000000
3339750.00	3.339750E+06	0.0609812238	5.8759464896	2.496444E+09	1.155051E-08	8.384651E+05	1.088099E+05	466.5056785252	28.5097291082	2.8263484808	4.333794E-10	-0.0310319736	0.0328196398	8.191082E-10	-0.0586253427	0.0620606111	1.8900486309	1.8891915566	1.8909595385	430.0000000000
3394500.00	3.394500E+06	0.0600834555	5.9059206717	2.205423E+09	1.060806E-08	7.032862E+05	9.107516E+04	460.8306908514	28.9069171106	2.8603984389	-9.176812E-09	-0.0292890980	0.0310826518	-1.733877E-08	-0.0553156098	0.0587546647	1.8894108465	1.8886074887	1.8902719467	429.0000000000
3449250.00	3.449250E+06	0.0616376925	5.9360261634	1.919713E+09	9.605683E-09	5.823153E+05	7.525714E+04	456.8373241496	29.3211757332	2.8952007769	-4.072312E-08	-0.0275560363	0.0293489380	-7.693510E-08	-0.0520388742	0.0554704062	1.8892240321	1.8884745875	1.8900311258	428.0000000000
3504000.00	3.504000E+06	0.0656652572	5.9662846216	1.642645E+09	8.555172E-09	4.749560E+05	6.126532E+04	453.6159766696	29.2107618991	2.9306954360	-1.937164E-07	-0.0258377693	0.0276283962	-3.660178E-07	-0.0488014101	0.0522231363	1.8894515748	1.8887625181	1.8901978904	427.0000000000
3558750.00	3.558750E+06	0.0723345992	5.9969947928	1.377201E+09	7.469345E-09	3.804447E+05	4.898736E+04	450.7154734128	29.6503146536	2.9668238014	-9.404478E-07	-0.0241235000	0.0259119962	-1.777467E-06	-0.0455787486	0.0489920309	1.8900217983	1.8893920520	1.8907084994	426.0000000000
3613500.00	3.613500E+06	0.0820657969	6.0284036440	1.125462E+09	6.358964E-09	2.977748E+05	3.828037E+04	448.0407092455	30.1125658463	3.0035287959	-4.381203E-06	-0.0224125208	0.0241939656	-8.284420E-06	-0.0423670388	0.0457636046	1.8909011038	1.8903291809	1.8915298521	425.0000000000
3668250.00	3.668250E+06	0.0956494691	6.0606264762	8.891232E+08	5.235063E-09	2.259070E+05	2.899877E+04	445.5701212120	30.6003385513	3.0407549685	-1.915131E-05	-0.0207131089	0.0224636480	-3.623537E-05	-0.0391797086	0.0425153866	1.8920585438	1.8915425280	1.8926314092	424.0000000000
3723000.00	3.723000E+06	0.1144787678	6.0935454741	6.693301E+08	4.107752E-09	1.637664E+05	2.099449E+04	443.2947861920	31.1254063475	3.0784485762	-7.902311E-05	-0.0190607858	0.0206875280	-0.0001496258	-0.0360817323	0.0391814354	1.8934487645	1.8929863936	1.8939680822	423.0000000000
3777750.00	3.777750E+06	0.1409858432	6.1275052812	4.669613E+08	2.987542E-09	1.103436E+05	1.413000E+04	441.2102127525	31.6970288685	3.1165576615	-0.0003028435	-0.0175771752	0.0187485433	-0.0005738702	-0.0333005446	0.0355361899	1.8949581049	1.8945479397	1.8954252549	422.0000000000
3832500.00	3.832500E+06	0.1788446384	6.1629340031	2.855882E+08	1.904913E-09	6.538232E+04	8366.7678059665	439.3459275922	32.3084508197	3.1550321232	-0.0010395591	-0.0166133004	0.0162994335	-0.0019714824	-0.0315006010	0.0309181174	1.8965074652	1.8961484660	1.8969234822	421.0000000000
3887250.00	3.887250E+06	0.2306284955	6.1980770251	1.354657E+08	9.420358E-10	3.016595E+04	3862.9381529882	437.8132486096	32.2382524617	3.1938237821	-0.0031105951	-0.0169904647	0.0125184738	-0.0059034523	-0.0322402566	0.0237628845	1.8979353947	1.8976272094	1.8983005128	420.0000000000
3942000.00	3.942000E+06	0.2840135915	6.2293739446	3.857611E+07	2.796598E-10	8402.9928559234	1080.5860475042	436.8658924103	32.7095730645	3.2328864415	-0.0078575287	-0.0200474337	0.0060614481	-0.0149201020	-0.0380615353	0.0115115747	1.8989037583	1.8986474274	1.8992167685	419.0000000000
3996750.00	3.996750E+06	0.3097734948	6.2555515758	4.380856E+06	3.310442E-11	939.5108202269	121.8608213133	436.9232454402	32.1600263531	3.2721759416	-0.0161326502	-0.0266348303	-0.0039252487	-0.0306382044	-0.0505779619	-0.0074556199	1.8991657802	1.8989636286	1.8994241735	418.0000000000
4051500.00	4.051500E+06	0.3141793755	6.2794315571	1.496782E+05	1.178732E-12	31.7287288819	4.1560795680	437.6108313393	30.5368586946	3.3116502093	-0.0259581839	-0.0347860176	-0.0154528584	-0.0492955845	-0.0660548707	-0.0293486979	1.8990399452	1.8988931072	1.8992424037	417.0000000000
4106250.00	4.106250E+06	0.3153914570	6.3030792143	1644.2850341739	0.000000E+00	0.3452199890	0.0456091319	438.5176734351	28.6730271183	3.3512693020	-0.0347518676	-0.0419341317	-0.0259238754	-0.0659901907	-0.0796247059	-0.0492305564	1.8988962681	1.8988042436	1.8990431188	416.0000000000
4161000.00	4.161000E+06	0.3165187592	6.3268044558	7.0983148026	0.000000E+00	0.0014785392	0.0001967065	439.7020057051	26.5897708269	3.3909954476	-0.0419336090	-0.0475057876	-0.0347513377	-0.0796237165	-0.0902023803	-0.0659891869	1.8988042840	1.8987661280	1.8988963088	415.0000000000
4215750.00	4.215750E+06	0.3176681343	6.3506164095	0.0148272498	0.000000E+00	3.069191E-06	4.105405E-07	441.3601597044	23.0403670643	3.4307930777	-0.0475057888	-0.0515070686	-0.0419336015	-0.0902023827	-0.0978006294	-0.0796237021	1.8987661278	1.8987807309	1.8988042842	414.0000000000
4270500.00	4.270500E+06	0.3188348992	6.3745133872	1.326945E-05	0.000000E+00	2.766808E-09	3.700010E-10	443.4693519500	18.7447529053	3.4706288563	-0.0515070737	-0.0539798627	-0.0475057975	-0.0978006390	-0.1024994918	-0.0902023992	1.8987807308	1.8988468404	1.8987661279	413.0000000000
