54750.00	5.475000E+04	0.0807582738	8.7877635135	2.510027E+09	4.394986E-08	7.918682E+06	1.048914E+05	742.8235431514	21.0866295584	4.2044046301	-7.563954E-11	-0.0005512404	0.0004520970	-2.210647E-10	-0.0016107649	0.0013215364	2.9226079765	2.9220733948	2.9231256202	490.0000000000
109500.00	1.095000E+05	0.0811877803	8.7882324132	2.511438E+09	4.116837E-08	7.927884E+06	1.050157E+05	742.7753494764	21.0782959805	4.1155204168	-3.964200E-10	-0.0006775367	0.0005705804	-1.158370E-09	-0.0019794408	0.0016675865	2.9220787108	2.9215255731	2.9226141445	489.0000000000
164250.00	1.642500E+05	0.0816287866	8.7886686517	2.512359E+09	3.847205E-08	7.934424E+06	1.051032E+05	742.5921245126	21.0709681759	4.0281171270	3.613590E-10	-0.0008126610	0.0006964808	1.055720E-09	-0.0023737468	0.0020351739	2.9215280968	2.9209558234	2.9220820128	488.0000000000
219000.00	2.190000E+05	0.0820821873	8.7890716412	2.512747E+09	3.587931E-08	7.938085E+06	1.051511E+05	742.2677991079	21.0647374163	3.9422963176	-2.666635E-10	-0.0009582450	0.0008311679	-7.789120E-10	-0.0027984237	0.0024282807	2.9209553720	2.9203635196	2.9215283856	487.0000000000
273750.00	2.737500E+05	0.0825492349	8.7894402524	2.512542E+09	3.340441E-08	7.938602E+06	1.051557E+05	741.7912924085	21.0597157938	3.8581561293	1.562924E-10	-0.0011168193	0.0009765739	4.564302E-10	-0.0032608318	0.0028525262	2.9203602349	2.9197489446	2.9209526560	486.0000000000
328500.00	3.285000E+05	0.0830317758	8.7897719223	2.511651E+09	3.105738E-08	7.935623E+06	1.051122E+05	741.1474273275	21.0560475435	3.7757910371	-2.221618E-10	-0.0012920006	0.0011358021	-6.486555E-10	-0.0037714974	0.0033169451	2.9197436848	2.9191142838	2.9203549003	485.0000000000
383250.00	3.832500E+05	0.0835324618	8.7900615123	2.509919E+09	2.884408E-08	7.928678E+06	1.050141E+05	740.3074931829	21.0540191165	3.6952916206	-3.012360E-10	-0.0014852286	0.0013127889	-8.793409E-10	-0.0043345844	0.0038329985	2.9191091443	2.9184628581	2.9197371198	484.0000000000
438000.00	4.380000E+05	0.0840546599	8.7903014648	2.507160E+09	2.676702E-08	7.917201E+06	1.048537E+05	739.2565322659	21.0538605819	3.6167443527	-3.089483E-10	-0.0016917100	0.0015058422	-9.016538E-10	-0.0049360645	0.0043957137	2.9184618473	2.9177959046	2.9191064342	483.0000000000
492750.00	4.927500E+05	0.0846008716	8.7904931167	2.503323E+09	2.482757E-08	7.900824E+06	1.046259E+05	737.9767374167	21.0556795312	3.5402314076	-2.544837E-10	-0.0019120933	0.0017091228	-7.425321E-10	-0.0055777856	0.0049880144	2.9177988382	2.9171095857	2.9184645317	482.0000000000
547500.00	5.475000E+05	0.0851738297	8.7906376968	2.498374E+09	2.302477E-08	7.879178E+06	1.043257E+05	736.4630846086	21.0596598343	3.4658304889	-1.627169E-10	-0.0021520092	0.0019273205	-4.746642E-10	-0.0062761231	0.0056235468	2.9171159298	2.9164015756	2.9178057287	481.0000000000
602250.00	6.022500E+05	0.0857773667	8.7907328039	2.492223E+09	2.135507E-08	7.851753E+06	1.039462E+05	734.7011344503	21.0660439189	3.3936146771	-3.981177E-11	-0.0024157389	0.0021659856	-1.161075E-10	-0.0070435001	0.0063184541	2.9164114585	2.9156710589	2.9171265941	480.0000000000
657000.00	6.570000E+05	0.0864162783	8.7907740387	2.484741E+09	1.981319E-08	7.817938E+06	1.034791E+05	732.6628732090	21.0751278675	3.3236522966	-6.349082E-11	-0.0027066702	0.0024286381	-1.851193E-10	-0.0078897210	0.0070829442	2.9156850293	2.9149178098	2.9164263542	479.0000000000
711750.00	7.117500E+05	0.0870963435	8.7907556815	2.475778E+09	1.839267E-08	7.777037E+06	1.029149E+05	730.3257221445	21.0872586513	3.2560068021	6.172378E-10	-0.0030281431	0.0027184338	1.799209E-09	-0.0088244385	0.0079261508	2.9149365985	2.9141418163	2.9157049125	478.0000000000
766500.00	7.665000E+05	0.0878244123	8.7906704513	2.465165E+09	1.708633E-08	7.728279E+06	1.022432E+05	727.6671648256	21.1028410568	3.1907366851	-3.862988E-11	-0.0033837263	0.0030386596	-1.125739E-10	-0.0098579559	0.0088575783	2.9141662852	2.9133432135	2.9149623907	477.0000000000
821250.00	8.212500E+05	0.0886085983	8.7905092977	2.452714E+09	1.588653E-08	7.670807E+06	1.014525E+05	724.6736719905	21.1223617973	3.1278953985	5.437125E-11	-0.0037774294	0.0033930996	1.584038E-10	-0.0110018478	0.0098881680	2.9133744666	2.9125224108	2.9141991655	476.0000000000
876000.00	8.760000E+05	0.0894586265	8.7902611009	2.438203E+09	1.478538E-08	7.603665E+06	1.005300E+05	721.3375835676	21.1463748046	3.0675313005	-4.485282E-10	-0.0042134244	0.0037858033	-1.306366E-09	-0.0122681447	0.0110296208	2.9125620272	2.9116802661	2.9134162267	475.0000000000
930750.00	9.307500E+05	0.0903860486	8.7899115968	2.421389E+09	1.377496E-08	7.525806E+06	9.946160E+04	717.6233366896	21.1754602598	3.0096876170	-2.847508E-10	-0.0046959814	0.0042211499	-8.291176E-10	-0.0136691481	0.0122945896	2.9117306754	2.9108182152	2.9126162279	474.0000000000
985500.00	9.855000E+05	0.0914045164	8.7894417749	2.401997E+09	1.284749E-08	7.436101E+06	9.823231E+04	713.5413655113	21.2103940319	2.9544024211	8.024335E-11	-0.0052293513	0.0047020998	2.335791E-10	-0.0152170955	0.0136915692	2.9108837001	2.9099394003	2.9117989515	473.0000000000
1040250.00	1.040250E+06	0.0925306404	8.7888333402	2.379706E+09	1.199531E-08	7.333295E+06	9.682548E+04	709.0770818042	21.2520111061	2.9017086308	-8.150395E-10	-0.0058165959	0.0052334309	-2.371781E-09	-0.0169207409	0.0152343320	2.9100194923	2.9090452812	2.9109645774	472.0000000000
1095000.00	1.095000E+06	0.0937840433	8.7880585700	2.354171E+09	1.121112E-08	7.216081E+06	9.522395E+04	704.2325803355	21.3012850321	2.8516340228	6.298941E-10	-0.0064624136	0.0058193353	1.832450E-09	-0.0187935745	0.0169349357	2.9091400760	2.9081355033	2.9101151078	471.0000000000
1149750.00	1.149750E+06	0.0951882011	8.7870832133	2.325017E+09	1.048796E-08	7.083093E+06	9.340988E+04	699.2234030741	21.3591838610	2.8042012631	-5.479923E-10	-0.0071701426	0.0064636611	-1.593697E-09	-0.0208451287	0.0188044181	2.9082470076	2.9072125837	2.9092518803	470.0000000000
1204500.00	1.204500E+06	0.0967712795	8.7858617529	2.291838E+09	9.819234E-09	6.932939E+06	9.136530E+04	694.3391737623	21.4271398384	2.7594279519	8.371333E-10	-0.0079427620	0.0071699370	2.433834E-09	-0.0230838787	0.0208528837	2.9073427937	2.9062785314	2.9083775208	469.0000000000
1259250.00	1.259250E+06	0.0985672188	8.7843346526	2.254204E+09	9.198723E-09	6.764238E+06	8.907251E+04	688.8923678804	21.5063172321	2.7173266848	-4.497352E-10	-0.0087823096	0.0079410423	-1.307124E-09	-0.0255155658	0.0230885409	2.9064304926	2.9053366214	2.9074950055	468.0000000000
1314000.00	1.314000E+06	0.1006170747	8.7824226524	2.211661E+09	8.620589E-09	6.575667E+06	8.651493E+04	682.8171957623	21.5984602020	2.6779051263	-1.306971E-09	-0.0096897605	0.0087790390	-3.797421E-09	-0.0281428503	0.0255172253	2.9055138831	2.9043906839	2.9066080175	467.0000000000
1368750.00	1.368750E+06	0.1029708577	8.7800199085	2.163743E+09	8.079361E-09	6.366022E+06	8.367777E+04	676.0431331067	21.7052482347	2.6411660982	-1.247173E-09	-0.0106647340	0.0096848883	-3.622535E-09	-0.0309644718	0.0281415824	2.9045974093	2.9034452824	2.9057208939	466.0000000000
1423500.00	1.423500E+06	0.1056898645	8.7769836894	2.109983E+09	7.569931E-09	6.134296E+06	8.054919E+04	668.4779708831	21.8286064800	2.6071076791	-3.066899E-09	-0.0117052939	0.0106582371	-8.905311E-09	-0.0339746830	0.0309604597	2.9036862706	2.9025057491	2.9048387057	465.0000000000
1478250.00	1.478250E+06	0.1088498633	8.7731201654	2.049917E+09	7.087530E-09	5.879763E+06	7.712126E+04	659.9908024980	21.9703024008	2.5757233160	-3.047835E-09	-0.0128077004	0.0116971564	-8.847211E-09	-0.0371625450	0.0339681603	2.9027864961	2.9015782549	2.9039673454	464.0000000000
1533000.00	1.533000E+06	0.1125455068	8.7681639278	1.983106E+09	6.627725E-09	5.602061E+06	7.339128E+04	650.3952604489	22.1309889024	2.5470019472	-6.644908E-09	-0.0139663942	0.0127982922	-1.928288E-08	-0.0405118981	0.0371548757	2.9019045639	2.9006697979	2.9031119885	463.0000000000
1587750.00	1.587750E+06	0.1628379439	8.7580473091	1.262390E+10	4.090652E-08	2.592887E+06	5.475814E+05	609.3646272297	21.5571288643	2.5209281346	0.2172824234	0.1992891549	0.2338491531	0.3368646890	0.2921919532	0.3780613835	2.9197966178	2.9185499477	2.9210186383	462.0000000000
1642500.00	1.642500E+06	0.1730160651	8.7597259260	1.245365E+10	3.924624E-08	2.342955E+06	5.253465E+05	600.1539967288	21.6984307289	2.4974822053	0.2176958677	0.1982477689	0.2356682040	0.3367522634	0.2885281134	0.3813870884	2.9187889134	2.9175177426	2.9200364628	461.0000000000
1697250.00	1.697250E+06	0.1849473484	8.7617035100	1.224326E+10	3.763752E-08	2.091513E+06	5.020516E+05	590.6179325913	21.8532926689	2.4766404016	0.2174845220	0.1965469609	0.2369108400	0.3353357707	0.2834814237	0.3835216410	2.9178197542	2.9165259582	2.9190911017	460.0000000000
1752000.00	1.752000E+06	0.1988901271	8.7639445824	1.198786E+10	3.605809E-08	1.843967E+06	4.777416E+05	580.9222794454	22.0216171601	2.4583750388	0.2165436179	0.1940975382	0.2374588348	0.3323712617	0.2768452126	0.3841888231	2.9168907861	2.9155768612	2.9181835843	459.0000000000
1806750.00	1.806750E+06	0.2151384240	8.7664302341	1.168342E+10	3.448843E-08	1.605290E+06	4.524734E+05	571.1851079212	22.2041711748	2.4426546695	0.2147742136	0.1908170010	0.2371984676	0.3276084099	0.2684076635	0.3831036218	2.9160199616	2.9146898205	2.9173304882	458.0000000000
1861500.00	1.861500E+06	0.2341820885	8.7691586710	1.132922E+10	3.291842E-08	1.377361E+06	4.263608E+05	561.4655333077	22.4012108930	2.4294442535	0.2120334356	0.1865735439	0.2359767916	0.3206224764	0.2577653263	0.3798219920	2.9153360435	2.9140023128	2.9166521495	457.0000000000
1916250.00	1.916250E+06	0.2565101732	8.7721208114	1.092320E+10	3.133306E-08	1.163614E+06	3.994861E+05	551.8060949319	22.6132026737	2.4187053339	0.2081739142	0.1812568182	0.2336113502	0.3109683953	0.2445697058	0.3738076077	2.9149618893	2.9136197771	2.9162873480	456.0000000000
1971000.00	1.971000E+06	0.2817061301	8.7752200646	1.045347E+10	2.968845E-08	9.771020E+05	3.717203E+05	542.3428240262	22.8403145959	2.4103962163	0.2034580747	0.1751516927	0.2303402296	0.2994666801	0.2296972309	0.3658194797	2.9144913344	2.9131356534	2.9158324284	455.0000000000
2025750.00	2.025750E+06	0.3100933151	8.7784106023	9.923386E+09	2.798342E-08	8.167017E+05	3.432498E+05	533.0383503960	23.0849528362	2.4044721525	0.1979935392	0.1683742787	0.2262626471	0.2863792185	0.2134233857	0.3561062485	2.9139519890	2.9125838628	2.9153075439	454.0000000000
2080500.00	2.080500E+06	0.3422658499	8.7816699260	9.337381E+09	2.621783E-08	6.794552E+05	3.142551E+05	523.8416592303	23.3500793757	2.4008855274	0.1918607986	0.1610226273	0.2214403960	0.2718532642	0.1959366647	0.3447711026	2.9133219069	2.9119430208	2.9146903599	453.0000000000
2135250.00	2.135250E+06	0.3714569601	8.7841400561	8.943073E+09	2.507154E-08	5.702044E+05	2.952013E+05	516.9242648547	23.5614440882	2.3995860470	0.1937842723	0.1524829009	0.2251277441	0.2837266751	0.1798723505	0.3599372317	2.5616188976	2.7536641080	2.5609547161	452.0000000000
2190000.00	2.190000E+06	0.3233293938	8.7783926728	1.167409E+10	3.276457E-08	4.789462E+05	4.256744E+05	517.4326589137	23.0857791510	2.4005209289	0.2252245700	0.1907207690	0.2586477503	0.3230824234	0.2419771688	0.4017583364	2.9117751135	2.9103827794	2.9131616493	451.0000000000
2244750.00	2.244750E+06	0.3454299397	8.7806507540	1.107635E+10	3.120337E-08	4.250594E+05	3.945088E+05	518.2780390157	23.1744576342	2.4036350942	0.2491948762	0.2129997532	0.2844246792	0.3700958202	0.2869030023	0.4511857783	2.9113306654	2.9099357731	2.9127222364	450.0000000000
2299500.00	2.299500E+06	0.3582434184	8.7814678981	1.078349E+10	3.056976E-08	3.962261E+05	3.781604E+05	526.5883227441	23.1070530789	2.4088713578	0.3378503477	0.2984787550	0.3789900212	0.5653664815	0.4802840662	0.6532328601	1.9468720609	1.9454924643	1.9454586942	449.0000000000
2354250.00	2.354250E+06	0.3819190703	8.7840009960	1.012823E+10	2.896459E-08	3.607587E+05	3.482792E+05	518.2335801172	23.3576372571	2.4161706213	0.3377654147	0.2975961156	0.3774307715	0.5619677516	0.4751438651	0.6481192165	1.9321785015	1.9307189616	1.9336397044	448.0000000000
2409000.00	2.409000E+06	0.0886024785	8.7660273445	3.175642E+09	9.183434E-09	9.608568E+06	1.564513E+05	515.0804651916	23.0869011200	2.4254720618	0.1249847784	0.0796274114	0.1652386599	0.0923053252	-0.0091336620	0.1821400431	1.9134563611	1.9187896220	1.9120729299	447.0000000000
2463750.00	2.463750E+06	0.1460477844	8.7395452674	1.869450E+10	5.479377E-08	1.816424E+06	1.039917E+06	522.1109740208	23.0008143940	2.4367133229	0.1906531810	0.1500706366	0.2308764154	0.2374721450	0.1492973291	0.3249880314	1.9109556780	1.9094944221	1.9124233389	446.0000000000
2518500.00	2.518500E+06	0.1304834154	8.7730173624	1.060572E+09	3.157686E-09	3.219748E+06	3.924878E+04	535.5650368896	22.3393602291	2.4498307007	0.0614564321	0.0049852335	0.1075393606	-0.0485297446	-0.1696781986	0.0516780909	1.8852374922	1.8838658409	1.8866190873	445.0000000000
2573250.00	2.573250E+06	0.1440992305	8.7547426400	1.328852E+09	4.027606E-09	2.700955E+06	4.781093E+04	523.8992318284	22.7230797680	2.4647593297	0.1041005172	0.0637575115	0.1444168824	0.0385742310	-0.0498410407	0.1270488603	1.9011448085	1.8997151506	1.9025861821	444.0000000000
2628000.00	2.628000E+06	0.0820606258	8.7754632812	2.943031E+09	9.099116E-09	1.081314E+07	1.225180E+05	518.5373402321	22.9691315214	2.4814333655	0.0303197167	-0.0095169949	0.0702791053	-0.1244814001	-0.2126044623	-0.0359674095	2.8609547781	2.8595761583	2.8623494074	443.0000000000
2682750.00	2.682750E+06	0.1157270626	8.7573748953	2.873096E+09	9.079072E-09	6.408999E+06	1.121813E+05	520.3769157887	23.1684946156	2.4997861634	-0.0294055734	-0.0685192441	0.0099870551	-0.2600222820	-0.3473858538	-0.1719277358	2.8618872157	2.8605305650	2.8632628625	442.0000000000
2737500.00	2.737500E+06	0.0971771246	8.7585374291	5.552183E+09	1.796618E-08	7.930578E+06	2.747472E+05	515.1650806710	23.2624717105	2.5197504552	0.0284952128	-0.0118804975	0.0692932097	-0.1042263051	-0.1909542497	-0.0165769256	2.8536530893	2.8563168071	2.8550840017	441.0000000000
2792250.00	2.792250E+06	0.0905375123	8.7701635852	3.025980E+09	1.004458E-08	9.056708E+06	1.199217E+05	624.2166798828	21.9290437618	2.5412585214	-0.2421028234	-0.2795145181	-0.2041454756	-0.7221410475	-0.8075389056	-0.6354081293	1.9109259297	1.9098050465	1.9120711470	440.0000000000
2847000.00	2.847000E+06	0.0943486058	8.7657883849	2.909721E+09	9.924836E-09	8.477760E+06	1.120407E+05	611.8965963929	22.1486412906	2.5642423585	-0.2501262565	-0.2868432339	-0.2127422670	-0.7449420705	-0.8286354450	-0.6596409162	1.9060901681	1.9049487390	1.9072564495	439.0000000000
2901750.00	2.901750E+06	0.1017972669	8.7574840850	7.158331E+09	2.512936E-08	7.053501E+06	3.601545E+05	585.9214282171	22.2886629247	2.5886338443	-0.0501896351	-0.0920002468	-0.0082832019	-0.1877672562	-0.2726365098	-0.1031103345	1.9160161225	1.9149036096	1.9171552999	438.0000000000
2956500.00	2.956500E+06	0.1187597529	8.7451762935	1.164568E+10	4.213880E-08	4.678643E+06	6.112618E+05	618.4084239285	22.1521769840	2.6143648956	4.846090E-10	-0.0417878473	0.0428364951	9.272737E-10	-0.0799117240	0.0820148893	1.9134470389	1.9123197088	1.9146031713	437.0000000000
3011250.00	3.011250E+06	0.1256799437	8.7430006990	1.132751E+10	4.230661E-08	4.319149E+06	5.632901E+05	602.2770031089	22.4225603747	2.6413676238	-1.856198E-10	-0.0406204852	0.0417822283	-3.541271E-10	-0.0774504583	0.0797608207	1.9078091316	1.9066847106	1.9089652191	436.0000000000
3066000.00	3.066000E+06	0.1337909111	8.7425892833	1.090938E+10	4.211119E-08	3.957051E+06	5.151420E+05	585.9642997536	22.7167565979	2.6695744841	-2.045848E-10	-0.0393484079	0.0406128872	-3.893477E-10	-0.0748407019	0.0773373432	1.9031112282	1.9020007596	1.9042562212	435.0000000000
3120750.00	3.120750E+06	0.1433307544	8.7426277102	1.039911E+10	4.153775E-08	3.596294E+06	4.673405E+05	569.6710001161	23.0364390576	2.6989184193	-4.724725E-10	-0.0379819457	0.0393388378	-8.973586E-10	-0.0720971309	0.0747597949	1.8992821276	1.8981947736	1.9004068015	434.0000000000
3175500.00	3.175500E+06	0.1545913660	8.7427249892	9.807999E+09	4.058456E-08	3.240970E+06	4.204215E+05	553.6676972516	23.3834150232	2.7293329995	1.173900E-09	-0.0365314986	0.0379706474	2.226008E-09	-0.0692342443	0.0720434688	1.8962497142	1.8951931037	1.8973463374	433.0000000000
3230250.00	3.230250E+06	0.1679360422	8.7427599441	9.149850E+09	3.926191E-08	2.895055E+06	3.748992E+05	538.2750478085	23.7596911835	2.7607525552	-6.914247E-10	-0.0350076382	0.0365191025	-1.309519E-09	-0.0662667905	0.0692038892	1.8939432005	1.8929237732	1.8950052039	432.0000000000
3285000.00	3.285000E+06	0.1838248574	8.7426972416	8.439889E+09	3.759014E-08	2.562158E+06	3.312339E+05	523.7607138665	24.1675429011	2.7931123056	-3.812562E-10	-0.0334207490	0.0349948989	-7.214492E-10	-0.0632092671	0.0662564229	1.8922948511	1.8913180914	1.8933165991	431.0000000000
3339750.00	3.339750E+06	0.2028478734	8.7425580435	7.693925E+09	3.559813E-08	2.245393E+06	2.898157E+05	510.2965649390	24.6094951471	2.8263484808	-1.869378E-10	-0.0317805852	0.0334081563	-3.535443E-10	-0.0600751577	0.0632154537	1.8912394702	1.8903099911	1.8922161741	430.0000000000
3394500.00	3.394500E+06	0.2257681364	8.7424438899	6.927803E+09	3.332265E-08	1.947327E+06	2.509599E+05	497.9647327394	25.0875612914	2.8603984389	-4.059739E-10	-0.0300959533	0.0317680997	-7.675798E-10	-0.0568763387	0.0600937954	1.8907118863	1.8898334324	1.8916396019	429.0000000000
3449250.00	3.449250E+06	0.2535825508	8.7425819283	6.156845E+09	3.080706E-08	1.669943E+06	2.149036E+05	486.8716377381	25.6056272858	2.8952007769	-1.795968E-09	-0.0283746890	0.0300830406	-3.395539E-09	-0.0536230642	0.0569026880	1.8906448777	1.8898203307	1.8915204992	428.0000000000
3504000.00	3.504000E+06	0.2876152861	8.7433669825	5.395119E+09	2.809869E-08	1.414583E+06	1.817988E+05	477.2321825030	26.1656615552	2.9306954360	-1.349184E-08	-0.0266241333	0.0283607546	-2.551265E-08	-0.0503249637	0.0536526129	1.8909695490	1.8902010101	1.8917907355	427.0000000000
3558750.00	3.558750E+06	0.3296699377	8.7453679818	4.654712E+09	2.524514E-08	1.181890E+06	1.517074E+05	468.9753761937	26.7704250768	2.9668238014	-8.357318E-08	-0.0248514723	0.0266087886	-1.580886E-07	-0.0469918264	0.0503540251	1.8916181954	1.8909071405	1.8923832252	426.0000000000
3613500.00	3.613500E+06	0.3822760648	8.7492619574	3.945294E+09	2.229127E-08	9.718322E+05	1.246051E+05	461.9580839593	27.4232066643	3.0035287959	-4.592516E-07	-0.0230640857	0.0248344292	-8.691464E-07	-0.0436343694	0.0470174170	1.8925276673	1.8918751156	1.8932352763	425.0000000000
3668250.00	3.668250E+06	0.4490957220	8.7556795988	3.274149E+09	1.927784E-08	7.838201E+05	1.003974E+05	456.0163085372	28.1276132088	3.0407549685	-2.295823E-06	-0.0212701701	0.0230439767	-4.347465E-06	-0.0402654532	0.0436519892	1.8936414859	1.8930481269	1.8942907452	424.0000000000
3723000.00	3.723000E+06	0.5356168201	8.7649909242	2.646507E+09	1.624190E-08	6.168658E+05	7.894128E+04	450.9911959711	28.8909651810	3.0784485762	-1.040225E-05	-0.0194813677	0.0212398346	-1.971131E-05	-0.0369050325	0.0402601027	1.8949101520	1.8943764217	1.8955003930	423.0000000000
3777750.00	3.777750E+06	0.6503985299	8.7770923138	2.066023E+09	1.321808E-08	4.697509E+05	6.006653E+04	446.7431220462	29.3605774272	3.1165576615	-4.240154E-05	-0.0177218282	0.0194112744	-8.040546E-05	-0.0335972824	0.0368196592	1.8962899068	1.8958160280	1.8968206811	422.0000000000
3832500.00	3.832500E+06	0.8073615725	8.7912522609	1.535524E+09	1.024216E-08	3.412269E+05	4.360219E+04	443.1582783501	30.2590483974	3.1550321232	-0.0001544041	-0.0160538019	0.0175086981	-0.0002930170	-0.0304591400	0.0332350360	1.8977389895	1.8973249890	1.8982100533	421.0000000000
3887250.00	3.887250E+06	1.0296113807	8.8060538051	1.058820E+09	7.363092E-09	2.304281E+05	2.942934E+04	440.1567897614	31.2511724863	3.1938237821	-0.0004959034	-0.0146325856	0.0153887800	-0.0009418088	-0.0277847714	0.0292324436	1.8992074115	1.8988531069	1.8996187368	420.0000000000
3942000.00	3.942000E+06	1.3520864052	8.8194708128	6.454479E+08	4.679212E-09	1.378581E+05	1.760600E+04	437.7152436362	32.3416532735	3.2328864415	-0.0013830286	-0.0137798492	0.0127413413	-0.0026285231	-0.0261853877	0.0242202074	1.9006138823	1.9003188352	1.9009657070	419.0000000000
3996750.00	3.996750E+06	1.8015196208	8.8293330910	3.177038E+08	2.400764E-09	6.675823E+04	8535.6470101433	435.8980804567	33.4783928395	3.2721759416	-0.0033222153	-0.0140071823	0.0090655356	-0.0063179811	-0.0266347194	0.0172429853	1.9018173672	1.9015807754	1.9021102998	418.0000000000
4051500.00	4.051500E+06	2.2976037022	8.8346213518	1.071361E+08	8.437086E-10	2.221079E+04	2849.5433536865	434.8253177886	33.9542691716	3.3116502093	-0.0069308799	-0.0159364596	0.0037488423	-0.0131864169	-0.0303172296	0.0071332976	1.9026274043	1.9024480086	1.9028625191	417.0000000000
4106250.00	4.106250E+06	2.5992784688	8.8364398492	1.949876E+07	1.599857E-10	4000.2930225166	516.2350558787	434.4722393758	33.8550698668	3.3512693020	-0.0125174708	-0.0198790923	-0.0035138277	-0.0238196020	-0.0378256341	-0.0066871195	1.9029355150	1.9028117253	1.9031142277	416.0000000000
4161000.00	4.161000E+06	2.6712357569	8.8367793837	1.628478E+06	1.391672E-11	331.4349154404	43.0530730448	434.9197673907	33.2783516567	3.3909954476	-0.0189968384	-0.0247516611	-0.0116355428	-0.0361494847	-0.0470987337	-0.0221429587	1.9029252721	1.9028556017	1.9030489043	415.0000000000
4215750.00	4.215750E+06	2.6777205367	8.8368088920	6.603463E+04	0.000000E+00	13.3572461775	1.7447115087	435.6024298020	32.5055128244	3.4307930777	-0.0246522918	-0.0288395363	-0.0188975187	-0.0469100229	-0.0548773058	-0.0359607737	1.9028668678	1.9028500577	1.9029365226	414.0000000000
4270500.00	4.270500E+06	2.6779888453	8.8368101240	1553.4924554896	0.000000E+00	0.3128163154	0.0410252315	436.3366849741	30.6334052342	3.4706288563	-0.0288344508	-0.0314963363	-0.0246472037	-0.0548676511	-0.0599339167	-0.0469003598	1.9028505721	1.9028853481	1.9028673814	413.0000000000
4325250.00	4.325250E+06	2.6779952094	8.8368101535	25.8045202820	0.000000E+00	0.0051807437	0.0006811773	437.3311804915	28.3321164542	3.5104717059	-0.0314961718	-0.0326778117	-0.0288342981	-0.0599336043	-0.0621849061	-0.0548673610	1.9028853606	1.9029703288	1.9028505852	412.0000000000
4380000.00	4.380000E+06	2.6779953156	8.8368101540	0.3667552145	0.000000E+00	7.352764E-05	9.678216E-06	438.2974451036	25.6360819936	3.5502928253	-0.0326778295	-0.0324270298	-0.0314961809	-0.0621849399	-0.0617120094	-0.0599336215	1.9029703291	1.9031039792	1.9028853605	411.0000000000
4434750.00	4.434750E+06	2.6779953172	8.8368101540	0.0053522985	0.000000E+00	1.073183E-06	1.412187E-07	439.6647763485	22.5900833055	3.5900657048	-0.0324270132	-0.0307939205	-0.0326778142	-0.0617119778	-0.0586095976	-0.0621849109	1.9031039800	1.9032846922	1.9029703299	410.0000000000
4489500.00	4.489500E+06	2.6779953172	8.8368101540	8.450599E-05	0.000000E+00	1.702975E-08	2.236357E-09	440.9973409541	19.1807112055	3.6297661372	-0.0307939279	-0.0278307780	-0.0324270173	-0.0586096116	-0.0529761852	-0.0617119856	1.9032846915	1.9035107521	1.9031039790	409.0000000000
