54750.00	5.475000E+04	0.0807582779	8.7877635107	2.510027E+09	4.394987E-08	7.918682E+06	1.048914E+05	742.8235274424	21.0866295164	4.2044046301	-1.184547E-10	-0.0005512384	0.0004520947	-3.461968E-10	-0.0016107590	0.0013215297	2.9226079768	2.9220733952	2.9231256206	125.0000000000
109500.00	1.095000E+05	0.0803396569	8.7872624684	2.508158E+09	4.679421E-08	7.906996E+06	1.047330E+05	742.7446223133	21.0958920930	4.2946650606	-6.982548E-10	-0.0004323105	0.0003398278	-2.041080E-09	-0.0012634706	0.0009935266	2.9231167411	2.9225999926	2.9236173527	126.0000000000
164250.00	1.642500E+05	0.0799315277	8.7867295613	2.505859E+09	4.967562E-08	7.892976E+06	1.045425E+05	742.5552787411	21.1060197944	4.3861941381	3.249674E-10	-0.0003196288	0.0002327907	9.500767E-10	-0.0009343090	0.0006807009	2.9236059563	2.9231062991	2.9240903058	127.0000000000
219000.00	2.190000E+05	0.0795336772	8.7861650109	2.503146E+09	5.256546E-08	7.876746E+06	1.043215E+05	742.2567984978	21.1169592186	4.4788817296	-1.812470E-10	-0.0002122322	0.0001301271	-5.299800E-10	-0.0006204808	0.0003805628	2.9240766088	2.9235932931	2.9245454703	128.0000000000
273750.00	2.737500E+05	0.0791460536	8.7855689189	2.500036E+09	5.543322E-08	7.858409E+06	1.040716E+05	741.8636663725	21.1286661899	4.5726154578	2.934483E-10	-0.0001092683	3.108648E-05	8.581983E-10	-0.0003195074	9.092745E-05	2.9245297018	2.9240619785	2.9249838463	129.0000000000
328500.00	3.285000E+05	0.0787687377	8.7849413317	2.496537E+09	5.824757E-08	7.838048E+06	1.037938E+05	741.3546190980	21.1411049268	4.6672810343	6.587131E-10	-1.001529E-05	-6.498542E-05	1.926714E-09	-2.928984E-05	-0.0001901088	2.9249662541	2.9245133847	2.9254064437	130.0000000000
383250.00	3.832500E+05	0.0784019355	8.7842820804	2.492656E+09	6.097752E-08	7.815729E+06	1.034890E+05	740.7610621590	21.1542473193	4.7627626072	-4.156562E-10	8.597699E-05	-0.0001585805	-1.215955E-09	0.0002514783	-0.0004639772	2.9253873695	2.9249487478	2.9258143070	131.0000000000
438000.00	4.380000E+05	0.0780459436	8.7835911499	2.488395E+09	6.359366E-08	7.791504E+06	1.031581E+05	740.0835342686	21.1680719135	4.8589431213	-2.384294E-10	0.0001793239	-0.0002501987	-6.975954E-10	0.0005245887	-0.0007321334	2.9257940598	2.9253690417	2.9262084473	132.0000000000
492750.00	4.927500E+05	0.0777011799	8.7828679946	2.483749E+09	6.606920E-08	7.765405E+06	1.028014E+05	739.3216082085	21.1825670760	4.9557046911	-3.161482E-11	0.0002698996	-0.0003399950	-9.251091E-11	0.0007896656	-0.0009950260	2.9261876371	2.9257759845	2.9265899888	133.0000000000
547500.00	5.475000E+05	0.0773681615	8.7821120269	2.478708E+09	6.838088E-08	7.737449E+06	1.024192E+05	738.4788154414	21.1977225281	5.0529289833	6.578317E-10	0.0003577267	-0.0004280173	1.925190E-09	0.0010467696	-0.0012527896	2.9265694652	2.9261711983	2.9269600947	134.0000000000
602250.00	6.022500E+05	0.0770475231	8.7813220858	2.473256E+09	7.050957E-08	7.707633E+06	1.020115E+05	737.5576984817	21.2135377672	5.1504976092	2.295428E-10	0.0004427523	-0.0005140299	6.718583E-10	0.0012957398	-0.0015047301	2.9269412969	2.9265567534	2.9273201490	135.0000000000
657000.00	6.570000E+05	0.0767400320	8.7804959498	2.467359E+09	7.244054E-08	7.675929E+06	1.015778E+05	736.5568295848	21.2300480186	5.2482925245	-2.112434E-10	0.0005254275	-0.0005975386	-6.183739E-10	0.0015378921	-0.0017493972	2.9273055441	2.9269351046	2.9276720223	136.0000000000
711750.00	7.117500E+05	0.0764465488	8.7796305505	2.460980E+09	7.416368E-08	7.642292E+06	1.011177E+05	735.4778137225	21.2473424887	5.3461964344	-5.348617E-11	0.0006080734	-0.0006789535	-1.565896E-10	0.0017800182	-0.0019879885	2.9276650161	2.9273079334	2.9280184773	137.0000000000
766500.00	7.665000E+05	0.0761677634	8.7787243611	2.454104E+09	7.567428E-08	7.606714E+06	1.006309E+05	734.3351899792	21.2653452870	5.4440932043	9.675796E-11	0.0006933561	-0.0007611530	2.833094E-10	0.0020299215	-0.0022289319	2.9280212482	2.9276753502	2.9283625703	138.0000000000
821250.00	8.212500E+05	0.0759041180	8.7777781750	2.446746E+09	7.697301E-08	7.569230E+06	1.001180E+05	733.1110551803	21.2840529098	5.5418682717	3.410601E-10	0.0007816537	-0.0008469237	9.987515E-10	0.0022887108	-0.0024803901	2.9283738976	2.9280369771	2.9287054940	139.0000000000
876000.00	8.760000E+05	0.0756560218	8.7767929337	2.438930E+09	7.806462E-08	7.529886E+06	9.957974E+04	731.8184873671	21.3034591602	5.6394090595	1.609404E-10	0.0008721886	-0.0009362711	4.713498E-10	0.0025541109	-0.0027423814	2.9287223052	2.9283928058	2.9290464309	140.0000000000
930750.00	9.307500E+05	0.0754239762	8.7757685149	2.430666E+09	7.895683E-08	7.488707E+06	9.901639E+04	730.4926109824	21.3235654440	5.7366053880	4.473000E-10	0.0009643926	-0.0010281906	1.310171E-09	0.0028244583	-0.0030119657	2.9290663695	2.9287432101	2.9293845265	141.0000000000
985500.00	9.855000E+05	0.0752085478	8.7747040531	2.421961E+09	7.965959E-08	7.445707E+06	9.842817E+04	729.0723275233	21.3443809988	5.8333498839	-3.093794E-10	0.0010580224	-0.0011220248	-9.062980E-10	0.0030990414	-0.0032872179	2.9294063993	2.9290887404	2.9297195908	142.0000000000
1040250.00	1.040250E+06	0.0750103744	8.7735982920	2.412814E+09	8.018454E-08	7.400888E+06	9.781517E+04	727.6247497041	21.3659199609	5.9295383835	-5.369839E-11	0.0011529596	-0.0012174336	-1.573225E-10	0.0033775144	-0.0035671435	2.9297428978	2.9294300315	2.9300518653	143.0000000000
1095000.00	1.095000E+06	0.0748301225	8.7724497808	2.403221E+09	8.054434E-08	7.354245E+06	9.717735E+04	726.1020633001	21.3882024885	6.0250703297	6.391186E-10	0.0012491616	-0.0013142683	1.872666E-09	0.0036597534	-0.0038513079	2.9300764752	2.9297677581	2.9303818594	144.0000000000
1149750.00	1.149750E+06	0.0746684816	8.7712569944	2.393177E+09	8.075222E-08	7.305773E+06	9.651466E+04	724.5398703734	21.4112606196	6.1198491595	-1.195764E-11	0.0013466280	-0.0014124680	-3.504077E-11	0.0039457583	-0.0041395343	2.9304077693	2.9301026047	2.9307101450	145.0000000000
1204500.00	1.204500E+06	0.0745261737	8.7700182794	2.382673E+09	8.082148E-08	7.255458E+06	9.582697E+04	722.9269034841	21.4351096984	6.2137826798	1.845719E-10	0.0014453922	-0.0015120188	5.409318E-10	0.0042356283	-0.0044317834	2.9307374087	2.9304352355	2.9310373077	146.0000000000
1259250.00	1.259250E+06	0.0744039155	8.7687318067	2.371704E+09	8.076523E-08	7.203292E+06	9.511417E+04	721.2661681709	21.4597606802	6.3067834307	-3.775029E-10	0.0015454690	-0.0016129181	-1.106486E-09	0.0045294085	-0.0047280500	2.9310660177	2.9307663094	2.9313639336	147.0000000000
1314000.00	1.314000E+06	0.0743024483	8.7673955876	2.360259E+09	8.059601E-08	7.149262E+06	9.437614E+04	719.5675109290	21.4852428815	6.3987690337	-2.146626E-10	0.0016468938	-0.0017151798	-6.292608E-10	0.0048272044	-0.0050283763	2.9313941835	2.9310964471	2.9316905747	148.0000000000
1368750.00	1.368750E+06	0.0742225130	8.7660073883	2.348333E+09	8.032574E-08	7.093356E+06	9.361279E+04	717.8262155623	21.5115883759	6.4896625216	1.462885E-10	0.0017496714	-0.0018187977	4.288772E-10	0.0051290326	-0.0053327472	2.9317224824	2.9314262588	2.9320177726	149.0000000000
1423500.00	1.423500E+06	0.0741648598	8.7645647382	2.335916E+09	7.996543E-08	7.035566E+06	9.282402E+04	716.0315876135	21.5388333985	6.5793926506	-1.904535E-10	0.0018537948	-0.0019237546	-5.584196E-10	0.0054348747	-0.0056411142	2.9320514496	2.9317563147	2.9323460273	150.0000000000
1478250.00	1.478250E+06	0.0741302512	8.7630648950	2.322999E+09	7.952522E-08	6.975879E+06	9.200972E+04	714.1958192880	21.5670214553	6.6678941907	-1.391138E-11	0.0019592586	-0.0020300335	-4.079349E-11	0.0057447170	-0.0059534302	2.9323816044	2.9320871689	2.9326758228	151.0000000000
1533000.00	1.533000E+06	0.0741194561	8.7615047736	2.309576E+09	7.901435E-08	6.914290E+06	9.116988E+04	712.3173587156	21.5962134481	6.7551081932	6.120359E-10	0.0020660263	-0.0021375846	1.794926E-09	0.0060584554	-0.0062695519	2.9327134362	2.9324193458	2.9330076149	152.0000000000
1587750.00	1.587750E+06	0.0741332534	8.7598809926	2.295638E+09	7.844109E-08	6.850790E+06	9.030442E+04	710.3950676587	21.6264142913	6.8409822338	5.618979E-10	0.0021740685	-0.0022463753	1.648073E-09	0.0063760067	-0.0065893866	2.9330474115	2.9327533446	2.9333418380	153.0000000000
1642500.00	1.642500E+06	0.0741724371	8.7581897323	2.281178E+09	7.781285E-08	6.785377E+06	8.941336E+04	708.4287013323	21.6576564243	6.9254706300	4.462970E-10	0.0022833356	-0.0023563410	1.309161E-09	0.0066972280	-0.0069127479	2.9333839741	2.9330896417	2.9336789074	154.0000000000
1697250.00	1.697250E+06	0.0742378170	8.7564267559	2.266189E+09	7.713620E-08	6.718046E+06	8.849671E+04	706.4107473217	21.6899890557	7.0085346296	5.076073E-10	0.0023937688	-0.0024674164	1.489180E-09	0.0070219500	-0.0072394473	2.9337235528	2.9334286943	2.9340192276	155.0000000000
1752000.00	1.752000E+06	0.0743302213	8.7545872957	2.250663E+09	7.641691E-08	6.648797E+06	8.755453E+04	704.3445447907	21.7234698704	7.0901425711	8.493298E-10	0.0025053026	-0.0025795247	2.491990E-09	0.0073499839	-0.0075692625	2.9340665631	2.9337709397	2.9343632034	156.0000000000
1806750.00	1.806750E+06	0.0744504873	8.7526660698	2.234593E+09	7.566002E-08	6.577632E+06	8.658691E+04	702.2239419907	21.7581835882	7.1702700133	-7.225576E-10	0.0026178526	-0.0026925666	-2.120283E-09	0.0076810853	-0.0079019056	2.9344134333	2.9341168165	2.9347112748	157.0000000000
1861500.00	1.861500E+06	0.0745994781	8.7506570148	2.217975E+09	7.486996E-08	6.504558E+06	8.559399E+04	700.0435678245	21.7941549885	7.2488998331	-4.917608E-10	0.0027313303	-0.0028064249	-1.443202E-09	0.0080149981	-0.0082370367	2.9347646166	2.9344667639	2.9350639715	158.0000000000
1916250.00	1.916250E+06	0.0747780814	8.7485532514	2.200803E+09	7.405057E-08	6.429582E+06	8.457597E+04	697.7996133832	21.8314149984	7.3260222910	-6.105891E-10	0.0028456030	-0.0029208026	-1.792153E-09	0.0083513361	-0.0085737892	2.9351206820	2.9348212646	2.9354223913	159.0000000000
1971000.00	1.971000E+06	0.0749871655	8.7463459168	2.183076E+09	7.320523E-08	6.352721E+06	8.353314E+04	695.4919048015	21.8700496992	7.4016350627	-4.209847E-10	0.0029603607	-0.0030359015	-1.235793E-09	0.0086891942	-0.0089127598	2.9354828526	2.9351809455	2.9357868555	160.0000000000
2025750.00	2.025750E+06	0.0752276853	8.7440271397	2.164787E+09	7.233671E-08	6.273989E+06	8.246572E+04	693.1204058221	21.9101466900	7.4757432373	7.550937E-11	0.0030759050	-0.0031522473	2.216843E-10	0.0090294642	-0.0092554887	2.9358513142	2.9355472177	2.9361556628	161.0000000000
2080500.00	2.080500E+06	0.0755007425	8.7415917004	2.145925E+09	7.144716E-08	6.193387E+06	8.137385E+04	690.6831728577	21.9517651174	7.5483592801	4.420829E-10	0.0031926380	-0.0032690670	1.298055E-09	0.0093733294	-0.0095997100	2.9362243431	2.9359198835	2.9365290072	162.0000000000
2135250.00	2.135250E+06	0.0758073665	8.7390299296	2.126487E+09	7.053859E-08	6.110938E+06	8.025788E+04	688.1770051579	21.9948981433	7.6195029608	8.645309E-10	0.0033098361	-0.0033862005	2.538783E-09	0.0097186630	-0.0099449567	2.9366021499	2.9362973365	2.9369072575	163.0000000000
2190000.00	2.190000E+06	0.0761486390	8.7363305124	2.106469E+09	6.961272E-08	6.026663E+06	7.911818E+04	685.5950175290	22.0396627267	7.6892012469	5.970377E-10	0.0034273340	-0.0035036593	1.753491E-09	0.0100649825	-0.0102912634	2.9369851022	2.9366798341	2.9372899658	164.0000000000
2244750.00	2.244750E+06	0.0765257116	8.7334838145	2.085867E+09	6.867092E-08	5.940590E+06	7.795519E+04	682.9270962768	22.0861181444	7.7574881612	9.034470E-10	0.0035451344	-0.0036212125	2.653760E-09	0.0104122997	-0.0106379525	2.9373726423	2.9370676845	2.9376769746	165.0000000000
2299500.00	2.299500E+06	0.0769397774	8.7304775959	2.064679E+09	6.771435E-08	5.852748E+06	7.676937E+04	680.1547268060	22.1343290140	7.8244046053	5.940438E-10	0.0036630136	-0.0037386933	1.745161E-09	0.0107599569	-0.0109845362	2.9377646920	2.9374602558	2.9380683011	166.0000000000
2354250.00	2.354250E+06	0.0773920967	8.7272977827	2.042904E+09	6.674402E-08	5.763172E+06	7.556128E+04	677.2743185790	22.1843419753	7.8899981487	7.962346E-10	0.0037808290	-0.0038559825	2.339466E-09	0.0111075370	-0.0113306652	2.9381612693	2.9378575515	2.9384638149	167.0000000000
2409000.00	2.409000E+06	0.0778839775	8.7239300058	2.020540E+09	6.576071E-08	5.671902E+06	7.433154E+04	674.3058600598	22.2362032359	7.9543227836	-2.555653E-10	0.0038984019	-0.0039728871	-7.509946E-10	0.0114545168	-0.0116757723	2.9385622063	2.9382595662	2.9388633854	168.0000000000
2463750.00	2.463750E+06	0.0784167997	8.7203579807	1.997590E+09	6.476511E-08	5.578985E+06	7.308083E+04	671.2485137489	22.2900535601	8.0174386473	-1.878971E-10	0.0040155484	-0.0040892263	-5.522233E-10	0.0118003550	-0.0120193269	2.9389671712	2.9386658873	2.9392667056	169.0000000000
2518500.00	2.518500E+06	0.0789913298	8.7165660345	1.974095E+09	6.375912E-08	5.484542E+06	7.181222E+04	668.1020662385	22.3458331394	8.0794117127	-1.890722E-10	0.0041321078	-0.0042047907	-5.557519E-10	0.0121445287	-0.0123606592	2.9393634645	2.9390638851	2.9396609736	170.0000000000
2573250.00	2.573250E+06	0.0795958750	8.7125800853	1.950796E+09	6.276688E-08	5.389973E+06	7.056777E+04	664.9081967137	22.1504231725	8.1403134484	8.270207E-10	0.0042478637	-0.0043193596	2.431046E-09	0.0124854316	-0.0126981283	2.9395228846	2.9392260474	2.9398173460	171.0000000000
2628000.00	2.628000E+06	0.0799654857	8.7093206445	1.942255E+09	6.225516E-08	5.321784E+06	7.016181E+04	662.6272176096	22.1912296165	8.2002204486	8.837942E-10	0.0043625624	-0.0044326815	2.593865E-09	0.0128025313	-0.0130108115	2.9349195461	2.9346357006	2.9352010696	172.0000000000
2682750.00	2.682750E+06	0.0801356322	8.7067271332	1.945846E+09	6.213470E-08	5.274949E+06	7.043611E+04	661.0996273819	22.2188641344	8.2592140368	-5.780330E-10	0.0044776150	0.0026172732	-1.691554E-09	0.0131020841	0.0075996212	2.9263966202	2.9261301110	2.9036407884	173.0000000000
2737500.00	2.737500E+06	0.0733154330	8.7628601663	1.138620E+09	3.622160E-08	4.517355E+06	4.624470E+04	636.4914931973	22.0675565771	8.3173798425	0.2041407261	0.2087571290	0.1994882417	0.3166751419	0.3281703264	0.3051048298	1.9548099354	1.9545948816	1.9550195704	174.0000000000
2792250.00	2.792250E+06	0.0735694472	8.7610479434	1.113035E+09	3.527493E-08	4.451661E+06	4.494888E+04	634.2342400735	22.1171540462	8.3748073544	0.2045917092	0.2093333277	0.1998166420	0.3174684701	0.3292784911	0.3055899345	1.9542067246	1.9539950225	1.9544127020	175.0000000000
2847000.00	2.847000E+06	0.0738387799	8.7591531773	1.087114E+09	3.432459E-08	4.385725E+06	4.364859E+04	631.9662186227	22.1679451107	8.4315894518	0.2049906569	0.2098552686	0.2000954917	0.3181690315	0.3302886796	0.3059881472	1.9536351623	1.9534273091	1.9538369860	176.0000000000
2901750.00	2.901750E+06	0.0741232220	8.7571694458	1.060929E+09	3.337283E-08	4.319589E+06	4.234702E+04	629.6916163802	22.2199080273	8.4878219159	0.2053351805	0.2103199863	0.2003230990	0.3187712794	0.3311937728	0.3062958536	1.9530959941	1.9528924856	1.9532931654	177.0000000000
2956500.00	2.956500E+06	0.0744227405	8.7550886097	1.034600E+09	3.242329E-08	4.253275E+06	4.104868E+04	627.4156944677	22.2729925197	8.5436029242	0.2056230262	0.2107244521	0.2004976184	0.3192709568	0.3319873332	0.3065098917	1.9525904582	1.9523917864	1.9527824886	178.0000000000
3011250.00	3.011250E+06	0.0747369779	8.7529050596	1.008149E+09	3.147657E-08	4.186840E+06	3.975525E+04	625.1407113072	22.3271968329	8.5990325298	0.2058520120	0.2110682776	0.2006147127	0.3196613797	0.3326681190	0.3066170609	1.9521181067	1.9519247545	1.9523045154	179.0000000000
3066000.00	3.066000E+06	0.0750650736	8.7506172119	9.814799E+08	3.052951E-08	4.120387E+06	3.846493E+04	622.8656330551	22.3825882174	8.6542121286	0.2060192405	0.2113481506	0.2006729758	0.3199309065	0.3332233999	0.3066099931	1.9516766961	1.9514891432	1.9518570086	180.0000000000
3120750.00	3.120750E+06	0.0754066765	8.7482190085	9.546341E+08	2.958331E-08	4.053963E+06	3.717993E+04	620.5935694140	22.4391553643	8.7092439166	0.2061220213	0.2115600698	0.2006705614	0.3200715401	0.3336414244	0.3064830752	1.9512661186	1.9510848361	1.9514398717	181.0000000000
3175500.00	3.175500E+06	0.0757615350	8.7457031032	9.276825E+08	2.864005E-08	3.987609E+06	3.590331E+04	618.0972492076	22.4968673462	8.7642303402	0.2061579497	0.2117012834	0.2006053651	0.3200765494	0.3339145531	0.3062303466	1.9508865710	1.9507120174	1.9510533154	182.0000000000
3230250.00	3.230250E+06	0.0761294288	8.7430616813	9.007006E+08	2.770195E-08	3.921360E+06	3.463819E+04	615.2387157849	22.5556865535	8.8192735428	0.2061248536	0.2117693340	0.2004754910	0.3199396723	0.3340357968	0.3058462439	1.9505382037	1.9503708149	1.9506975144	183.0000000000
3285000.00	3.285000E+06	0.0765101519	8.7402865282	8.737632E+08	2.677118E-08	3.855250E+06	3.338759E+04	612.3839319808	22.6155713469	8.8744748095	0.2060208315	0.2117620514	0.2002793002	0.3196551551	0.3339987098	0.3053256960	1.9502210493	1.9500612454	1.9503725176	184.0000000000
3339750.00	3.339750E+06	0.0769035152	8.7373689938	8.469449E+08	2.584988E-08	3.789312E+06	3.215445E+04	609.5377667613	22.6764758956	8.9299340139	0.2058442592	0.2116775443	0.2000154163	0.3192178259	0.3337974411	0.3046641597	1.9499350370	1.9497832189	1.9500782750	185.0000000000
3394500.00	3.394500E+06	0.0773093486	8.7342999820	8.203182E+08	2.494012E-08	3.723576E+06	3.094154E+04	606.7051811483	22.7383510898	8.9857490683	0.2055938201	0.2115142274	0.1996827901	0.3186231118	0.3334267167	0.3038577624	1.9496799948	1.9495365373	1.9498146372	186.0000000000
3449250.00	3.449250E+06	0.0777274917	8.7310699850	7.939531E+08	2.404388E-08	3.658076E+06	2.975148E+04	603.8907647454	22.8011441307	9.0420153822	0.2052685310	0.2112708580	0.1992806787	0.3178671533	0.3328819909	0.3029032740	1.9494556421	1.9493208971	1.9495813452	187.0000000000
3504000.00	3.504000E+06	0.0781578061	8.7276690245	7.679152E+08	2.316299E-08	3.592841E+06	2.858665E+04	601.0990599025	22.8648010583	9.0988253301	0.2048677533	0.2109465181	0.1988087062	0.3169468431	0.3321594334	0.3017982678	1.9492615744	1.9491358770	1.9493780010	188.0000000000
3558750.00	3.558750E+06	0.0786001498	8.7240866886	7.422645E+08	2.229911E-08	3.527901E+06	2.744915E+04	598.3339341457	22.9292654382	9.1562677318	0.2043911505	0.2105406257	0.1982667589	0.3158596627	0.3312558468	0.3005408237	1.9490972912	1.9489809551	1.9492040530	189.0000000000
3613500.00	3.613500E+06	0.0790544031	8.7203121570	7.170535E+08	2.145366E-08	3.463288E+06	2.634079E+04	595.5990532857	22.9944840151	9.2144273487	0.2038387647	0.2100529082	0.1976551703	0.3146038611	0.3301686734	0.2991299732	1.9489620666	1.9488554720	1.9490588455	190.0000000000
3668250.00	3.668250E+06	0.0795204284	8.7163341355	6.923262E+08	2.062779E-08	3.399032E+06	2.526301E+04	592.8975203231	23.0604034708	9.2733843980	0.2032107953	0.2094832446	0.1969744166	0.3131778827	0.3288954357	0.2975649521	1.9488550978	1.9487585642	1.9489416219	191.0000000000
3723000.00	3.723000E+06	0.0799980394	8.7121410072	6.681142E+08	1.982230E-08	3.335169E+06	2.421683E+04	590.2319713864	23.1269758687	9.3332140866	0.2025074822	0.2088314340	0.1962251004	0.3115799752	0.3274331229	0.2958450413	1.9487754523	1.9486892443	1.9488514672	192.0000000000
3777750.00	3.777750E+06	0.0804870070	8.7077209088	6.444299E+08	1.903738E-08	3.271740E+06	2.320264E+04	587.6043886365	23.1941641952	9.3939861691	0.2017287560	0.2080966420	0.1954077584	0.3098070467	0.3257764187	0.2939689054	1.9487219967	1.9486463575	1.9487872718	193.0000000000
3832500.00	3.832500E+06	0.0809869506	8.7030621126	6.212607E+08	1.827255E-08	3.208791E+06	2.222013E+04	585.0157961115	23.2619473306	9.4557645301	0.2008737109	0.2072772248	0.1945222801	0.3078530042	0.3239170738	0.2919327889	1.9486933561	1.9486285089	1.9487476774	194.0000000000
3887250.00	3.887250E+06	0.0814976243	8.6981513560	5.986108E+08	1.752780E-08	3.146362E+06	2.126934E+04	582.4675322958	23.3302937893	9.5186067940	0.1999419040	0.2063743626	0.1935676459	0.3057134471	0.3218555368	0.2897305552	1.9486883503	1.9486345028	1.9487315213	195.0000000000
3942000.00	3.942000E+06	0.0820195188	8.6929714880	5.765940E+08	1.680633E-08	3.084441E+06	2.035305E+04	579.9631505728	23.3991001602	9.5825639643	0.1989380895	0.2053953675	0.1925457671	0.3034012478	0.3196122975	0.2873666202	1.9487068911	1.9486642237	1.9487387419	196.0000000000
3996750.00	3.996750E+06	0.0825533515	8.6875039749	5.553425E+08	1.611182E-08	3.023012E+06	1.947433E+04	577.5061274862	23.4682432692	9.6476800933	0.1978700668	0.2043468339	0.1914644885	0.3009385377	0.3172058933	0.2848632559	1.9487489593	1.9487176211	1.9487693508	197.0000000000
4051500.00	4.051500E+06	0.0830993378	8.6817318009	5.348995E+08	1.544532E-08	2.962092E+06	1.863380E+04	575.0975650032	23.5376562530	9.7139919858	0.1967432989	0.2032331372	0.1903307424	0.2983388911	0.3146466808	0.2822384120	1.9488136512	1.9487937704	1.9488224677	198.0000000000
4106250.00	4.106250E+06	0.0836574777	8.6756381401	5.152727E+08	1.480684E-08	2.901715E+06	1.783110E+04	572.7380530666	23.6072968442	9.7815289347	0.1955623848	0.2020588004	0.1891493396	0.2956127317	0.3119448509	0.2795031607	1.9488997264	1.9488914086	1.9488968758	199.0000000000
4161000.00	4.161000E+06	0.0842277574	8.6692055337	4.964631E+08	1.419619E-08	2.841915E+06	1.706565E+04	570.4274243351	23.6771174884	9.8503124949	0.1943322004	0.2008287100	0.1879251256	0.2927712213	0.3091115747	0.2766686006	1.9490059216	1.9490092433	1.9489913452	200.0000000000
4215750.00	4.215750E+06	0.0848101477	8.6624158699	4.784682E+08	1.361307E-08	2.782725E+06	1.633679E+04	568.1658062928	23.7470655443	9.9203562904	0.1930578028	0.1995479791	0.1866631561	0.2898261225	0.3061587705	0.2737465282	1.9491309880	1.9491459958	1.9491046601	201.0000000000
4270500.00	4.270500E+06	0.0854047397	8.6552504839	4.613273E+08	1.305837E-08	2.724178E+06	1.564572E+04	565.9541887313	23.8170544198	9.9916658615	0.1917440154	0.1982210669	0.1853674349	0.2867898669	0.3030976577	0.2707468120	1.9492740868	1.9493007860	1.9492360077	202.0000000000
4325250.00	4.325250E+06	0.0860144434	8.6476933934	4.459914E+08	1.255862E-08	2.666204E+06	1.503325E+04	563.8159235927	23.8860117339	10.0642385481	0.1903904645	0.1968482798	0.1840354059	0.2836854867	0.2999526407	0.2676921234	1.9494418784	1.9494801851	1.9493920537	203.0000000000
4380000.00	4.380000E+06	0.0869855805	8.6390641866	4.854759E+08	1.359811E-08	2.591378E+06	1.679049E+04	562.6819811167	23.9050478024	10.1380634118	0.1883236741	0.1947691646	0.1824691578	0.2794477314	0.2956810264	0.2653517218	1.9500635109	1.9501088877	1.9500064920	204.0000000000
4434750.00	4.434750E+06	0.0828981296	8.6582532176	5.544116E+08	1.544538E-08	2.811595E+06	1.909082E+04	575.3360305393	22.9411538047	10.2131211967	0.1262999021	0.1323665115	0.1211382202	0.1370759498	0.1522703365	0.1247922601	2.9241308766	2.9241612967	2.9239502239	205.0000000000
4489500.00	4.489500E+06	0.1537070302	8.6827737198	8.234936E+09	2.281619E-07	1.486993E+06	2.918722E+05	565.2734897066	23.5869838116	10.2893843288	0.1267499137	0.1222539806	0.1207782961	0.1351445930	0.1282409580	0.1202396653	1.9506156821	1.9506867641	1.9505327475	206.0000000000
4544250.00	4.544250E+06	0.1813239676	8.6869159724	8.881132E+09	2.446980E-07	9.624592E+05	3.095223E+05	567.6853820105	23.4970929037	10.3668169530	0.1133026992	0.1193911491	0.1177019274	0.1074917814	0.1228175333	0.1144916915	1.9547083404	1.9548057610	1.9545985276	207.0000000000
4599000.00	4.599000E+06	0.1758769384	8.6820026719	9.281842E+09	2.542960E-07	9.665047E+05	3.277599E+05	573.4903672847	23.3348994494	10.4453750089	0.1227605226	0.1287043072	0.1169429843	0.1203486966	0.1349933863	0.1059782444	1.9581594211	1.9582982298	1.9580076006	208.0000000000
4653750.00	4.653750E+06	0.0688032109	8.6765742375	9.342375E+08	2.544907E-08	5.047275E+06	3.319456E+04	567.9079954620	22.9238213909	10.5250063433	0.0845558878	0.0958899931	0.0787370934	0.0516531333	0.0806624919	0.0369632465	2.9682550291	2.9681783022	2.9683241151	209.0000000000
4708500.00	4.708500E+06	0.1213302678	8.6705400269	7.852106E+09	2.126561E-07	2.255728E+06	2.903022E+05	572.5473047933	23.3938360173	10.6056508590	0.1040469129	0.1103539340	0.1046931312	0.0761761610	0.0922901656	0.0812688394	1.9587112585	1.9588769586	1.9585323507	210.0000000000
4763250.00	4.763250E+06	0.1258057380	8.6417395435	1.311457E+10	3.530963E-07	1.273545E+06	5.435550E+05	573.6178381912	23.0259915742	10.6872406999	0.0895589566	0.1010636920	0.0839702687	0.0495136333	0.0776421580	0.0355524878	2.9250750600	2.9251693992	2.9249702766	211.0000000000
4818000.00	4.818000E+06	0.1681098756	8.6680049506	1.202572E+10	3.218626E-07	5.992546E+05	4.619691E+05	565.4668060500	23.5721312519	10.7697004692	0.2092823369	0.2153183937	0.2017539869	0.3018700793	0.3162154642	0.2847174673	2.9645866383	2.9645135023	2.9679514713	212.0000000000
4872750.00	4.872750E+06	0.1864035462	8.6816001299	8.660797E+09	2.304162E-07	8.593968E+05	2.975602E+05	565.8078535548	23.6288637631	10.8529474815	0.2023106522	0.2083094233	0.1962248306	0.2860988635	0.3004558745	0.2717660791	2.9712148374	2.9711527441	2.9712697412	213.0000000000
4927500.00	4.927500E+06	0.1900688700	8.6768959343	9.819821E+09	2.596767E-07	6.493694E+05	3.444872E+05	569.8096140978	23.4600130585	10.9368920457	0.1904544269	0.1986910321	0.1847841369	0.2617084587	0.2828352841	0.2482152208	2.0038258755	2.0028038081	2.0041635590	214.0000000000
4982250.00	4.982250E+06	0.1999613402	8.6805957234	9.394932E+09	2.469328E-07	5.958389E+05	3.238588E+05	570.5355189638	23.6829643447	11.0214377779	0.2317809641	0.2406231597	0.2260092395	0.3500304223	0.3690860521	0.3365523492	2.0141992586	2.0138175740	2.0145737152	215.0000000000
5037000.00	5.037000E+06	0.2001929443	8.6793374749	9.411698E+09	2.458634E-07	5.803376E+05	3.242217E+05	570.9515970891	23.6940322712	11.1064819421	0.2332803445	0.2395432438	0.2272101052	0.3502386969	0.3646312502	0.3363172797	2.0082980965	2.0060919983	2.0086404320	216.0000000000
5091750.00	5.091750E+06	0.2030071786	8.6795538609	9.281652E+09	2.409797E-07	5.607366E+05	3.179687E+05	569.4692690070	23.7475008009	11.1919158171	0.2335172310	0.2392890930	0.2279800378	0.3502014644	0.3636688505	0.3372782476	2.0037451849	2.0033367342	2.0040526151	217.0000000000
5146500.00	5.146500E+06	0.2057170516	8.6797424598	9.147715E+09	2.360420E-07	5.435872E+05	3.116640E+05	567.9912728882	23.4889623647	11.2776250868	0.2333096133	0.2389787121	0.2278916623	0.3496618875	0.3629808987	0.3370144756	2.0020801821	2.0017834805	2.0023634526	218.0000000000
5201250.00	5.201250E+06	0.2065559281	8.6792050397	9.040433E+09	2.318372E-07	5.398784E+05	3.068972E+05	567.1255829407	23.5220097242	11.3634902538	0.2318590411	0.2377148099	0.2265635125	0.3465879856	0.3607316271	0.3342229743	2.0008136454	2.0005423117	2.0010765379	219.0000000000
5256000.00	5.256000E+06	0.2005080157	8.6763032807	8.941401E+09	2.278856E-07	5.962805E+05	3.039057E+05	567.6383310751	23.5074247042	11.4493870703	0.2267943038	0.2325679439	0.2216460598	0.3352629409	0.3492044676	0.3232523186	1.9995780156	1.9993283956	1.9998184977	220.0000000000
5310750.00	5.310750E+06	0.1983850661	8.6742728165	8.953410E+09	2.267886E-07	6.033545E+05	3.045948E+05	568.4864244070	23.8129522024	11.5351869890	0.2222172067	0.2279733580	0.2168350648	0.3260765299	0.3401190403	0.3131749162	1.9983272804	1.9981013646	1.9985434820	221.0000000000
5365500.00	5.365500E+06	0.1853114206	8.6655398757	9.608652E+09	2.418937E-07	6.346058E+05	3.344646E+05	575.7100068677	23.6198885470	11.6207576266	0.2101370759	0.2151340975	0.2031956072	0.3014450554	0.3129415258	0.2833534284	1.9968907072	1.9966947500	1.9970746984	222.0000000000
5420250.00	5.420250E+06	0.1870962742	8.6652026145	9.503726E+09	2.377925E-07	6.183205E+05	3.292810E+05	575.4614654290	23.6279821563	11.7059632424	0.1842176154	0.1915152675	0.1803193860	0.2509305370	0.2663252261	0.2428636019	2.9724523589	2.9724463470	2.9724497958	223.0000000000
5475000.00	5.475000E+06	0.0756892014	8.5912070344	3.979614E+08	9.897013E-09	2.841814E+06	1.422608E+04	575.2288089468	23.8826028297	11.7906652244	0.2576179229	0.2943703503	0.2534023194	0.4272652771	0.5034379874	0.4191013122	1.9516143201	1.9519378457	1.9512777705	224.0000000000
5529750.00	5.529750E+06	0.0708448571	8.6066644967	3.193360E+08	7.893892E-09	3.380122E+06	1.048780E+04	578.3258654916	23.8174722073	11.8747225861	0.3181338905	0.3235725278	0.3095568453	0.5394854881	0.5511775520	0.5222900131	1.9514741967	1.9518260387	1.9511089421	225.0000000000
5584500.00	5.584500E+06	0.0709155479	8.5994474854	3.151157E+08	7.743179E-09	3.342334E+06	1.031671E+04	577.4027455770	23.8444364222	11.9579924667	0.3198862376	0.3247914211	0.3145951507	0.5421776043	0.5528503274	0.5309640193	1.9513859111	1.9517506379	1.9510078458	226.0000000000
5639250.00	5.639250E+06	0.0710281209	8.5917697685	3.141493E+08	7.673994E-09	3.301435E+06	1.030264E+04	576.4769974971	23.8725465936	12.0403306353	0.3195863986	0.3243328551	0.3150521144	0.5414276746	0.5517567839	0.5317709366	1.9513040770	1.9516812836	1.9509136378	227.0000000000
5694000.00	5.694000E+06	0.0709166328	8.5858979104	3.294426E+08	8.000847E-09	3.280888E+06	1.116908E+04	576.0285093238	23.8738341563	12.1215919959	0.3167560692	0.3212988718	0.3124709989	0.5354737660	0.5452606410	0.5263834257	1.9512767572	1.9516658219	1.9508745892	228.0000000000
5748750.00	5.748750E+06	0.0700894986	8.5850013749	3.351909E+08	8.093912E-09	3.350506E+06	1.116475E+04	576.1682765360	23.8547198996	12.2016310906	0.3124977695	0.3167908733	0.3083563206	0.5265409562	0.5356226672	0.5176590928	1.9512289036	1.9516321037	1.9508126163	229.0000000000
5803500.00	5.803500E+06	0.0703845001	8.5767861936	3.633022E+08	8.723447E-09	3.268409E+06	1.300763E+04	575.8232078360	23.8391866926	12.2803025989	0.3084844980	0.3126051261	0.3044617341	0.5181384738	0.5268445476	0.5094200518	1.9511847191	1.9515979305	1.9507586588	230.0000000000
5858250.00	5.858250E+06	0.0684204146	8.5844151506	3.642203E+08	8.697335E-09	3.488394E+06	1.219682E+04	576.7937386079	23.7979025618	12.3574618316	0.3027210819	0.3068418572	0.2988903132	0.5061367501	0.5150649539	0.4978737032	1.9511580339	1.9515885911	1.9507144720	231.0000000000
5913000.00	5.913000E+06	0.0427341658	8.6444499374	2.109510E+09	5.010236E-08	1.133380E+07	8.721623E+04	586.5788662254	22.9885872546	12.4329652161	0.1182538551	0.1346190049	0.1151169154	0.1182979636	0.1575405744	0.1110099445	1.9614228317	1.9618945122	1.9609356393	232.0000000000
5967750.00	5.967750E+06	0.1162193328	8.6186788333	1.093267E+10	2.582940E-07	1.447271E+06	4.357739E+05	575.7170028299	23.0551420095	12.5066707722	0.0597203028	0.0577785010	0.0566099627	-0.0294948049	-0.0333664632	-0.0361102422	2.9360113638	2.9360884640	2.9357624539	233.0000000000
6022500.00	6.022500E+06	0.1261204102	8.6107432089	1.181878E+10	2.778007E-07	1.059859E+06	4.626997E+05	592.0139958037	22.8490935505	12.5784385749	-0.0415960564	-0.0549175565	-0.0282408236	-0.2504145379	-0.2758492329	-0.2246839612	2.0355747790	2.1147316515	2.0350265177	234.0000000000
6077250.00	6.077250E+06	0.1263393221	8.6090689631	1.178859E+10	2.757149E-07	1.045103E+06	4.603961E+05	591.2876245442	22.7794266647	12.6481312053	-0.0335819734	-0.0377671909	-0.0313404843	-0.2447009765	-0.2512837867	-0.2417070912	2.0352716860	2.0358069325	2.0347074087	235.0000000000
6132000.00	6.132000E+06	0.1271480789	8.6046391669	1.184255E+10	2.756458E-07	1.012393E+06	4.586687E+05	591.7856860929	22.7425784272	12.7156141838	-0.0290424812	-0.0268353849	-0.0232630062	-0.2410147331	-0.2353284754	-0.2313680676	1.9971724219	1.9977310394	1.9838392154	236.0000000000
6186750.00	6.186750E+06	0.1275980724	8.6017889856	1.184793E+10	2.744918E-07	9.917353E+05	4.566054E+05	591.5910457354	22.7241042770	12.7807563884	-0.0262263697	-0.0242624915	-0.0279511356	-0.2398129254	-0.2348054336	-0.2442465740	1.9820897804	1.9826681653	1.9814895467	237.0000000000
6241500.00	6.241500E+06	0.1279659263	8.5997406430	1.182381E+10	2.727109E-07	9.760751E+05	4.540110E+05	591.0491101030	22.7215266102	12.8434304530	-0.0252572320	-0.0230810880	-0.0256690255	-0.2398281903	-0.2337026325	-0.2417201847	1.9758618100	1.9764559752	1.9734433273	238.0000000000
6296250.00	6.296250E+06	0.1282809386	8.5980190393	1.178747E+10	2.707105E-07	9.632287E+05	4.512280E+05	590.3789208181	22.7243805011	12.9035131469	-0.0248422217	-0.0221837990	-0.0258423366	-0.2394874735	-0.2312242881	-0.2424031645	1.9730093043	1.9736167506	1.9717071165	239.0000000000
6351000.00	6.351000E+06	0.1285147806	8.5964128960	1.174581E+10	2.686527E-07	9.531836E+05	4.484154E+05	589.6792374634	22.7278569464	12.9608857328	-0.0241353991	-0.0199544417	-0.0252821401	-0.2369321688	-0.2227405783	-0.2400488767	1.9714661332	1.9720853135	1.9705754310	240.0000000000
6405750.00	6.405750E+06	0.1285733520	8.5948232435	1.169817E+10	2.665250E-07	9.481155E+05	4.455472E+05	588.9991839549	22.7288920781	13.0154343033	-0.0219925828	-0.0138760087	-0.0231890170	-0.2283990829	-0.2007226141	-0.2315374236	1.9705107504	1.9713925297	1.9698629967	241.0000000000
6460500.00	6.460500E+06	0.1282129505	8.5931837588	1.163477E+10	2.641078E-07	9.544774E+05	4.423527E+05	588.3776163765	22.7235405872	13.0670500941	-0.0159839621	0.0015090129	-0.0170349018	-0.2063641117	-0.1540633253	-0.2091548089	1.9701198502	1.9707587917	1.9693683559	242.0000000000
6515250.00	6.515250E+06	0.1268621534	8.5913911247	1.153004E+10	2.608265E-07	9.880684E+05	4.381286E+05	587.8853028666	22.7035634027	13.1156297741	-0.0014026018	0.0297062272	-0.0023041091	-0.1610676691	-0.0838300778	-0.1634733209	1.9707061848	1.9713512478	1.9697893049	243.0000000000
6570000.00	6.570000E+06	0.1234446969	8.5902271676	1.129095E+10	2.545929E-07	1.085948E+06	4.302467E+05	587.2599526671	22.6721018569	13.1610757100	0.0236813023	0.0538255082	0.0226049000	-0.0946304952	-0.0287348170	-0.0972339789	1.9807913963	1.9941419064	1.9801323009	244.0000000000
6624750.00	6.624750E+06	0.0646695660	8.5305159101	2.377977E+09	5.345874E-08	3.434920E+06	1.281932E+05	574.0636466043	22.7303056372	13.2032962084	0.1392565427	0.1405806974	0.1330369326	0.1524686430	0.1555214693	0.1400524509	2.1235101373	2.1240580004	2.0424559154	245.0000000000
6679500.00	6.679500E+06	0.0466399354	8.5898415828	2.933414E+09	6.576310E-08	8.696157E+06	1.425194E+05	576.8138645779	23.1340939430	13.2422057296	0.1303826785	0.1331612009	0.1370592735	0.1285827739	0.1325084519	0.1417501928	2.1235670703	2.1242505816	2.0418526562	246.0000000000
6734250.00	6.734250E+06	0.0442645294	8.5961095629	1.493351E+09	3.339439E-08	9.647911E+06	5.668364E+04	580.9969340522	22.9949061224	13.2777250795	0.0902411814	0.0957449846	0.0857075660	0.0430604997	0.0552058830	0.0347009226	2.9083459937	2.9088088269	2.9078751260	247.0000000000
6789000.00	6.789000E+06	0.0689596995	8.5051730043	1.777525E+10	3.965859E-07	1.818605E+06	1.013480E+06	585.1007422884	22.6430777016	13.3097815728	0.0888263139	0.0992028642	0.0849896620	0.0365305806	0.0600753119	0.0286860804	2.9689764831	2.9692216643	2.9687205426	248.0000000000
6843750.00	6.843750E+06	0.0638891380	8.5379526666	3.798054E+08	8.456719E-09	3.368626E+06	1.297094E+04	577.8582094176	22.8165269980	13.3383091734	0.1729686070	0.1815236381	0.1749874695	0.2309817376	0.2486991497	0.2360712501	2.0004820969	1.9997865149	2.0004330340	249.0000000000
6898500.00	6.898500E+06	0.0591876824	8.6203447629	1.046820E+09	2.326712E-08	3.616189E+06	4.011017E+04	574.7717764628	22.7061046944	13.3632486075	0.1517458488	0.1526033351	0.1454946555	0.1809007485	0.1828408479	0.1678851292	2.1460718891	2.1458393181	2.3107318670	250.0000000000
6953250.00	6.953250E+06	0.0862369878	8.5894811823	7.721035E+09	1.713519E-07	2.834059E+06	2.974307E+05	583.1980576656	22.9755596310	13.3845474531	0.0661827756	0.0658878033	0.0727824056	-0.0212683965	-0.0215046485	-0.0029536792	2.9189565059	2.9194853057	2.9184190499	251.0000000000
7008000.00	7.008000E+06	0.0440146545	8.5885568139	1.468933E+09	3.255907E-08	9.542749E+06	5.619528E+04	580.1211566458	22.8850080485	13.4021602033	0.0875914616	0.0902149208	0.0893796911	0.0277546166	0.0331818161	0.0336992034	1.9480819576	1.9487729045	1.9473825514	252.0000000000
7062750.00	7.062750E+06	0.0628985288	8.5330822342	4.935175E+08	1.092808E-08	3.475410E+06	1.736569E+04	583.7139052595	22.5612339579	13.4160483073	0.1175049920	0.1183964513	0.1104612406	0.0957619492	0.0993333425	0.0802228940	1.9431739737	1.9438737826	1.9424656068	253.0000000000
7117500.00	7.117500E+06	0.1192061131	8.5773384048	1.083638E+10	2.397799E-07	1.178183E+06	4.106085E+05	575.5692796870	22.6449833441	13.4261801854	0.0902607009	0.0880035676	0.0869189448	0.0341289626	0.0299379176	0.0233737317	2.0582262192	2.0582087905	2.0582342802	254.0000000000
7172250.00	7.172250E+06	0.0373843987	8.6251637130	2.738284E+09	6.056353E-08	1.222730E+07	1.254628E+05	581.2090420979	22.4893726810	13.4325312234	0.0892757787	0.0957748627	0.0904678304	0.0325177817	0.0474578002	0.0331331197	2.9190887673	2.9196268881	2.9185423568	255.0000000000
7227000.00	7.227000E+06	0.1265705048	8.5705493177	1.168078E+10	2.583007E-07	8.967323E+05	4.406296E+05	582.4312554410	22.2651135248	13.4350837421	0.1206644207	0.1122523966	0.1138754224	0.1075225499	0.0892103780	0.0912880335	2.9664863572	2.9668144393	2.9661464667	256.0000000000
7281750.00	7.281750E+06	0.0629024866	8.5237242117	4.870752E+08	1.077181E-08	3.433825E+06	1.726734E+04	581.9680941130	22.6538373735	13.4338269480	0.0980969962	0.1055104720	0.0980848368	0.0516919325	0.0669241893	0.0509359936	1.9446416616	1.9453661336	1.9439102475	257.0000000000
7336500.00	7.336500E+06	0.0462788252	8.5734957232	2.340498E+09	5.177944E-08	8.661810E+06	1.050979E+05	569.3771412317	22.5675951656	13.4287568610	0.0945106769	0.1005081753	0.1005170721	0.0454191377	0.0579298346	0.0580558048	2.9156229812	2.9162285206	2.9150260323	258.0000000000
7391250.00	7.391250E+06	0.1349717562	8.5771324828	1.248139E+10	2.763034E-07	5.975951E+05	4.818594E+05	575.5615799712	22.9012763737	13.4198762237	0.1519296670	0.1580972885	0.1492026808	0.1790651651	0.1903430228	0.1734194113	1.9669596601	1.9725300134	1.9661884314	259.0000000000
7446000.00	7.446000E+06	0.1477538424	8.5883771533	1.150894E+10	2.550056E-07	5.413213E+05	4.267843E+05	571.7289454233	22.6248221624	13.4071943920	0.1043931084	0.1083926213	0.0991011598	0.0657424889	0.0758875742	0.0571734108	2.5031723960	2.2803310565	2.5033499512	260.0000000000
7500750.00	7.500750E+06	0.0655362583	8.4809842610	1.710961E+10	3.795447E-07	2.222042E+06	9.762515E+05	568.2611221490	22.5523159167	13.3907272068	0.1268870137	0.1329099951	0.1226041178	0.1223564420	0.1362572640	0.1131607194	1.9792786864	1.9793725450	1.9789089054	261.0000000000
7555500.00	7.555500E+06	0.0382156779	8.6389159046	2.356143E+09	5.234182E-08	1.153174E+07	1.077270E+05	568.6828492106	22.6816126309	13.3704968509	0.1000433350	0.1032830408	0.0989804785	0.0521348437	0.0607648204	0.0522486770	1.9417828800	1.9425570856	1.9410034498	262.0000000000
7610250.00	7.610250E+06	0.0437579047	8.5832664874	1.932358E+09	4.300059E-08	9.504049E+06	8.517148E+04	574.4166612585	22.7921243365	13.3465316887	0.1209900848	0.1184993575	0.1176691984	0.1045044207	0.0990713319	0.0982553734	1.9621796420	1.9647641908	1.9613976649	263.0000000000
7665000.00	7.665000E+06	0.0631571486	8.5163443159	4.753480E+08	1.059870E-08	3.399650E+06	1.698446E+04	579.1178688042	22.6341177815	13.3188660925	0.1255892957	0.1312618943	0.1222466924	0.1145850779	0.1280999996	0.1082628741	1.9363035306	1.9370915593	1.9355106885	264.0000000000
7719750.00	7.719750E+06	0.0587041965	8.5520177712	5.524185E+08	1.234459E-08	4.196815E+06	2.031709E+04	576.0996071020	22.4631985791	13.2875402546	0.0710466618	0.0687702066	0.0710779175	-0.0061216085	-0.0168164214	-0.0074480871	1.9398213893	1.9405831847	1.9390557209	265.0000000000
7774500.00	7.774500E+06	0.0461498417	8.5767350479	3.505965E+09	7.854082E-08	8.533902E+06	1.751561E+05	569.2914935399	22.6381675686	13.2525999886	0.0993213891	0.0999169076	0.0997954152	0.0613916372	0.0616051728	0.0643541253	1.9389402585	1.9397032590	1.9381738086	266.0000000000
7829250.00	7.829250E+06	0.0670002930	8.4669587526	1.723124E+10	3.870740E-07	2.311646E+06	9.510764E+05	563.8686179560	22.4213378751	13.2140965187	0.0971401761	0.0960047833	0.0928204943	0.0541018804	0.0517010199	0.0470901321	1.9653211501	1.9656880408	1.9649453245	267.0000000000
7884000.00	7.884000E+06	0.0594205020	8.6094885160	1.094436E+09	2.465847E-08	3.508614E+06	4.314958E+04	570.7803587281	22.4631460300	13.1720862582	0.0836903193	0.0844658634	0.0784994887	0.0198671750	0.0189350948	0.0074650189	1.9376413228	1.9384458408	1.9368338051	268.0000000000
7938750.00	7.938750E+06	0.0385292251	8.6233352364	2.055021E+09	4.645121E-08	1.187448E+07	9.147869E+04	583.0703661124	22.0326691556	13.1266305821	0.0806901684	0.0778306351	0.0772347379	0.0216881217	0.0098073052	0.0120428709	1.9682357956	1.9685970601	1.9678671277	269.0000000000
7993500.00	7.993500E+06	0.1300325639	8.5658423390	1.167467E+10	2.648108E-07	8.724061E+05	4.360331E+05	576.2509524206	22.2383702988	13.0777955897	0.0504871147	0.0584422407	0.0514228949	-0.0465080570	-0.0326504816	-0.0450922874	1.9618398510	1.9624573507	1.9612157110	270.0000000000
8048250.00	8.048250E+06	0.0597027920	8.5493494095	5.305220E+08	1.207834E-08	4.140462E+06	1.958569E+04	568.9992937615	22.3121566803	13.0256518619	0.0580352347	0.0568241528	0.0513127973	-0.0417496737	-0.0444061989	-0.0583972332	2.9636240350	2.9641173613	2.9631211687	271.0000000000
8103000.00	8.103000E+06	0.0576355057	8.6360108498	8.838608E+08	2.020233E-08	3.747571E+06	3.535449E+04	578.8637763777	21.8581419654	12.9702742112	0.0086196923	0.0274370134	0.0070181438	-0.1365394933	-0.0950321970	-0.1354929039	2.5301527232	2.5309365618	2.3065022197	272.0000000000
8157750.00	8.157750E+06	0.0370792592	8.6373574734	2.567550E+09	5.893164E-08	1.277932E+07	1.229200E+05	577.1392764826	21.8906737684	12.9117414308	0.0261897154	0.0614870177	0.0276499078	-0.0989188534	-0.0239680727	-0.0956695540	1.9320458366	1.9328707922	1.9312202458	273.0000000000
8212500.00	8.212500E+06	0.0371438117	8.6385330508	2.573664E+09	5.933202E-08	1.281073E+07	1.234966E+05	576.8420679890	21.8694620950	12.8501360377	0.0259149069	0.0245269527	-0.0022321127	-0.0993840097	-0.1024634691	-0.1708336217	1.9312542369	1.9320821236	1.9304261656	274.0000000000
8267250.00	8.267250E+06	0.0368595185	8.6350079165	2.597218E+09	6.015157E-08	1.312856E+07	1.253430E+05	576.4486484047	21.8108103416	12.7855440135	-0.0023495658	-0.0038459202	-0.0167612452	-0.1718690689	-0.1751886439	-0.2180045250	1.9302982105	1.9311343412	1.9294622631	275.0000000000
8322000.00	8.322000E+06	0.0367899331	8.6342773470	2.611244E+09	6.076839E-08	1.328235E+07	1.264902E+05	576.1207756379	21.8045580016	12.7180545454	-0.0177166250	-0.0192539743	-0.0160796484	-0.2204073312	-0.2238563211	-0.2167232111	1.9294290110	1.9302695629	1.9285890645	276.0000000000
8376750.00	8.376750E+06	0.0367850401	8.6349489920	2.619918E+09	6.127704E-08	1.338513E+07	1.273581E+05	575.8573566163	21.7872026702	12.6477597656	-0.0241911560	-0.0191140202	-0.0225177013	-0.2447134449	-0.2237230787	-0.2409172252	1.9285978652	1.9294411325	1.9277556489	277.0000000000
8431500.00	8.431500E+06	0.0368230777	8.6365381977	2.625304E+09	6.172405E-08	1.345561E+07	1.280515E+05	575.6355047542	21.7627433363	12.5747544913	-0.0243003206	-0.0259106748	-0.0251276545	-0.2450804780	-0.2487249298	-0.2514630480	1.9277902570	1.9286350186	1.9269470205	278.0000000000
8486250.00	8.486250E+06	0.0368549129	8.6378783479	2.632325E+09	6.222449E-08	1.353849E+07	1.288285E+05	575.4028195020	21.7408131728	12.4991359668	-0.0268152592	-0.0284429497	-0.0260273791	-0.2554229367	-0.2591281189	-0.2554464634	1.9269696957	1.9278157920	1.9261256102	279.0000000000
8541000.00	8.541000E+06	0.0369036445	8.6394765307	2.638826E+09	6.272761E-08	1.361273E+07	1.295702E+05	575.1803685011	21.7172812521	12.4210036049	-0.0278129716	-0.0294585339	-0.0260673863	-0.2596116844	-0.2633670239	-0.2556294429	1.9261534979	1.9270002736	1.9253092494	280.0000000000
8595750.00	8.595750E+06	0.0369597797	8.6412057855	2.645151E+09	6.324130E-08	1.368601E+07	1.303064E+05	574.9661986743	21.6930423140	12.3404587353	-0.0282406010	-0.0296122895	-0.0265074412	-0.2613739800	-0.2637896460	-0.2574061046	1.9253387588	1.9261856794	1.9244949274	281.0000000000
8650500.00	8.650500E+06	0.0370307168	8.6430078745	2.651855E+09	6.377869E-08	1.375331E+07	1.310377E+05	574.7479042549	21.6689606108	12.2576043532	-0.0284764634	-0.0301665414	-0.0266845269	-0.2622183468	-0.2657588314	-0.2581389828	1.9245238558	1.9253703556	1.9236810806	282.0000000000
8705250.00	8.705250E+06	0.0371205489	8.6448581890	2.659189E+09	6.434581E-08	1.381166E+07	1.317618E+05	574.5191094752	21.6454467115	12.1725448721	-0.0286629675	-0.0302855308	-0.0267789651	-0.2627190431	-0.2663375668	-0.2584705436	1.9237085682	1.9245540348	1.9228676131	283.0000000000
8760000.00	8.760000E+06	0.0371989925	8.6467716117	2.665873E+09	6.491161E-08	1.388267E+07	1.325015E+05	574.3082987246	21.6218551580	12.0853858839	-0.0287789905	-0.0307905154	-0.0270107903	-0.2630202839	-0.2674687800	-0.2590279815	1.9228961935	1.9237401043	1.9220580342	284.0000000000
8814750.00	8.814750E+06	0.0373341888	8.6486834931	2.674798E+09	6.554647E-08	1.391723E+07	1.332023E+05	574.0482719986	21.5995076744	11.9962339202	-0.0289951428	-0.0317279756	-0.0272871206	-0.2633903989	-0.2691637415	-0.2594872564	1.9220815610	1.9229228865	1.9212478567	285.0000000000
8869500.00	8.869500E+06	0.0375615716	8.6505623443	2.687314E+09	6.628455E-08	1.389000E+07	1.338273E+05	573.6979687533	21.5819816123	11.9051962232	-0.0294016346	-0.0310365409	-0.0266328883	-0.2636913852	-0.2674230789	-0.2578366469	1.9212635797	1.9221001633	1.9204329228	286.0000000000
8924250.00	8.924250E+06	0.0380184790	8.6522802193	2.713379E+09	6.737469E-08	1.370600E+07	1.345058E+05	573.4336333735	21.5660445660	11.8123805202	-0.0297679013	-0.0329992766	-0.0268948132	-0.2638156224	-0.2704958678	-0.2577820792	1.9204853961	1.9213178760	1.9196562997	287.0000000000
8979000.00	8.979000E+06	0.0381320405	8.6543186020	2.716465E+09	6.791040E-08	1.376854E+07	1.349900E+05	572.9013231166	21.5521019810	11.7178948055	-0.0304027960	-0.0391096580	-0.0259453783	-0.2642713832	-0.2811247614	-0.2553349157	1.9196306193	1.9204598540	1.9188047839	288.0000000000
9033750.00	9.033750E+06	0.0392057221	8.6555139060	2.773200E+09	6.980868E-08	1.319204E+07	1.355691E+05	572.5563923171	21.5486619839	11.6218471284	-0.0311957229	-0.0368082327	-0.0249484508	-0.2642398394	-0.2753225803	-0.2519964962	1.9188997865	1.9197271527	1.9180758936	289.0000000000
9088500.00	9.088500E+06	0.0393458984	8.6575966783	2.770613E+09	7.023391E-08	1.324416E+07	1.356861E+05	571.5411051436	21.5473126628	11.5243453905	-0.0323571097	-0.0371802191	-0.0257442298	-0.2649984080	-0.2746689702	-0.2520854470	1.9178859922	1.9187077054	1.9170679827	290.0000000000
9143250.00	9.143250E+06	0.0394762895	8.6596718493	2.777792E+09	7.091810E-08	1.330370E+07	1.363682E+05	571.3004278155	21.5286588749	11.4254971474	-0.0327721219	-0.0504308790	-0.0313017358	-0.2653549319	-0.2992612532	-0.2619927936	1.9171781725	1.9179976851	1.9163627533	291.0000000000
9198000.00	9.198000E+06	0.0386802443	8.6626765529	2.713053E+09	6.976568E-08	1.399279E+07	1.358733E+05	569.3019678587	21.5565943485	11.3254094193	-0.0360798105	-0.0469262299	-0.0280469969	-0.2680431653	-0.2897665335	-0.2524167743	1.9159829438	1.9167920760	1.9151781211	292.0000000000
9252750.00	9.252750E+06	0.0397927202	8.6639297260	2.772123E+09	7.180573E-08	1.340046E+07	1.365135E+05	569.0424807740	21.5436914241	11.2241885116	-0.0362378018	-0.0614502486	-0.0349188890	-0.2678595013	-0.3174001540	-0.2648479522	1.9152839704	1.9160901489	1.9144824782	293.0000000000
9307500.00	9.307500E+06	0.0390082730	8.6672649969	2.707968E+09	7.066204E-08	1.408609E+07	1.360334E+05	565.9796212262	21.6240465479	11.1219398395	-0.0422475016	-0.0677109577	-0.0410557002	-0.2753044327	-0.3303813403	-0.2725732416	1.9137726026	1.9145619476	1.9129879908	294.0000000000
9362250.00	9.362250E+06	0.0790700672	8.5262772329	1.870447E+10	4.917157E-07	1.417331E+06	1.071394E+06	563.6359409006	22.0711166366	11.0187677628	-0.0694657392	-0.0705751867	-0.0486161445	-0.3363389567	-0.3389374557	-0.2951599669	2.8903126588	2.8910035533	2.8896248887	295.0000000000
9417000.00	9.417000E+06	0.0794043648	8.5305874611	1.874251E+10	4.964196E-07	1.419855E+06	1.075947E+06	563.3424625475	22.0551572634	10.9147754300	-0.0696090619	-0.0988695759	-0.0685730266	-0.3367203895	-0.3989612775	-0.3343037927	2.8896041204	2.8902923608	2.8889193620	296.0000000000
9471750.00	9.471750E+06	0.1471690800	8.6020309205	1.253032E+10	3.343943E-07	8.131113E+05	4.703505E+05	567.6124724763	21.9487127710	10.8100646267	0.0475698027	0.0385237309	0.0477702324	-0.0713111856	-0.0974556575	-0.0722176339	2.9504197829	2.9510672876	2.9497717752	297.0000000000
9526500.00	9.526500E+06	0.0497792240	8.6590944437	3.188518E+09	8.573947E-08	9.415145E+06	1.386596E+05	567.0690317198	21.6089215504	10.7047356364	-0.0427086066	-0.0436026109	-0.0200527707	-0.2728584303	-0.2748821801	-0.2288172745	1.9120863734	1.9128715948	1.9113075040	298.0000000000
9581250.00	9.581250E+06	0.0500144407	8.6612716265	3.195218E+09	8.657726E-08	9.442751E+06	1.391170E+05	566.7378419533	21.5963864715	10.5988871061	-0.0428683503	-0.0766961198	-0.0420844006	-0.2733182878	-0.3436376252	-0.2715625948	1.9113566748	1.9121365210	1.9105834695	299.0000000000
9636000.00	9.636000E+06	0.0655587133	8.6334727675	6.387708E+09	1.744106E-07	5.883902E+06	2.852423E+05	560.7692219981	21.9620157544	10.4926159226	0.0593351710	0.0506741022	0.0698355955	-0.0477633971	-0.0703254003	-0.0245542508	2.8890980861	2.8897957475	2.8884054872	300.0000000000
9690750.00	9.690750E+06	0.0550381691	8.6199756965	1.982675E+09	5.455230E-08	8.568661E+06	8.711153E+04	543.6076205462	22.3496846862	10.3860170944	0.1062458180	0.1016167682	0.1063545717	0.0520641299	0.0400541926	0.0524084934	1.9108704909	1.9116362459	1.9101119810	301.0000000000
9745500.00	9.745500E+06	0.1532361316	8.6147123352	1.255964E+10	3.482403E-07	7.983970E+05	4.699240E+05	558.1270021204	22.1719003940	10.2791836424	0.0983821185	0.0999852193	0.1045674292	0.0369878840	0.0420321846	0.0542593908	2.8887658630	2.8894046355	2.8881320538	302.0000000000
9800250.00	9.800250E+06	0.1758856031	8.6347536150	1.106996E+10	3.093075E-07	6.895713E+05	3.919381E+05	555.1879197431	21.8405617867	10.1722064993	0.0766188327	0.0740295046	0.0807330559	-0.0103063778	-0.0159570059	0.0027226770	2.8847218262	2.8853768466	2.8840722654	303.0000000000
9855000.00	9.855000E+06	0.0510933691	8.6427626535	2.020282E+09	5.688507E-08	9.993804E+06	9.386810E+04	549.1039491571	21.9683876379	10.0651744144	0.0776038963	0.0724500965	0.0808718620	-0.0067495975	-0.0211360371	0.0008091645	1.9057009108	1.9064479446	1.9049618373	304.0000000000
9909750.00	9.909750E+06	0.0760290087	8.5726054472	2.528871E+09	7.175478E-08	3.437296E+06	1.387934E+05	547.7485816447	22.5056870790	9.9581738674	0.0685986301	0.0643902584	0.0709679925	-0.0285537202	-0.0396077609	-0.0241648230	2.8859194189	2.8865794013	2.8852656121	305.0000000000
9964500.00	9.964500E+06	0.0408633310	8.6899173663	2.677328E+09	7.655191E-08	1.493863E+07	1.373981E+05	560.1383626501	22.3304961404	9.8512889908	0.0736116106	0.0706380106	0.0735801231	-0.0214314709	-0.0312711988	-0.0216367383	1.9176289149	1.9183048433	1.9169597618	306.0000000000
10019250.00	1.001925E+07	0.0885395363	8.5485109857	2.130268E+10	6.137730E-07	1.180038E+06	1.186080E+06	549.4829037418	22.3295827695	9.7446014937	0.1044503080	0.1039615341	0.1119308779	0.0524696669	0.0504975032	0.0722334835	2.8829106286	2.8835343005	2.8822940262	307.0000000000
10074000.00	1.007400E+07	0.1228434602	8.5964612235	1.699749E+10	4.934723E-07	8.540720E+05	7.565713E+05	559.9327169398	21.8465672682	9.6381906013	0.0936536404	0.0938571819	0.0991254339	0.0217848519	0.0223490606	0.0374296502	1.9599920796	1.9603381727	1.9596631692	308.0000000000
10128750.00	1.012875E+07	0.0669970204	8.7162752043	7.223778E+08	2.113142E-08	4.067890E+06	3.022631E+04	551.0217089052	21.7766951789	9.5321329914	0.0198730033	0.0154131026	0.0234607283	-0.1382226178	-0.1498390180	-0.1288753734	2.9423499791	2.9429735286	2.9417300998	309.0000000000
10183500.00	1.018350E+07	0.0902874740	8.5578352174	2.128594E+10	6.273668E-07	1.198871E+06	1.183573E+06	547.8166541243	22.3353146159	9.4265027458	0.1101911110	0.1108614209	0.1166944172	0.0696055728	0.0711367916	0.0856901311	2.8806139464	2.8812128695	2.8800232868	310.0000000000
10238250.00	1.023825E+07	0.0876342193	8.5764448466	1.592361E+10	4.728345E-07	1.584815E+06	9.122240E+05	556.7998559669	22.0196563683	9.3213713027	-0.0735895326	-0.0731169255	-0.0504699421	-0.3429148935	-0.3416708592	-0.2985723650	2.8804465943	2.8810617794	2.8798383026	311.0000000000
10293000.00	1.029300E+07	0.1620662814	8.6404425619	1.261638E+10	3.774085E-07	8.276588E+05	4.746990E+05	560.1646200116	21.9544349111	9.2168074156	0.0218976858	0.0202292303	0.0421914336	-0.1255609143	-0.1282792791	-0.0854056397	2.0742854616	2.0751551044	1.9958106241	312.0000000000
10347750.00	1.034775E+07	0.0887032239	8.5824203828	1.598745E+10	4.817616E-07	1.577494E+06	9.178915E+05	558.6351889966	21.9165851126	9.1128771208	-0.0670951566	-0.0962700171	-0.0517067797	-0.3370709812	-0.3936517571	-0.3088036446	2.8799726147	2.8805824113	2.8793698516	313.0000000000
10402500.00	1.040250E+07	0.0889438249	8.5874810667	1.112081E+10	3.375426E-07	1.868481E+06	6.372633E+05	560.4333182198	21.9234342983	9.0096437081	-0.0653332333	-0.0846644015	-0.0662108986	-0.3349615306	-0.3753681490	-0.3371805679	2.8801802146	2.8807899140	2.8795775927	314.0000000000
10457250.00	1.045725E+07	0.0896672022	8.5892756454	1.112852E+10	3.401945E-07	1.862902E+06	6.366736E+05	560.0652346977	21.9257347094	8.9071676976	-0.0650600814	-0.0657350567	-0.0535324720	-0.3356368800	-0.3362127782	-0.3135865054	2.8797397542	2.8803437486	2.8791428293	315.0000000000
10512000.00	1.051200E+07	0.0904639551	8.5907323009	1.605190E+10	4.941610E-07	1.569689E+06	9.223438E+05	559.2806310012	21.8633637470	8.8055068200	-0.0631183940	-0.0789335004	-0.0642051021	-0.3369563910	-0.3668114261	-0.3396703771	2.8788662457	2.8794624667	2.8782770465	316.0000000000
10566750.00	1.056675E+07	0.0914970663	8.5910023518	1.921453E+10	5.956264E-07	1.375160E+06	1.101724E+06	557.9138917077	21.8586772123	8.7047160060	-0.0638647343	-0.0627408895	-0.0579939635	-0.3406216697	-0.3378232475	-0.3306264891	2.8781566634	2.8787445331	2.8775757400	317.0000000000
10621500.00	1.062150E+07	0.0920941255	8.5936993662	1.923522E+10	6.003287E-07	1.372848E+06	1.103050E+06	558.1157509355	21.8434504135	8.6048473745	-0.0625068198	-0.0632914412	-0.0606059030	-0.3410249178	-0.3416649407	-0.3383885968	2.8777421944	2.8783254196	2.8771658587	318.0000000000
10676250.00	1.067625E+07	0.0930624429	8.5945387698	2.136624E+10	6.712880E-07	1.239960E+06	1.222770E+06	557.3454559833	21.8393823217	8.5059502322	-0.0627934589	-0.0622278233	-0.0622317189	-0.3438811608	-0.3419516738	-0.3437729157	2.8773229991	2.8779000592	2.8767527260	319.0000000000
10731000.00	1.073100E+07	0.0939391451	8.5959471498	2.136206E+10	6.755366E-07	1.233811E+06	1.218959E+06	556.9014703749	21.8454314078	8.4080710689	-0.0624964567	-0.0609760318	-0.0629943006	-0.3447472776	-0.3409144709	-0.3466408513	2.8769278773	2.8774995513	2.8763628468	320.0000000000
10785750.00	1.078575E+07	0.0949115751	8.5970607560	2.167141E+10	6.896823E-07	1.208258E+06	1.232217E+06	556.2480797282	21.8557409975	8.3112535678	-0.0623730341	-0.0611676995	-0.0640418273	-0.3453346524	-0.3421320044	-0.3494176901	2.8765444925	2.8771106234	2.8759848488	321.0000000000
10840500.00	1.084050E+07	0.0959918875	8.5979490185	2.167411E+10	6.940413E-07	1.199308E+06	1.226253E+06	555.3721976270	21.8759885845	8.2155386072	-0.0623930496	-0.0597177744	-0.0641343007	-0.3449995889	-0.3366271132	-0.3492822377	2.8761755792	2.8767360406	2.8756213902	322.0000000000
10895250.00	1.089525E+07	0.0968848506	8.5993613868	2.161942E+10	6.964519E-07	1.208831E+06	1.217881E+06	554.4678820985	21.8962828341	8.1209642767	-0.0593548160	-0.0575202856	-0.0612838201	-0.3314665339	-0.3270003824	-0.3361439465	2.8758293357	2.8763843192	2.8752804013	323.0000000000
10950000.00	1.095000E+07	0.0936349174	8.6093564515	2.049045E+10	6.639216E-07	1.585171E+06	1.169221E+06	553.4569567075	21.8918237457	8.0275658924	-0.0082000157	-0.0060807869	-0.0093571768	-0.1821933786	-0.1772605394	-0.1854137442	2.8756622900	2.8762104587	2.8751199085	324.0000000000
11004750.00	1.100475E+07	0.0477715011	8.7209495846	2.461120E+09	8.019101E-08	1.387310E+07	1.211112E+05	537.6203524480	22.3113876586	7.9353760126	0.1406845169	0.1391052927	0.1381260760	0.1330217569	0.1278703874	0.1273473258	2.8733912638	2.8739402921	2.8728540827	325.0000000000
11059500.00	1.105950E+07	0.0591232243	8.6877010284	2.193706E+09	7.186258E-08	9.872193E+06	1.007772E+05	540.2356571786	22.5355981527	7.8444244631	0.1454996072	0.1345087949	0.1428715640	0.1526379214	0.1278856837	0.1470159180	1.9042684323	1.9048628724	1.9036792980	326.0000000000
11114250.00	1.111425E+07	0.0591391363	8.6905983161	2.255823E+09	7.427770E-08	9.952929E+06	1.045649E+05	540.7147730881	21.9268271193	7.7547383598	0.1364405572	0.1391871576	0.1413057254	0.1254528218	0.1316076451	0.1394947792	2.9303514055	2.9309094695	2.9297966334	327.0000000000
11169000.00	1.116900E+07	0.1881297134	8.6837789855	1.132322E+10	3.746658E-07	8.955315E+05	4.089388E+05	537.9119714849	21.9805226519	7.6663421376	0.1513914070	0.1534692710	0.1548652584	0.1629778695	0.1678229819	0.1690246631	2.9301229194	2.9306783344	2.9295705537	328.0000000000
11223750.00	1.122375E+07	0.0806176812	8.7216882794	9.722303E+08	3.231837E-08	3.690352E+06	3.983172E+04	542.0474431308	22.1435072532	7.5792575801	0.1499991206	0.1476639399	0.1502464027	0.1586402906	0.1536609565	0.1582828029	2.0631284706	2.2184935068	2.0623675367	329.0000000000
11278500.00	1.127850E+07	0.0940534954	8.6242544387	1.990097E+10	6.644154E-07	1.937937E+06	1.137146E+06	539.0501718193	21.8166301821	7.4935038558	0.1527563131	0.1551574425	0.1495115505	0.1576594632	0.1632301506	0.1505086720	2.9293271038	2.9298772999	2.9287794168	330.0000000000
11333250.00	1.133325E+07	0.2221546296	8.6990266640	1.188609E+10	3.984391E-07	4.781930E+05	4.308464E+05	537.4197597441	22.2408298526	7.4090975490	0.1574512043	0.1606750196	0.1540455917	0.1691601365	0.1762988336	0.1616635640	1.9295944979	1.9299013069	1.9292894608	331.0000000000
11388000.00	1.138800E+07	0.0633701213	8.6932514088	3.278704E+09	1.103186E-07	9.141833E+06	1.594454E+05	545.3454575224	22.3514519564	7.3260527016	0.1282268961	0.1300291301	0.1252913868	0.1036090323	0.1070945445	0.0971599930	2.8403716545	2.8597549191	2.8398061653	332.0000000000
11442750.00	1.144275E+07	0.0659742114	8.6934161664	2.061193E+09	6.959027E-08	8.814382E+06	8.851846E+04	531.0528876445	22.5305242774	7.2443808521	0.1581228445	0.1616448370	0.1590607788	0.1743288823	0.1819756145	0.1805066618	1.8932706285	1.8938287680	1.8927163311	333.0000000000
11497500.00	1.149750E+07	0.0540912553	8.7340320119	2.127416E+09	7.204746E-08	1.201463E+07	9.816788E+04	546.1975748125	21.9941094087	7.1640910787	0.0433740361	0.0318767535	0.0397532413	-0.0892617746	-0.1125825135	-0.0974956320	2.8741708389	2.8746763878	2.8736676831	334.0000000000
11552250.00	1.155225E+07	0.0554639478	8.7371592242	2.318253E+09	7.872453E-08	1.140182E+07	1.078207E+05	541.8169519842	21.7931347155	7.0851900431	0.1019744297	0.1037494577	0.1030220750	0.0436913496	0.0484146684	0.0441278356	1.8950416270	1.8955863810	1.8944998741	335.0000000000
11607000.00	1.160700E+07	0.0549080112	8.7383097100	2.314023E+09	7.876629E-08	1.174940E+07	1.084157E+05	542.2964467366	21.7729217162	7.0076820382	0.1042642902	0.1081547958	0.1002521537	0.0436294209	0.0522658485	0.0347325482	1.8947079306	1.8952538648	1.8941646452	336.0000000000
11661750.00	1.166175E+07	0.0553035346	8.7385805905	2.292491E+09	7.818759E-08	1.171280E+07	1.069906E+05	540.9950668602	21.8170783813	6.9315690347	0.1043884820	0.1084125426	0.1002180408	0.0430996233	0.0520336748	0.0338581761	1.8944362618	1.8949807968	1.8938939590	337.0000000000
11716500.00	1.171650E+07	0.0558562008	8.7386170668	2.271306E+09	7.758744E-08	1.161454E+07	1.053888E+05	539.5549392711	21.8682491492	6.8568507353	0.1043631285	0.1085624437	0.1000291488	0.0425625479	0.0518729676	0.0329633006	1.8941847223	1.8947280989	1.8936431529	338.0000000000
11771250.00	1.177125E+07	0.0564339382	8.7385704578	2.249346E+09	7.692724E-08	1.150880E+07	1.037315E+05	538.0795850046	21.9218175076	6.7835246212	0.1043077125	0.1086697539	0.0998032683	0.0419759981	0.0516424606	0.0320039984	1.8939488477	1.8944914892	1.8934075842	339.0000000000
11826000.00	1.182600E+07	0.0570368796	8.7384372957	2.226559E+09	7.620496E-08	1.139610E+07	1.020193E+05	536.5698449870	21.9778325416	6.7115860126	0.1042225124	0.1087536299	0.0995410812	0.0413369327	0.0513733714	0.0309777704	1.8937292601	1.8942715958	1.8931878722	340.0000000000
11880750.00	1.188075E+07	0.0576675063	8.7382108278	2.202906E+09	7.541915E-08	1.127616E+07	1.002510E+05	535.0248952342	22.0364288328	6.6410281176	0.1041060506	0.1088131966	0.0992402819	0.0406432516	0.0510649622	0.0298807963	1.8935267746	1.8940692306	1.8929848340	341.0000000000
11935500.00	1.193550E+07	0.0583287673	8.7378830260	2.178341E+09	7.456847E-08	1.114859E+07	9.842496E+04	533.4437819435	22.0977580942	6.5718420943	0.1039569212	0.1088475063	0.0988989371	0.0398934399	0.0507167246	0.0287103535	1.8933423412	1.8938853443	1.8927994237	342.0000000000
11990250.00	1.199025E+07	0.0590239922	8.7374446607	2.152818E+09	7.365170E-08	1.101300E+07	9.653960E+04	531.8254449374	22.1619898587	6.5040171075	0.1037736756	0.1088554007	0.0985153338	0.0390858621	0.0503275527	0.0274643258	1.8931770340	1.8937210011	1.8926327258	343.0000000000
12045000.00	1.204500E+07	0.0597569588	8.7368849033	2.126285E+09	7.266774E-08	1.086898E+07	9.459335E+04	530.1688237456	22.2293119708	6.4375403870	0.1035546869	0.1088356488	0.0980876036	0.0382184270	0.0498962122	0.0261402414	1.8930320725	1.8935774087	1.8924859741	344.0000000000
12099750.00	1.209975E+07	0.0605327336	8.7361918762	2.098638E+09	7.161394E-08	1.071580E+07	9.258208E+04	528.4734775226	22.2998817158	6.3723972929	0.1032974697	0.1087861586	0.0976145646	0.0372905959	0.0494230053	0.0247453451	1.8929096583	1.8934567482	1.8923613948	345.0000000000
12154500.00	1.215450E+07	0.0614762948	8.7354510498	2.062496E+09	7.024005E-08	1.050814E+07	9.013514E+04	526.8459892029	22.3663799784	6.3085713753	0.1028604501	0.1085672683	0.0971969592	0.0365107087	0.0491161974	0.0247531702	1.8929324556	1.8934810012	1.8923823409	346.0000000000
12209250.00	1.220925E+07	0.0748198639	8.7101524303	2.870272E+09	9.750698E-08	7.905755E+06	1.246382E+05	531.5312241587	22.2757685264	6.2460444405	0.0494842744	0.0531204588	0.0434842884	-0.0816860389	-0.0736191752	-0.0949437940	1.8919743254	1.8925304878	1.8914161938	347.0000000000
12264000.00	1.226400E+07	0.0973854526	8.6656955063	1.445809E+10	4.897022E-07	3.541811E+06	7.497031E+05	530.4574952875	22.3943169714	6.1847966155	0.0724518898	0.0738440075	0.0678214427	-0.0232811106	-0.0209742579	-0.0309316704	1.9106663259	1.9110826122	1.9102466563	348.0000000000
12318750.00	1.231875E+07	0.1008894147	8.6991716506	7.074632E+08	2.387917E-08	2.915484E+06	2.642400E+04	534.2967457304	22.3274016306	6.1248064149	0.0571030629	0.0560191400	0.0505056948	-0.0498326944	-0.0570004370	-0.0643177445	2.8935280691	2.8940768622	2.8929751055	349.0000000000
12373500.00	1.237350E+07	0.2440485097	8.7303116314	9.414795E+09	3.165229E-07	7.898368E+05	3.191293E+05	521.5336686469	22.6479193626	6.0660508099	0.0248660259	0.0304423923	0.0199833983	-0.1356673068	-0.1229076121	-0.1471906066	1.9098800629	1.9103045656	1.9094514608	350.0000000000
12428250.00	1.242825E+07	0.0966700468	8.7200308158	8.486162E+08	2.840330E-08	3.259057E+06	3.269869E+04	527.5351944606	22.0847812152	6.0085052972	0.0251268027	0.0319016634	0.0181193370	-0.1373333832	-0.1222532649	-0.1527904631	1.8907310501	1.8913079189	1.8901507140	351.0000000000
12483000.00	1.248300E+07	0.0833155827	8.7132062924	3.155404E+09	1.050896E-07	6.859769E+06	1.324319E+05	524.5762782541	22.3898361633	5.9521439676	0.0216646674	0.0287902209	0.0198789924	-0.1302974933	-0.1146149040	-0.1322296763	1.9011703868	1.9017156730	1.9006201803	352.0000000000
12537750.00	1.253775E+07	0.1103780908	8.6735137441	2.021618E+10	6.696308E-07	1.476111E+06	1.147837E+06	528.2795296620	22.0850932383	5.8969395797	-0.0128134261	-0.0073910071	-0.0181555657	-0.2159313520	-0.2032245893	-0.2285622140	1.8980731496	1.8986194360	1.8975217244	353.0000000000
12592500.00	1.259250E+07	0.2510639519	8.7319289068	1.050062E+10	3.457549E-07	6.382042E+05	3.629425E+05	524.1169739440	22.2140321425	5.8428636336	-0.0345761665	-0.0270948308	-0.0423648854	-0.2736930562	-0.2568875091	-0.2911656841	2.9185109497	2.9190993412	2.9179162499	354.0000000000
12647250.00	1.264725E+07	0.0668074993	8.7315762560	2.133743E+09	6.980696E-08	9.771722E+06	8.885822E+04	524.8362598148	22.5141397549	5.7898864401	-0.0112043006	-0.0032987651	-0.0193968745	-0.2165068785	-0.1989556273	-0.2346843315	1.9091173912	1.9095654294	1.9086637168	355.0000000000
12702000.00	1.270200E+07	0.1032882423	8.7070580952	8.266382E+08	2.685734E-08	2.997055E+06	3.096602E+04	527.6327975924	22.3762793064	5.7379771992	-0.0181740145	-0.0099658621	-0.0266769184	-0.2307277309	-0.2125115594	-0.2495866189	1.9089010104	1.9095389625	1.9082572945	356.0000000000
12756750.00	1.275675E+07	0.1358517679	8.6787292895	1.622286E+10	5.231852E-07	1.666929E+06	7.441181E+05	519.6052772741	22.5395934742	5.6871040748	-0.0134668240	-0.0049363800	-0.0223007937	-0.2228301664	-0.2039092305	-0.2424120986	1.8909036412	1.8915101608	1.8902914602	357.0000000000
12811500.00	1.281150E+07	0.0640987194	8.7407702327	2.734346E+09	8.748893E-08	1.073001E+07	1.185917E+05	522.1416433942	22.3587347462	5.6372342693	-0.0381274939	-0.0293605551	-0.0472004495	-0.2820063875	-0.2623840586	-0.3022973261	2.8540090375	2.8546298410	2.8533790895	358.0000000000
12866250.00	1.286625E+07	0.1254118423	8.6728543461	1.997461E+10	6.337866E-07	1.286430E+06	1.030199E+06	521.4776864047	22.5772989770	5.5883341031	-0.0229893821	-0.0136734992	-0.0321955861	-0.2110630491	-0.1908465181	-0.2294636019	1.9137706935	1.9144802920	1.9130851136	359.0000000000
12921000.00	1.292100E+07	0.0653142375	8.7434854795	3.036442E+09	9.549711E-08	1.042349E+07	1.325944E+05	527.7268824728	22.0932214323	5.5403690916	-0.0546409792	-0.0513108029	-0.0640703449	-0.2852910478	-0.2765320464	-0.3059324084	1.9181631073	1.9188640050	1.9157926344	360.0000000000
12975750.00	1.297575E+07	0.1144429245	8.6805147230	2.081413E+10	6.485474E-07	1.471278E+06	1.168347E+06	526.5486491267	21.9549068367	5.4933040247	-0.0766884449	-0.0723006620	-0.0863392746	-0.3320901039	-0.3249318397	-0.3512181815	2.8703449062	2.8709394924	2.8697423963	361.0000000000
13030500.00	1.303050E+07	0.1400326171	8.6883465110	1.859995E+10	5.739224E-07	1.163857E+06	8.930599E+05	579.7641781386	21.8928995852	5.4471030440	-0.1475630678	-0.1561077742	-0.1432068940	-0.4832245169	-0.5051594107	-0.4752885371	2.8678095893	2.8684135493	2.8671975695	362.0000000000
13085250.00	1.308525E+07	0.1132270010	8.6865719044	2.026864E+10	6.190500E-07	1.612209E+06	1.147853E+06	613.4670512871	21.4883937522	5.4017297260	-0.2499359298	-0.2442151359	-0.2602540108	-0.7452358392	-0.7304732900	-0.7688251506	2.8690989263	2.8697117568	2.8684780554	363.0000000000
13140000.00	1.314000E+07	0.1151144197	8.6846981319	2.052147E+10	6.201161E-07	1.555937E+06	1.149181E+06	611.4823510779	21.5427743682	5.3571471611	-0.2532674022	-0.2430098943	-0.2639462980	-0.7545248540	-0.7310550941	-0.7789047632	2.8687434000	2.8693653165	2.8681134794	364.0000000000
13194750.00	1.319475E+07	0.1177929511	8.6828132408	2.041721E+10	6.101405E-07	1.504988E+06	1.123612E+06	607.8628083156	21.6307734040	5.3133180337	-0.2557127832	-0.2449935404	-0.2667458478	-0.7614318087	-0.7369715405	-0.7865980326	2.8684311510	2.8690620594	2.8677927373	365.0000000000
13249500.00	1.324950E+07	0.1206953514	8.6821775481	2.028138E+10	5.991099E-07	1.453655E+06	1.096271E+06	604.0402387206	21.7246066289	5.2702047059	-0.2581386558	-0.2470666006	-0.2695226626	-0.7682938167	-0.7430493482	-0.7942388625	2.8681397150	2.8687790238	2.8674918846	366.0000000000
13304250.00	1.330425E+07	0.1238270298	8.6825718526	2.011869E+10	5.872083E-07	1.401863E+06	1.067724E+06	600.0398872215	21.8238836311	5.2277692979	-0.2605600823	-0.2491388119	-0.2722903998	-0.7751512026	-0.7491309225	-0.8018642053	2.8678661792	2.8685152355	2.8672086297	367.0000000000
13359000.00	1.335900E+07	0.1272139305	8.6837825797	1.992710E+10	5.744190E-07	1.349684E+06	1.037971E+06	595.8555317821	21.9289999635	5.1859737698	-0.2629679909	-0.2512023432	-0.2750383029	-0.7819774647	-0.7551925617	-0.8094438708	2.8676064197	2.8682652766	2.8669391486	368.0000000000
13413750.00	1.341375E+07	0.1307523046	8.6856424425	1.968622E+10	5.602065E-07	1.305210E+06	1.006255E+06	591.5364683952	22.0393647437	5.1447800071	-0.2630830065	-0.2509210510	-0.2755460776	-0.7705614858	-0.7430924458	-0.7986983922	2.8274938805	2.8283017803	2.8266799253	369.0000000000
13468500.00	1.346850E+07	0.1153565692	8.6861166388	1.785950E+10	5.014934E-07	2.282514E+06	9.452018E+05	580.8973526900	22.1000966081	5.1041498980	-0.1057523313	-0.0919878699	-0.1198417865	-0.3273944526	-0.2989991572	-0.3564441028	2.7680839886	2.7690322001	2.7671353179	370.0000000000
13523250.00	1.352325E+07	0.0927480187	8.7085953038	1.197892E+10	3.317664E-07	4.970665E+06	6.479641E+05	616.7076673916	21.7847693050	5.0640454202	6.141661E-10	0.0152014163	-0.0155426498	1.178729E-09	0.0291850652	-0.0298197228	1.9192352982	1.9198911907	1.9185739318	371.0000000000
13578000.00	1.357800E+07	0.0949864230	8.7063328572	1.190310E+10	3.250133E-07	4.825737E+06	6.298931E+05	611.1902266537	21.6545375152	5.0244287212	2.165919E-10	0.0155971057	-0.0159264062	4.150790E-10	0.0299006762	-0.0305110173	1.9164104083	1.9170656831	1.9157502868	372.0000000000
13632750.00	1.363275E+07	0.0975575141	8.7053226745	1.177906E+10	3.169451E-07	4.667811E+06	6.087746E+05	605.0764426427	21.7778634834	4.9852622024	-9.652040E-11	0.0159738519	-0.0162870577	-1.847328E-10	0.0305832260	-0.0311614483	1.9139250194	1.9145805387	1.9132644267	373.0000000000
13687500.00	1.368750E+07	0.1003816154	8.7052650451	1.163043E+10	3.082519E-07	4.504067E+06	5.869143E+05	598.6824264405	21.9090857933	4.9465085985	-8.104360E-10	0.0163298436	-0.0166260445	-1.549193E-09	0.0312261262	-0.0317705962	1.9115551010	1.9122122072	1.9108932489	374.0000000000
13742250.00	1.374225E+07	0.1034920335	8.7058143766	1.145584E+10	2.989340E-07	4.334731E+06	5.643476E+05	592.0124116695	22.0487384250	4.9081310624	-6.078195E-11	0.0166638617	-0.0169409584	-1.160515E-10	0.0318274584	-0.0323342871	1.9093094900	1.9099689433	1.9086456818	375.0000000000
13797000.00	1.379700E+07	0.1069274341	8.7067411454	1.125408E+10	2.889984E-07	4.160102E+06	5.411176E+05	585.0758304883	22.1974091042	4.8700932449	-4.771749E-10	0.0169735144	-0.0172293955	-9.100664E-10	0.0323830795	-0.0328483694	1.9071969507	1.9078594296	1.9065305746	376.0000000000
13851750.00	1.385175E+07	0.1107328158	8.7078971567	1.102415E+10	2.784601E-07	3.980555E+06	5.172783E+05	577.8899071192	22.3557440999	4.8323593762	-1.790932E-10	0.0172564128	-0.0174889535	-3.412129E-10	0.0328888576	-0.0333086982	1.9052258428	1.9058919185	1.9045563947	377.0000000000
13906500.00	1.390650E+07	0.1149607154	8.7091886221	1.076533E+10	2.673432E-07	3.796553E+06	4.928939E+05	570.4783719459	22.5235816241	4.7948943456	-8.606710E-10	0.0175101975	-0.0177172718	-1.638205E-09	0.0333407148	-0.0337112043	1.9034040318	1.9040741725	1.9027311133	378.0000000000
13961250.00	1.396125E+07	0.1196727139	8.7105563477	1.047724E+10	2.556817E-07	3.608642E+06	4.680402E+05	562.8732998517	22.7034616058	4.7576637812	-1.098302E-10	0.0177325941	-0.0179120725	-2.088683E-10	0.0337347236	-0.0340519628	1.9017387931	1.9024133421	1.9010621344	379.0000000000
14016000.00	1.401600E+07	0.1249412117	8.7119618732	1.015988E+10	2.435199E-07	3.417464E+06	4.428045E+05	555.1169157188	22.8953646866	4.7206341301	-1.881111E-10	0.0179214183	-0.0180711855	-3.574557E-10	0.0340671061	-0.0343272299	1.9002365861	1.9009157433	1.8995560581	380.0000000000
14070750.00	1.407075E+07	0.1308515240	8.7133778325	9.813694E+09	2.309132E-07	3.223755E+06	4.172864E+05	547.2616039320	23.1002283710	4.6837727365	-7.354374E-10	0.0180746591	-0.0181926041	-1.396524E-09	0.0343343803	-0.0345335369	1.8989028112	1.8995866054	1.8982184550	381.0000000000
14125500.00	1.412550E+07	0.1375044254	8.7147820963	9.439642E+09	2.179283E-07	3.028352E+06	3.915973E+05	539.3692232697	23.3190618193	4.6470479159	2.083047E-10	0.0181904983	-0.0182745194	3.953084E-10	0.0345333833	-0.0346677421	1.8977414975	1.8984297570	1.8970535552	382.0000000000
14180250.00	1.418025E+07	0.1450191937	8.7161544350	9.039238E+09	2.046432E-07	2.832184E+06	3.658603E+05	531.5089254857	23.5529334123	4.6104290340	-1.884801E-10	0.0182673408	-0.0183153603	-3.575005E-10	0.0346613164	-0.0347270937	1.8967549734	1.8974472926	1.8960639171	383.0000000000
14235000.00	1.423500E+07	0.1535373995	8.7174759102	8.614566E+09	1.911462E-07	2.636267E+06	3.402088E+05	523.7538994711	23.8029580955	4.5738865806	-4.650302E-10	0.0183037859	-0.0183137478	-8.816709E-10	0.0347156788	-0.0347091319	1.8959435293	1.8966392573	1.8952500771	384.0000000000
14289750.00	1.428975E+07	0.1632279241	8.7187311432	8.168259E+09	1.775341E-07	2.441679E+06	3.147831E+05	516.1768105196	24.0702869235	4.5373922436	-1.639565E-10	0.0182985996	-0.0182684938	-3.107476E-10	0.0346942090	-0.0346116783	1.8953052722	1.8960035000	1.8946103973	385.0000000000
14344500.00	1.434450E+07	0.1742936409	8.7199136175	7.703412E+09	1.639086E-07	2.249531E+06	2.897268E+05	508.8454251014	24.3561052369	4.5009189793	-4.993988E-10	0.0182506208	-0.0181784918	-9.462789E-10	0.0345947039	-0.0344326278	1.8948361470	1.8955357298	1.8941410625	386.0000000000
14399250.00	1.439925E+07	0.1869807678	8.7210338955	7.223470E+09	1.503733E-07	2.060919E+06	2.651803E+05	501.8180545764	24.6616459255	4.4644410845	-2.376920E-09	0.0181587037	-0.0180426725	-4.503147E-09	0.0344149165	-0.0341698688	1.8945302116	1.8952298040	1.8938363323	387.0000000000
14454000.00	1.445400E+07	0.2015917175	8.7221308863	6.732066E+09	1.370290E-07	1.876886E+06	2.412759E+05	495.1399620397	24.9882195417	4.4279342664	-7.840193E-10	0.0180216611	-0.0178599196	-1.485231E-09	0.0341524564	-0.0338211328	1.8943800653	1.8950781617	1.8936889694	388.0000000000
14508750.00	1.450875E+07	0.2185028187	8.7232843736	6.232887E+09	1.239707E-07	1.698381E+06	2.181332E+05	488.8419310143	25.3372500205	4.3913757079	-3.406995E-09	0.0178382074	-0.0176290546	-6.454135E-09	0.0338046929	-0.0333839769	1.8943773257	1.8950723053	1.8936907072	389.0000000000
14563500.00	1.456350E+07	0.2381886828	8.7246268374	5.729560E+09	1.112850E-07	1.526235E+06	1.958552E+05	482.9399925071	25.7095196031	4.3547441340	-6.316034E-09	0.0176070317	-0.0173488671	-1.196581E-08	0.0333689028	-0.0328558513	1.8945130373	1.8952032020	1.8938326703	390.0000000000
14618250.00	1.461825E+07	0.2612567401	8.7263527764	5.225566E+09	9.904841E-08	1.361148E+06	1.745276E+05	477.4370628143	26.1084197364	4.3180198756	-2.426118E-08	0.0173268406	-0.0170181816	-4.596955E-08	0.0328423605	-0.0322342345	1.8947779706	1.8954615673	1.8941056842	391.0000000000
14673000.00	1.467300E+07	0.2884958836	8.7287198830	4.724201E+09	8.732700E-08	1.203683E+06	1.542181E+05	472.3257274649	26.5352156079	4.2811849320	-7.853570E-08	0.0169963292	-0.0166358552	-1.488379E-07	0.0322222873	-0.0315166354	1.8951628017	1.8958380371	1.8945004628	392.0000000000
14727750.00	1.472775E+07	0.3209475046	8.7320390817	4.228562E+09	7.617636E-08	1.054274E+06	1.349776E+05	467.5915999001	26.9923081589	4.2442230275	-2.464334E-07	0.0166142179	-0.0162008639	-4.671536E-07	0.0315059266	-0.0307007609	1.8956581425	1.8963231913	1.8950076469	393.0000000000
14782500.00	1.478250E+07	0.3600109997	8.7366473628	3.741551E+09	6.564208E-08	9.132372E+05	1.168415E+05	463.2162787609	27.4825325441	4.2071196710	-7.467480E-07	0.0161791616	-0.0157124205	-1.416024E-06	0.0306903736	-0.0297847440	1.8962545626	1.8969075716	1.8956178305	394.0000000000
14837250.00	1.483725E+07	0.4076061291	8.7428621309	3.265895E+09	5.576056E-08	7.807830E+05	9.983214E+04	459.1795589888	28.0084378342	4.1698622106	-2.242141E-06	0.0156894832	-0.0151702930	-4.253212E-06	0.0297720728	-0.0287677507	1.8969425143	1.8975816019	1.8963214888	395.0000000000
14892000.00	1.489200E+07	0.4664293838	8.7509189024	2.804167E+09	4.655965E-08	6.570333E+05	8.396053E+04	455.4614347417	28.5759496400	4.1324398851	-6.548619E-06	0.0151424344	-0.0145754861	-1.242739E-05	0.0287454149	-0.0276512786	1.8977122231	1.8983354826	1.8971088674	396.0000000000
14946750.00	1.494675E+07	0.5403741808	8.7608982720	2.358824E+09	3.805968E-08	5.420379E+05	6.922872E+04	452.0432368904	28.8376268107	4.0948438746	-1.869368E-05	0.0145322007	-0.0139323782	-3.549091E-05	0.0275989434	-0.0264432173	1.8985534879	1.8991589878	1.8979697834	397.0000000000
15001500.00	1.500150E+07	0.6352417126	8.7726504535	1.932272E+09	3.027485E-08	4.357994E+05	5.563326E+04	448.9087052795	29.4952251197	4.0570673477	-5.177885E-05	0.0138449966	-0.0132535186	-9.835138E-05	0.0263060166	-0.0251669731	1.8994551057	1.9000408897	1.8988930509	398.0000000000
15056250.00	1.505625E+07	0.7599653745	8.7857280242	1.527066E+09	2.321634E-08	3.383258E+05	4.317184E+04	446.0452078436	30.2154633140	4.0191055057	-0.0001379813	0.0130481546	-0.0125707544	-0.0002622187	0.0248040149	-0.0238826370	1.9004034636	1.9009675577	1.8998650688	399.0000000000
15111000.00	1.511100E+07	0.9286203741	8.7993388042	1.146529E+09	1.690130E-08	2.497709E+05	3.186158E+04	443.4474171818	31.0085799069	3.9809556232	-0.0003498693	0.0120687098	-0.0119564054	-0.0006652261	0.0229534914	-0.0227273058	1.9013787184	1.9019191195	1.9008660137	400.0000000000
15165750.00	1.516575E+07	1.1629192152	8.8123362108	7.963673E+08	1.137430E-08	1.707770E+05	2.178254E+04	441.1263667570	31.8835781771	3.9426170886	-0.0008336127	0.0107603698	-0.0115566657	-0.0015857854	0.0204751055	-0.0219787569	1.9023463195	1.9028609830	1.9018613686	401.0000000000
15220500.00	1.522050E+07	1.4907776629	8.8233135727	4.879117E+08	6.746937E-09	1.031298E+05	1.315963E+04	439.1267667947	32.8372278523	3.9040914385	-0.0018465123	0.0088658977	-0.0116290486	-0.0035142436	0.0168777655	-0.0221269254	1.9032423810	1.9037291757	1.9027873262	402.0000000000
15275250.00	1.527525E+07	1.9207669859	8.8310049326	2.415532E+08	3.231564E-09	5.040690E+04	6441.9876225410	437.5436032072	33.3252597799	3.8653823889	-0.0037880127	0.0059861580	-0.0125734387	-0.0072119416	0.0113997246	-0.0239330991	1.9039584139	1.9044150541	1.9035355420	403.0000000000
15330000.00	1.533000E+07	2.3593127509	8.8350695092	8.274398E+07	1.070174E-09	1.708165E+04	2190.5794226959	436.4946949573	34.0965933039	3.8264958664	-0.0071883045	0.0015915200	-0.0149206873	-0.0136886455	0.0030314058	-0.0284075930	1.9043494835	1.9047734643	1.9039612922	404.0000000000
15384750.00	1.538475E+07	2.6106689801	8.8364983121	1.585586E+07	1.981137E-10	3245.2954938122	418.4550004360	436.2718773051	33.8929595998	3.7874400319	-0.0122991323	-0.0045693259	-0.0189231142	-0.0234214669	-0.0087032277	-0.0360289998	1.9043403216	1.9047290291	1.9039894047	405.0000000000
15439500.00	1.543950E+07	2.6716324205	8.8367814310	1.475413E+06	1.779672E-11	299.9368533681	38.9105382987	436.3448275667	33.2934711952	3.7482253027	-0.0182235055	-0.0116001666	-0.0236832226	-0.0346989667	-0.0220916883	-0.0450873190	1.9040810604	1.9044321024	1.9037697787	406.0000000000
15494250.00	1.549425E+07	2.6776995631	8.8368088057	6.897704E+04	0.000000E+00	13.9464686853	1.8190033564	436.8151574760	32.5163151936	3.7088643729	-0.0235968061	-0.0181371606	-0.0278359929	-0.0449231173	-0.0345348018	-0.0529860896	1.9037798213	1.9040911172	1.9035102100	407.0000000000
15549000.00	1.554900E+07	2.6779874022	8.8368101176	1859.3023732383	0.000000E+00	0.3743752440	0.0490351396	437.3311858360	30.6404203415	3.6693722232	-0.0278309435	-0.0235917632	-0.0307940894	-0.0529764995	-0.0449135349	-0.0586099182	1.9035107367	1.9037803489	1.9032846759	408.0000000000
15603750.00	1.560375E+07	2.6779951731	8.8368101534	34.0566109948	0.000000E+00	0.0068379788	0.0008982898	437.8935804139	28.3354607416	3.6297661375	-0.0307939336	-0.0278307830	-0.0324270153	-0.0586096223	-0.0529761946	-0.0617119818	1.9032846916	1.9035107522	1.9031039790	409.0000000000
15658500.00	1.565850E+07	2.6779953151	8.8368101540	0.5038057395	0.000000E+00	0.0001010077	1.329124E-05	438.5086806186	25.6368688267	3.5900657046	-0.0324270148	-0.0307939321	-0.0326777969	-0.0617119810	-0.0586096196	-0.0621848779	1.9031039788	1.9032846915	1.9029703286	410.0000000000
15713250.00	1.571325E+07	2.6779953172	8.8368101540	0.0071821900	0.000000E+00	1.439998E-06	1.895465E-07	439.4197619289	22.5895279591	3.5502928253	-0.0326777879	-0.0324270051	-0.0314961260	-0.0621848607	-0.0617119625	-0.0599335170	1.9029703286	1.9031039791	1.9028853598	411.0000000000
15768000.00	1.576800E+07	2.6779953172	8.8368101540	0.0001073621	0.000000E+00	2.161480E-08	2.842297E-09	440.1761272514	19.1789326133	3.5104717058	-0.0314961455	-0.0326778075	-0.0288342585	-0.0599335542	-0.0621848980	-0.0548672856	1.9028853601	1.9029703289	1.9028505848	412.0000000000
